Component: ARM Compiler 5.06 update 7 (build 960) Tool: armlink [4d3601]

==============================================================================

Section Cross References

    main.o(i.HAL_TIM_PeriodElapsedCallback) refers to stm32f1xx_hal.o(i.HAL_IncTick) for HAL_IncTick
    main.o(i.StartDefaultTask) refers to cmsis_os.o(i.osDelay) for osDelay
    main.o(i.SystemClock_Config) refers to rt_memclr_w.o(.text) for __aeabi_memclr4
    main.o(i.SystemClock_Config) refers to stm32f1xx_hal_rcc.o(i.HAL_RCC_OscConfig) for HAL_RCC_OscConfig
    main.o(i.SystemClock_Config) refers to stm32f1xx_hal_rcc.o(i.HAL_RCC_ClockConfig) for HAL_RCC_ClockConfig
    main.o(i.SystemClock_Config) refers to stm32f1xx_hal_rcc_ex.o(i.HAL_RCCEx_PeriphCLKConfig) for HAL_RCCEx_PeriphCLKConfig
    main.o(i.fputc) refers to stm32f1xx_hal_uart.o(i.HAL_UART_Transmit) for HAL_UART_Transmit
    main.o(i.fputc) refers to usart.o(.bss) for huart1
    main.o(i.main) refers to stm32f1xx_hal.o(i.HAL_Init) for HAL_Init
    main.o(i.main) refers to main.o(i.SystemClock_Config) for SystemClock_Config
    main.o(i.main) refers to gpio.o(i.GPIO_Init) for GPIO_Init
    main.o(i.main) refers to adc.o(i.ADC1_Init) for ADC1_Init
    main.o(i.main) refers to spi.o(i.SPI1_Init) for SPI1_Init
    main.o(i.main) refers to usart.o(i.USART1_UART_Init) for USART1_UART_Init
    main.o(i.main) refers to usart.o(i.USART2_UART_Init) for USART2_UART_Init
    main.o(i.main) refers to tim.o(i.TIM1_Init) for TIM1_Init
    main.o(i.main) refers to print_queue.o(i.init_print_queue) for init_print_queue
    main.o(i.main) refers to stm32f1xx_hal_uart.o(i.HAL_UART_Receive_IT) for HAL_UART_Receive_IT
    main.o(i.main) refers to rt_memcpy_w.o(.text) for __aeabi_memcpy4
    main.o(i.main) refers to cmsis_os.o(i.osThreadCreate) for osThreadCreate
    main.o(i.main) refers to my_task.o(i.start_tasks) for start_tasks
    main.o(i.main) refers to cmsis_os.o(i.osKernelStart) for osKernelStart
    main.o(i.main) refers to usart.o(.data) for ble_data
    main.o(i.main) refers to usart.o(.bss) for huart2
    main.o(i.main) refers to main.o(.constdata) for .constdata
    main.o(i.main) refers to main.o(.data) for .data
    main.o(.constdata) refers to main.o(.conststring) for .conststring
    main.o(.constdata) refers to main.o(i.StartDefaultTask) for StartDefaultTask
    freertos.o(i.vApplicationGetIdleTaskMemory) refers to freertos.o(.bss) for .bss
    freertos.o(i.vApplicationGetTimerTaskMemory) refers to freertos.o(.bss) for .bss
    stm32f1xx_it.o(i.EXTI9_5_IRQHandler) refers to stm32f1xx_hal_gpio.o(i.HAL_GPIO_EXTI_IRQHandler) for HAL_GPIO_EXTI_IRQHandler
    stm32f1xx_it.o(i.TIM4_IRQHandler) refers to stm32f1xx_hal_tim.o(i.HAL_TIM_IRQHandler) for HAL_TIM_IRQHandler
    stm32f1xx_it.o(i.TIM4_IRQHandler) refers to stm32f1xx_hal_timebase_tim.o(.bss) for htim4
    stm32f1xx_it.o(i.USART2_IRQHandler) refers to stm32f1xx_hal_uart.o(i.HAL_UART_IRQHandler) for HAL_UART_IRQHandler
    stm32f1xx_it.o(i.USART2_IRQHandler) refers to usart.o(.bss) for huart2
    stm32f1xx_hal_msp.o(i.HAL_ADC_MspDeInit) refers to stm32f1xx_hal_gpio.o(i.HAL_GPIO_DeInit) for HAL_GPIO_DeInit
    stm32f1xx_hal_msp.o(i.HAL_ADC_MspInit) refers to stm32f1xx_hal_gpio.o(i.HAL_GPIO_Init) for HAL_GPIO_Init
    stm32f1xx_hal_msp.o(i.HAL_MspInit) refers to stm32f1xx_hal_cortex.o(i.HAL_NVIC_SetPriority) for HAL_NVIC_SetPriority
    stm32f1xx_hal_msp.o(i.HAL_SPI_MspDeInit) refers to stm32f1xx_hal_gpio.o(i.HAL_GPIO_DeInit) for HAL_GPIO_DeInit
    stm32f1xx_hal_msp.o(i.HAL_SPI_MspInit) refers to stm32f1xx_hal_gpio.o(i.HAL_GPIO_Init) for HAL_GPIO_Init
    stm32f1xx_hal_msp.o(i.HAL_UART_MspDeInit) refers to stm32f1xx_hal_gpio.o(i.HAL_GPIO_DeInit) for HAL_GPIO_DeInit
    stm32f1xx_hal_msp.o(i.HAL_UART_MspDeInit) refers to stm32f1xx_hal_cortex.o(i.HAL_NVIC_DisableIRQ) for HAL_NVIC_DisableIRQ
    stm32f1xx_hal_msp.o(i.HAL_UART_MspInit) refers to stm32f1xx_hal_gpio.o(i.HAL_GPIO_Init) for HAL_GPIO_Init
    stm32f1xx_hal_msp.o(i.HAL_UART_MspInit) refers to stm32f1xx_hal_cortex.o(i.HAL_NVIC_SetPriority) for HAL_NVIC_SetPriority
    stm32f1xx_hal_msp.o(i.HAL_UART_MspInit) refers to stm32f1xx_hal_cortex.o(i.HAL_NVIC_EnableIRQ) for HAL_NVIC_EnableIRQ
    stm32f1xx_hal_timebase_tim.o(i.HAL_InitTick) refers to stm32f1xx_hal_rcc.o(i.HAL_RCC_GetClockConfig) for HAL_RCC_GetClockConfig
    stm32f1xx_hal_timebase_tim.o(i.HAL_InitTick) refers to stm32f1xx_hal_rcc.o(i.HAL_RCC_GetPCLK1Freq) for HAL_RCC_GetPCLK1Freq
    stm32f1xx_hal_timebase_tim.o(i.HAL_InitTick) refers to stm32f1xx_hal_tim.o(i.HAL_TIM_Base_Init) for HAL_TIM_Base_Init
    stm32f1xx_hal_timebase_tim.o(i.HAL_InitTick) refers to stm32f1xx_hal_tim.o(i.HAL_TIM_Base_Start_IT) for HAL_TIM_Base_Start_IT
    stm32f1xx_hal_timebase_tim.o(i.HAL_InitTick) refers to stm32f1xx_hal_cortex.o(i.HAL_NVIC_EnableIRQ) for HAL_NVIC_EnableIRQ
    stm32f1xx_hal_timebase_tim.o(i.HAL_InitTick) refers to stm32f1xx_hal_cortex.o(i.HAL_NVIC_SetPriority) for HAL_NVIC_SetPriority
[...]
    SPI1_IRQHandler                          0x08000267   Thumb Code     0  startup_stm32f103xb.o(.text)
    SPI2_IRQHandler                          0x08000267   Thumb Code     0  startup_stm32f103xb.o(.text)
    TAMPER_IRQHandler                        0x08000267   Thumb Code     0  startup_stm32f103xb.o(.text)
    TIM1_BRK_IRQHandler                      0x08000267   Thumb Code     0  startup_stm32f103xb.o(.text)
    TIM1_CC_IRQHandler                       0x08000267   Thumb Code     0  startup_stm32f103xb.o(.text)
    TIM1_TRG_COM_IRQHandler                  0x08000267   Thumb Code     0  startup_stm32f103xb.o(.text)
    TIM1_UP_IRQHandler                       0x08000267   Thumb Code     0  startup_stm32f103xb.o(.text)
    TIM2_IRQHandler                          0x08000267   Thumb Code     0  startup_stm32f103xb.o(.text)
    TIM3_IRQHandler                          0x08000267   Thumb Code     0  startup_stm32f103xb.o(.text)
    USART1_IRQHandler                        0x08000267   Thumb Code     0  startup_stm32f103xb.o(.text)
    USART3_IRQHandler                        0x08000267   Thumb Code     0  startup_stm32f103xb.o(.text)
    USBWakeUp_IRQHandler                     0x08000267   Thumb Code     0  startup_stm32f103xb.o(.text)
    USB_HP_CAN1_TX_IRQHandler                0x08000267   Thumb Code     0  startup_stm32f103xb.o(.text)
    USB_LP_CAN1_RX0_IRQHandler               0x08000267   Thumb Code     0  startup_stm32f103xb.o(.text)
    WWDG_IRQHandler                          0x08000267   Thumb Code     0  startup_stm32f103xb.o(.text)
    __user_initial_stackheap                 0x08000269   Thumb Code     0  startup_stm32f103xb.o(.text)
    __2printf                                0x0800028d   Thumb Code    20  noretval__2printf.o(.text)
    __printf                                 0x080002a5   Thumb Code   104  __printf.o(.text)
    _printf_str                              0x0800030d   Thumb Code    82  _printf_str.o(.text)
    _printf_int_dec                          0x08000361   Thumb Code   104  _printf_dec.o(.text)
    _printf_int_hex                          0x080003d9   Thumb Code    84  _printf_hex_int.o(.text)
    _printf_longlong_hex                     0x080003d9   Thumb Code     0  _printf_hex_int.o(.text)
    strstr                                   0x08000431   Thumb Code    36  strstr.o(.text)
    strlen                                   0x08000455   Thumb Code    62  strlen.o(.text)
    __aeabi_memcpy                           0x08000493   Thumb Code     0  rt_memcpy_v6.o(.text)
    __rt_memcpy                              0x08000493   Thumb Code   138  rt_memcpy_v6.o(.text)
    _memcpy_lastbytes                        0x080004f9   Thumb Code     0  rt_memcpy_v6.o(.text)
    __aeabi_memcpy4                          0x0800051d   Thumb Code     0  rt_memcpy_w.o(.text)
    __aeabi_memcpy8                          0x0800051d   Thumb Code     0  rt_memcpy_w.o(.text)
    __rt_memcpy_w                            0x0800051d   Thumb Code   100  rt_memcpy_w.o(.text)
    _memcpy_lastbytes_aligned                0x08000565   Thumb Code     0  rt_memcpy_w.o(.text)
    __aeabi_memclr                           0x08000581   Thumb Code     0  rt_memclr.o(.text)
    __rt_memclr                              0x08000581   Thumb Code    68  rt_memclr.o(.text)
    _memset                                  0x08000585   Thumb Code     0  rt_memclr.o(.text)
    __aeabi_memclr4                          0x080005c5   Thumb Code     0  rt_memclr_w.o(.text)
    __aeabi_memclr8                          0x080005c5   Thumb Code     0  rt_memclr_w.o(.text)
    __rt_memclr_w                            0x080005c5   Thumb Code    78  rt_memclr_w.o(.text)
    _memset_w                                0x080005c9   Thumb Code     0  rt_memclr_w.o(.text)
    __use_two_region_memory                  0x08000613   Thumb Code     2  heapauxi.o(.text)
    __rt_heap_escrow                         0x08000615   Thumb Code     2  heapauxi.o(.text)
    __rt_heap_expand                         0x08000617   Thumb Code     2  heapauxi.o(.text)
    __read_errno                             0x08000619   Thumb Code    10  _rserrno.o(.text)
    __set_errno                              0x08000623   Thumb Code    12  _rserrno.o(.text)
    _printf_int_common                       0x0800062f   Thumb Code   178  _printf_intcommon.o(.text)
    _printf_cs_common                        0x080006e1   Thumb Code    20  _printf_char.o(.text)
    _printf_char                             0x080006f5   Thumb Code    16  _printf_char.o(.text)
    _printf_string                           0x08000705   Thumb Code     8  _printf_char.o(.text)
    _printf_char_file                        0x0800070d   Thumb Code    32  _printf_char_file.o(.text)
    __aeabi_errno_addr                       0x08000731   Thumb Code     8  rt_errno_addr_intlibspace.o(.text)
    __errno$intlibspace                      0x08000731   Thumb Code     0  rt_errno_addr_intlibspace.o(.text)
    __rt_errno_addr$intlibspace              0x08000731   Thumb Code     0  rt_errno_addr_intlibspace.o(.text)
    _printf_char_common                      0x08000743   Thumb Code    32  _printf_char_common.o(.text)
    ferror                                   0x08000769   Thumb Code     8  ferror.o(.text)
    _initio                                  0x08000771   Thumb Code   210  initio.o(.text)
    _terminateio                             0x08000843   Thumb Code    56  initio.o(.text)
    _sys_open                                0x080008a9   Thumb Code    20  sys_io.o(.text)
    _sys_close                               0x080008bd   Thumb Code    12  sys_io.o(.text)
    _sys_write                               0x080008c9   Thumb Code    16  sys_io.o(.text)
    _sys_read                                0x080008d9   Thumb Code    14  sys_io.o(.text)
    _sys_istty                               0x080008e7   Thumb Code    12  sys_io.o(.text)
    _sys_seek                                0x080008f3   Thumb Code    14  sys_io.o(.text)
    _sys_ensure                              0x08000901   Thumb Code     2  sys_io.o(.text)
    _sys_flen                                0x08000903   Thumb Code    12  sys_io.o(.text)
    __user_libspace                          0x08000911   Thumb Code     8  libspace.o(.text)
    __user_perproc_libspace                  0x08000911   Thumb Code     0  libspace.o(.text)
    __user_perthread_libspace                0x08000911   Thumb Code     0  libspace.o(.text)
    __user_setup_stackheap                   0x08000919   Thumb Code    74  sys_stackheap_outer.o(.text)
    free                                     0x08000963   Thumb Code    78  h1_free.o(.text)
    setvbuf                                  0x080009b1   Thumb Code    70  setvbuf.o(.text)
    freopen                                  0x080009f9   Thumb Code   158  fopen.o(.text)
    fopen                                    0x08000a97   Thumb Code    74  fopen.o(.text)
    _fclose_internal                         0x08000ae5   Thumb Code    76  fclose.o(.text)
    fclose                                   0x08000ae5   Thumb Code     0  fclose.o(.text)
    exit                                     0x08000b31   Thumb Code    18  exit.o(.text)
    __rt_SIGRTRED                            0x08000b43   Thumb Code    14  defsig_rtred_outer.o(.text)
    __I$use$semihosting                      0x08000b51   Thumb Code     0  use_no_semi.o(.text)
    __use_no_semihosting_swi                 0x08000b51   Thumb Code     2  use_no_semi.o(.text)
    __semihosting_library_function           0x08000b53   Thumb Code     0  indicate_semi.o(.text)
    __rt_heap_descriptor                     0x08000b55   Thumb Code     8  rt_heap_descriptor_intlibspace.o(.text)
    __use_no_heap                            0x08000b5d   Thumb Code     2  hguard.o(.text)
    __heap$guard                             0x08000b5f   Thumb Code     2  hguard.o(.text)
    _terminate_user_alloc                    0x08000b61   Thumb Code     2  init_alloc.o(.text)
    _init_user_alloc                         0x08000b63   Thumb Code     2  init_alloc.o(.text)
    __Heap_Full                              0x08000b65   Thumb Code    34  init_alloc.o(.text)
    __Heap_Broken                            0x08000b87   Thumb Code     6  init_alloc.o(.text)
    _init_alloc                              0x08000b8d   Thumb Code    94  init_alloc.o(.text)
    malloc                                   0x08000beb   Thumb Code    94  h1_alloc.o(.text)
    _fseek                                   0x08000c49   Thumb Code   242  fseek.o(.text)
    fseek                                    0x08000c49   Thumb Code     0  fseek.o(.text)
    _seterr                                  0x08000d41   Thumb Code    20  stdio.o(.text)
    _writebuf                                0x08000d55   Thumb Code    84  stdio.o(.text)
    _fflush                                  0x08000da9   Thumb Code    70  stdio.o(.text)
    _deferredlazyseek                        0x08000def   Thumb Code    60  stdio.o(.text)
    __sig_exit                               0x08000e31   Thumb Code    10  defsig_exit.o(.text)
    __rt_SIGRTRED_inner                      0x08000e3d   Thumb Code    14  defsig_rtred_inner.o(.text)
    _sys_exit                                0x08000e71   Thumb Code     8  sys_exit.o(.text)
    __Heap_Initialize                        0x08000e7d   Thumb Code    10  h1_init.o(.text)
    __Heap_DescSize                          0x08000e87   Thumb Code     4  h1_init.o(.text)
    __Heap_ProvideMemory                     0x08000e8b   Thumb Code    52  h1_extend.o(.text)
    _ftell_internal                          0x08000ebf   Thumb Code    66  ftell.o(.text)
    ftell                                    0x08000ebf   Thumb Code     0  ftell.o(.text)
    __default_signal_display                 0x08000f01   Thumb Code    50  defsig_general.o(.text)
    __rt_SIGRTMEM                            0x08000f33   Thumb Code    14  defsig_rtmem_outer.o(.text)
    _ttywrch                                 0x08000f41   Thumb Code    14  sys_wrch.o(.text)
    __rt_SIGRTMEM_inner                      0x08000f51   Thumb Code    22  defsig_rtmem_inner.o(.text)
    ADC1_Init                                0x08000fa1   Thumb Code    94  adc.o(i.ADC1_Init)
    ADC_ConversionStop_Disable               0x08001009   Thumb Code    86  stm32f1xx_hal_adc.o(i.ADC_ConversionStop_Disable)
    ADC_Enable                               0x08001061   Thumb Code   114  stm32f1xx_hal_adc.o(i.ADC_Enable)
    BusFault_Handler                         0x080010dd   Thumb Code     2  stm32f1xx_it.o(i.BusFault_Handler)
    DebugMon_Handler                         0x080010df   Thumb Code     2  stm32f1xx_it.o(i.DebugMon_Handler)
    EXTI9_5_IRQHandler                       0x080010e1   Thumb Code     8  stm32f1xx_it.o(i.EXTI9_5_IRQHandler)
    Error_Handler                            0x080010e9   Thumb Code     4  main.o(i.Error_Handler)
    GPIO_Init                                0x080010ed   Thumb Code   222  gpio.o(i.GPIO_Init)
    HAL_ADC_ConfigChannel                    0x080011dd   Thumb Code   240  stm32f1xx_hal_adc.o(i.HAL_ADC_ConfigChannel)
    HAL_ADC_GetValue                         0x080012d9   Thumb Code     6  stm32f1xx_hal_adc.o(i.HAL_ADC_GetValue)
    HAL_ADC_Init                             0x080012e1   Thumb Code   272  stm32f1xx_hal_adc.o(i.HAL_ADC_Init)
    HAL_ADC_MspInit                          0x080013fd   Thumb Code    74  stm32f1xx_hal_msp.o(i.HAL_ADC_MspInit)
    HAL_ADC_PollForConversion                0x08001455   Thumb Code   304  stm32f1xx_hal_adc.o(i.HAL_ADC_PollForConversion)
    HAL_ADC_Start                            0x08001591   Thumb Code   184  stm32f1xx_hal_adc.o(i.HAL_ADC_Start)
    HAL_ADC_Stop                             0x08001651   Thumb Code    52  stm32f1xx_hal_adc.o(i.HAL_ADC_Stop)
    HAL_DMA_Abort                            0x08001685   Thumb Code    70  stm32f1xx_hal_dma.o(i.HAL_DMA_Abort)
    HAL_DMA_Abort_IT                         0x080016cd   Thumb Code   148  stm32f1xx_hal_dma.o(i.HAL_DMA_Abort_IT)
    HAL_GPIO_EXTI_Callback                   0x08001765   Thumb Code    12  sensors.o(i.HAL_GPIO_EXTI_Callback)
    HAL_GPIO_EXTI_IRQHandler                 0x08001771   Thumb Code    18  stm32f1xx_hal_gpio.o(i.HAL_GPIO_EXTI_IRQHandler)
    HAL_GPIO_Init                            0x08001789   Thumb Code   446  stm32f1xx_hal_gpio.o(i.HAL_GPIO_Init)
    HAL_GPIO_ReadPin                         0x08001969   Thumb Code    10  stm32f1xx_hal_gpio.o(i.HAL_GPIO_ReadPin)
    HAL_GPIO_WritePin                        0x08001973   Thumb Code    10  stm32f1xx_hal_gpio.o(i.HAL_GPIO_WritePin)
    HAL_GetTick                              0x0800197d   Thumb Code     6  stm32f1xx_hal.o(i.HAL_GetTick)
    HAL_IncTick                              0x08001989   Thumb Code    12  stm32f1xx_hal.o(i.HAL_IncTick)
    HAL_Init                                 0x08001999   Thumb Code    32  stm32f1xx_hal.o(i.HAL_Init)
    HAL_InitTick                             0x080019bd   Thumb Code   132  stm32f1xx_hal_timebase_tim.o(i.HAL_InitTick)
    HAL_MspInit                              0x08001a55   Thumb Code    62  stm32f1xx_hal_msp.o(i.HAL_MspInit)
    HAL_NVIC_EnableIRQ                       0x08001a9d   Thumb Code    26  stm32f1xx_hal_cortex.o(i.HAL_NVIC_EnableIRQ)
    HAL_NVIC_SetPriority                     0x08001ab9   Thumb Code    60  stm32f1xx_hal_cortex.o(i.HAL_NVIC_SetPriority)
    HAL_NVIC_SetPriorityGrouping             0x08001af9   Thumb Code    26  stm32f1xx_hal_cortex.o(i.HAL_NVIC_SetPriorityGrouping)
    HAL_RCCEx_GetPeriphCLKFreq               0x08001b1d   Thumb Code   148  stm32f1xx_hal_rcc_ex.o(i.HAL_RCCEx_GetPeriphCLKFreq)
    HAL_RCCEx_PeriphCLKConfig                0x08001bc1   Thumb Code   224  stm32f1xx_hal_rcc_ex.o(i.HAL_RCCEx_PeriphCLKConfig)
    HAL_RCC_ClockConfig                      0x08001cad   Thumb Code   280  stm32f1xx_hal_rcc.o(i.HAL_RCC_ClockConfig)
    HAL_RCC_GetClockConfig                   0x08001dd9   Thumb Code    54  stm32f1xx_hal_rcc.o(i.HAL_RCC_GetClockConfig)
    HAL_RCC_GetPCLK1Freq                     0x08001e19   Thumb Code    20  stm32f1xx_hal_rcc.o(i.HAL_RCC_GetPCLK1Freq)
    HAL_RCC_GetPCLK2Freq                     0x08001e39   Thumb Code    20  stm32f1xx_hal_rcc.o(i.HAL_RCC_GetPCLK2Freq)
    HAL_RCC_GetSysClockFreq                  0x08001e59   Thumb Code    58  stm32f1xx_hal_rcc.o(i.HAL_RCC_GetSysClockFreq)
    HAL_RCC_OscConfig                        0x08001ea5   Thumb Code   778  stm32f1xx_hal_rcc.o(i.HAL_RCC_OscConfig)
    HAL_SPI_Init                             0x080021c5   Thumb Code   178  stm32f1xx_hal_spi.o(i.HAL_SPI_Init)
    HAL_SPI_MspInit                          0x08002279   Thumb Code    80  stm32f1xx_hal_msp.o(i.HAL_SPI_MspInit)
    HAL_SPI_Transmit                         0x080022d5   Thumb Code   358  stm32f1xx_hal_spi.o(i.HAL_SPI_Transmit)
    HAL_TIMEx_BreakCallback                  0x0800243b   Thumb Code     2  stm32f1xx_hal_tim_ex.o(i.HAL_TIMEx_BreakCallback)
    HAL_TIMEx_CommutCallback                 0x0800243d   Thumb Code     2  stm32f1xx_hal_tim_ex.o(i.HAL_TIMEx_CommutCallback)
    HAL_TIMEx_MasterConfigSynchronization    0x08002441   Thumb Code    92  stm32f1xx_hal_tim_ex.o(i.HAL_TIMEx_MasterConfigSynchronization)
    HAL_TIM_Base_Init                        0x080024a9   Thumb Code    90  stm32f1xx_hal_tim.o(i.HAL_TIM_Base_Init)
    HAL_TIM_Base_MspInit                     0x08002505   Thumb Code    30  tim.o(i.HAL_TIM_Base_MspInit)
    HAL_TIM_Base_Start_IT                    0x0800252d   Thumb Code    76  stm32f1xx_hal_tim.o(i.HAL_TIM_Base_Start_IT)
    HAL_TIM_ConfigClockSource                0x08002585   Thumb Code   220  stm32f1xx_hal_tim.o(i.HAL_TIM_ConfigClockSource)
    HAL_TIM_IC_CaptureCallback               0x08002661   Thumb Code     2  stm32f1xx_hal_tim.o(i.HAL_TIM_IC_CaptureCallback)
    HAL_TIM_IRQHandler                       0x08002663   Thumb Code   304  stm32f1xx_hal_tim.o(i.HAL_TIM_IRQHandler)
    HAL_TIM_OC_DelayElapsedCallback          0x08002793   Thumb Code     2  stm32f1xx_hal_tim.o(i.HAL_TIM_OC_DelayElapsedCallback)
    HAL_TIM_PWM_PulseFinishedCallback        0x08002795   Thumb Code     2  stm32f1xx_hal_tim.o(i.HAL_TIM_PWM_PulseFinishedCallback)
    HAL_TIM_PeriodElapsedCallback            0x08002799   Thumb Code    14  main.o(i.HAL_TIM_PeriodElapsedCallback)
    HAL_TIM_TriggerCallback                  0x080027ad   Thumb Code     2  stm32f1xx_hal_tim.o(i.HAL_TIM_TriggerCallback)
    HAL_UARTEx_RxEventCallback               0x080027af   Thumb Code     2  stm32f1xx_hal_uart.o(i.HAL_UARTEx_RxEventCallback)
    HAL_UART_ErrorCallback                   0x080027b1   Thumb Code     2  stm32f1xx_hal_uart.o(i.HAL_UART_ErrorCallback)
    HAL_UART_IRQHandler                      0x080027b5   Thumb Code   616  stm32f1xx_hal_uart.o(i.HAL_UART_IRQHandler)
    HAL_UART_Init                            0x08002a21   Thumb Code   100  stm32f1xx_hal_uart.o(i.HAL_UART_Init)
    HAL_UART_MspInit                         0x08002a85   Thumb Code   186  stm32f1xx_hal_msp.o(i.HAL_UART_MspInit)
    HAL_UART_Receive_IT                      0x08002b51   Thumb Code    28  stm32f1xx_hal_uart.o(i.HAL_UART_Receive_IT)
    HAL_UART_RxCpltCallback                  0x08002b6d   Thumb Code    36  usart.o(i.HAL_UART_RxCpltCallback)
    HAL_UART_Transmit                        0x08002b99   Thumb Code   160  stm32f1xx_hal_uart.o(i.HAL_UART_Transmit)
    HAL_UART_TxCpltCallback                  0x08002c39   Thumb Code     2  stm32f1xx_hal_uart.o(i.HAL_UART_TxCpltCallback)
    HardFault_Handler                        0x08002c3b   Thumb Code     2  stm32f1xx_it.o(i.HardFault_Handler)
    MemManage_Handler                        0x08002c3d   Thumb Code     2  stm32f1xx_it.o(i.MemManage_Handler)
    NMI_Handler                              0x08002c3f   Thumb Code     2  stm32f1xx_it.o(i.NMI_Handler)
    SPI1_Init                                0x08002c41   Thumb Code    66  spi.o(i.SPI1_Init)
    StartDefaultTask                         0x08002d79   Thumb Code     8  main.o(i.StartDefaultTask)
    SysTick_Handler                          0x08002d81   Thumb Code    38  port.o(i.SysTick_Handler)
    SystemClock_Config                       0x08002dad   Thumb Code   120  main.o(i.SystemClock_Config)
    SystemInit                               0x08002e25   Thumb Code     2  system_stm32f1xx.o(i.SystemInit)
    TIM1_Init                                0x08002e29   Thumb Code    96  tim.o(i.TIM1_Init)
    TIM4_IRQHandler                          0x08002e91   Thumb Code     6  stm32f1xx_it.o(i.TIM4_IRQHandler)
    TIM_Base_SetConfig                       0x08002e9d   Thumb Code   108  stm32f1xx_hal_tim.o(i.TIM_Base_SetConfig)
    TIM_ETR_SetConfig                        0x08002f15   Thumb Code    20  stm32f1xx_hal_tim.o(i.TIM_ETR_SetConfig)
    UART_Start_Receive_IT                    0x08003159   Thumb Code    54  stm32f1xx_hal_uart.o(i.UART_Start_Receive_IT)
    USART1_UART_Init                         0x08003201   Thumb Code    48  usart.o(i.USART1_UART_Init)
    USART2_IRQHandler                        0x08003239   Thumb Code     6  stm32f1xx_it.o(i.USART2_IRQHandler)
    USART2_UART_Init                         0x08003245   Thumb Code    48  usart.o(i.USART2_UART_Init)
    UsageFault_Handler                       0x0800327d   Thumb Code     2  stm32f1xx_it.o(i.UsageFault_Handler)
    __kernel_poly                            0x0800329f   Thumb Code   170  poly.o(i.__kernel_poly)
    __mathlib_dbl_divzero                    0x08003349   Thumb Code    12  dunder.o(i.__mathlib_dbl_divzero)
    __mathlib_dbl_infnan                     0x08003359   Thumb Code     6  dunder.o(i.__mathlib_dbl_infnan)
    __mathlib_dbl_invalid                    0x0800335f   Thumb Code    12  dunder.o(i.__mathlib_dbl_invalid)
    ble_data_process                         0x0800339d   Thumb Code   354  ble.o(i.ble_data_process)
    ble_task                                 0x080035f5   Thumb Code    34  ble.o(i.ble_task)
    button_scan                              0x0800365d   Thumb Code   128  button.o(i.button_scan)
    button_task                              0x08003711   Thumb Code    28  button.o(i.button_task)
    conti_move                               0x080037a1   Thumb Code    84  motor.o(i.conti_move)
    fputc                                    0x080037f9   Thumb Code    20  main.o(i.fputc)
    get_device_state                         0x08003811   Thumb Code     4  device.o(i.get_device_state)
    init_ble                                 0x080038ed   Thumb Code   220  ble.o(i.init_ble)
    init_print_queue                         0x08003a91   Thumb Code    32  print_queue.o(i.init_print_queue)
    key_click_handle                         0x08003add   Thumb Code    16  button.o(i.key_click_handle)
    key_long_click_free_handle               0x08003b01   Thumb Code    16  button.o(i.key_long_click_free_handle)
    key_long_click_handle                    0x08003b1d   Thumb Code    44  button.o(i.key_long_click_handle)
    log                                      0x08003b75   Thumb Code   808  log.o(i.log)
    main                                     0x08003ed1   Thumb Code    80  main.o(i.main)
    motor_run_steps                          0x08003f3d   Thumb Code   162  motor.o(i.motor_run_steps)
    motor_start                              0x08003fe9   Thumb Code    40  motor.o(i.motor_start)
    motor_stop                               0x08004019   Thumb Code    56  motor.o(i.motor_stop)
    osDelay                                  0x08004065   Thumb Code    14  cmsis_os.o(i.osDelay)
    osKernelStart                            0x08004073   Thumb Code    10  cmsis_os.o(i.osKernelStart)
    osThreadCreate                           0x0800407d   Thumb Code    84  cmsis_os.o(i.osThreadCreate)
    osTimerCreate                            0x080040d1   Thumb Code    60  cmsis_os.o(i.osTimerCreate)
    osTimerStart                             0x08004111   Thumb Code    88  cmsis_os.o(i.osTimerStart)
    osTimerStop                              0x0800416d   Thumb Code    82  cmsis_os.o(i.osTimerStop)
    print_and_move                           0x080041c5   Thumb Code    26  printer.o(i.print_and_move)
    print_task                               0x08004271   Thumb Code   116  printer.o(i.print_task)
    pvPortMalloc                             0x08004ac5   Thumb Code   216  heap_4.o(i.pvPortMalloc)
    pxPortInitialiseStack                    0x08004ba1   Thumb Code    32  port.o(i.pxPortInitialiseStack)
    read_sensors                             0x08004c11   Thumb Code    54  sensors.o(i.read_sensors)
    report_task                              0x08004c55   Thumb Code    86  device.o(i.report_task)
    set_device_paper_status                  0x08004d6d   Thumb Code     6  device.o(i.set_device_paper_status)
    set_heat_density                         0x08004d79   Thumb Code    18  printer.o(i.set_heat_density)
    set_read_ble_finish                      0x08004da5   Thumb Code     6  device.o(i.set_read_ble_finish)
    spi_transmit                             0x08004db1   Thumb Code    14  spi.o(i.spi_transmit)
    start_tasks                              0x08004dc5   Thumb Code    80  my_task.o(i.start_tasks)
    uxListRemove                             0x08004e6d   Thumb Code    38  list.o(i.uxListRemove)
    vApplicationGetIdleTaskMemory            0x08004e95   Thumb Code    16  freertos.o(i.vApplicationGetIdleTaskMemory)
    vApplicationGetTimerTaskMemory           0x08004ea9   Thumb Code    18  freertos.o(i.vApplicationGetTimerTaskMemory)
    vListInitialise                          0x08004ec1   Thumb Code    22  list.o(i.vListInitialise)
    vListInitialiseItem                      0x08004ed7   Thumb Code     6  list.o(i.vListInitialiseItem)
    vListInsert                              0x08004edd   Thumb Code    48  list.o(i.vListInsert)
    vListInsertEnd                           0x08004f0d   Thumb Code    24  list.o(i.vListInsertEnd)
    vPortEnterCritical                       0x08004f25   Thumb Code    54  port.o(i.vPortEnterCritical)
    vPortExitCritical                        0x08004f65   Thumb Code    34  port.o(i.vPortExitCritical)
    vPortFree                                0x08004f8d   Thumb Code    94  heap_4.o(i.vPortFree)
    vPortSetupTimerInterrupt                 0x08004ff1   Thumb Code    32  port.o(i.vPortSetupTimerInterrupt)
    vPortValidateInterruptPriority           0x08005015   Thumb Code    74  port.o(i.vPortValidateInterruptPriority)
    vQueueAddToRegistry                      0x08005069   Thumb Code    34  queue.o(i.vQueueAddToRegistry)
    vQueueWaitForMessageRestricted           0x08005091   Thumb Code    68  queue.o(i.vQueueWaitForMessageRestricted)
    vTaskDelay                               0x080050d5   Thumb Code    66  tasks.o(i.vTaskDelay)
    vTaskInternalSetTimeOutState             0x08005121   Thumb Code    12  tasks.o(i.vTaskInternalSetTimeOutState)
    vTaskMissedYield                         0x08005131   Thumb Code     8  tasks.o(i.vTaskMissedYield)
    vTaskPlaceOnEventList                    0x0800513d   Thumb Code    44  tasks.o(i.vTaskPlaceOnEventList)
    vTaskPlaceOnEventListRestricted          0x0800516d   Thumb Code    52  tasks.o(i.vTaskPlaceOnEventListRestricted)
    vTaskStartScheduler                      0x080051a5   Thumb Code   118  tasks.o(i.vTaskStartScheduler)
    vTaskSuspendAll                          0x0800522d   Thumb Code    10  tasks.o(i.vTaskSuspendAll)
    vTaskSwitchContext                       0x0800523d   Thumb Code    82  tasks.o(i.vTaskSwitchContext)
    xPortStartScheduler                      0x08005299   Thumb Code   154  port.o(i.xPortStartScheduler)
    xQueueGenericCreate                      0x08005341   Thumb Code    66  queue.o(i.xQueueGenericCreate)
    xQueueGenericCreateStatic                0x08005383   Thumb Code   102  queue.o(i.xQueueGenericCreateStatic)
    xQueueGenericReset                       0x080053e9   Thumb Code   132  queue.o(i.xQueueGenericReset)
    xQueueGenericSend                        0x08005471   Thumb Code   346  queue.o(i.xQueueGenericSend)
    xQueueGenericSendFromISR                 0x080055d1   Thumb Code   190  queue.o(i.xQueueGenericSendFromISR)
    xQueueReceive                            0x08005691   Thumb Code   308  queue.o(i.xQueueReceive)
    xTaskCheckForTimeOut                     0x080057c9   Thumb Code   112  tasks.o(i.xTaskCheckForTimeOut)
    xTaskCreate                              0x0800583d   Thumb Code    90  tasks.o(i.xTaskCreate)
    xTaskCreateStatic                        0x08005897   Thumb Code    86  tasks.o(i.xTaskCreateStatic)
    xTaskGetSchedulerState                   0x080058ed   Thumb Code    22  tasks.o(i.xTaskGetSchedulerState)
    xTaskGetTickCount                        0x08005909   Thumb Code     6  tasks.o(i.xTaskGetTickCount)
    xTaskIncrementTick                       0x08005915   Thumb Code   194  tasks.o(i.xTaskIncrementTick)
    xTaskPriorityDisinherit                  0x080059e1   Thumb Code   144  tasks.o(i.xTaskPriorityDisinherit)
    xTaskRemoveFromEventList                 0x08005a79   Thumb Code   108  tasks.o(i.xTaskRemoveFromEventList)
    xTaskResumeAll                           0x08005aed   Thumb Code   182  tasks.o(i.xTaskResumeAll)
    xTimerCreate                             0x08005bb1   Thumb Code    52  timers.o(i.xTimerCreate)
    xTimerCreateStatic                       0x08005be5   Thumb Code    46  timers.o(i.xTimerCreateStatic)
    xTimerCreateTimerTask                    0x08005c15   Thumb Code    78  timers.o(i.xTimerCreateTimerTask)
    xTimerGenericCommand                     0x08005c75   Thumb Code    92  timers.o(i.xTimerGenericCommand)
    __aeabi_d2f                              0x08005cd5   Thumb Code     0  d2f.o(x$fpl$d2f)
    _d2f                                     0x08005cd5   Thumb Code    98  d2f.o(x$fpl$d2f)
    __aeabi_dadd                             0x08005d39   Thumb Code     0  daddsub_clz.o(x$fpl$dadd)
    _dadd                                    0x08005d39   Thumb Code   332  daddsub_clz.o(x$fpl$dadd)
    __fpl_dcheck_NaN1                        0x08005e89   Thumb Code    10  dcheck1.o(x$fpl$dcheck1)
    __fpl_dcmp_Inf                           0x08005e99   Thumb Code    24  dcmpi.o(x$fpl$dcmpinf)
    __aeabi_ddiv                             0x08005eb1   Thumb Code     0  ddiv.o(x$fpl$ddiv)
    _ddiv                                    0x08005eb1   Thumb Code   552  ddiv.o(x$fpl$ddiv)
    __aeabi_cdcmpeq                          0x08006161   Thumb Code     0  deqf.o(x$fpl$deqf)
    _dcmpeq                                  0x08006161   Thumb Code   120  deqf.o(x$fpl$deqf)
    __aeabi_i2d                              0x080061d9   Thumb Code     0  dflt_clz.o(x$fpl$dflt)
    _dflt                                    0x080061d9   Thumb Code    46  dflt_clz.o(x$fpl$dflt)
    __aeabi_dmul                             0x08006209   Thumb Code     0  dmul.o(x$fpl$dmul)
    _dmul                                    0x08006209   Thumb Code   332  dmul.o(x$fpl$dmul)
    __fpl_dnaninf                            0x0800635d   Thumb Code   156  dnaninf.o(x$fpl$dnaninf)
    __fpl_dretinf                            0x080063f9   Thumb Code    12  dretinf.o(x$fpl$dretinf)
    __aeabi_drsub                            0x08006405   Thumb Code     0  daddsub_clz.o(x$fpl$drsb)
    _drsb                                    0x08006405   Thumb Code    22  daddsub_clz.o(x$fpl$drsb)
    __aeabi_dsub                             0x0800641d   Thumb Code     0  daddsub_clz.o(x$fpl$dsub)
    _dsub                                    0x0800641d   Thumb Code   464  daddsub_clz.o(x$fpl$dsub)
    __aeabi_f2d                              0x080065f1   Thumb Code     0  f2d.o(x$fpl$f2d)
    _f2d                                     0x080065f1   Thumb Code    86  f2d.o(x$fpl$f2d)
    __aeabi_fadd                             0x08006649   Thumb Code     0  faddsub_clz.o(x$fpl$fadd)
    _fadd                                    0x08006649   Thumb Code   196  faddsub_clz.o(x$fpl$fadd)
    __fpl_fcheck_NaN1                        0x0800670d   Thumb Code     6  fcheck1.o(x$fpl$fcheck1)
    __aeabi_fdiv                             0x08006719   Thumb Code     0  fdiv.o(x$fpl$fdiv)
    _fdiv                                    0x08006719   Thumb Code   384  fdiv.o(x$fpl$fdiv)
    __aeabi_f2uiz                            0x0800689d   Thumb Code     0  ffixu.o(x$fpl$ffixu)
    _ffixu                                   0x0800689d   Thumb Code    62  ffixu.o(x$fpl$ffixu)
    __aeabi_ui2f                             0x080068dd   Thumb Code     0  fflt_clz.o(x$fpl$ffltu)
    _ffltu                                   0x080068dd   Thumb Code    38  fflt_clz.o(x$fpl$ffltu)
    __aeabi_fmul                             0x08006905   Thumb Code     0  fmul.o(x$fpl$fmul)
    _fmul                                    0x08006905   Thumb Code   258  fmul.o(x$fpl$fmul)
    __fpl_fnaninf                            0x08006a07   Thumb Code   140  fnaninf.o(x$fpl$fnaninf)
    __fpl_fretinf                            0x08006a93   Thumb Code    10  fretinf.o(x$fpl$fretinf)
    __aeabi_fsub                             0x08006a9d   Thumb Code     0  faddsub_clz.o(x$fpl$fsub)
    _fsub                                    0x08006a9d   Thumb Code   234  faddsub_clz.o(x$fpl$fsub)
    __fpl_return_NaN                         0x08006b87   Thumb Code   100  retnan.o(x$fpl$retnan)
    __ARM_scalbn                             0x08006beb   Thumb Code    92  scalbn.o(x$fpl$scalbn)
    __ARM_scalbnf                            0x08006c47   Thumb Code    76  scalbnf.o(x$fpl$scalbnf)
    __fpl_cmpreturn                          0x08006c93   Thumb Code    48  trapv.o(x$fpl$trapveneer)
    __I$use$fp                               0x08006cc2   Number         0  usenofp.o(x$fpl$usenofp)
    AHBPrescTable                            0x08006d0c   Data          16  system_stm32f1xx.o(.constdata)
    APBPrescTable                            0x08006d1c   Data           8  system_stm32f1xx.o(.constdata)
    __mathlib_zero                           0x08006d88   Data           8  qnan.o(.constdata)
    __stdin_name                             0x08006d90   Data           4  sys_io.o(.constdata)
    __stdout_name                            0x08006d94   Data           4  sys_io.o(.constdata)
    __stderr_name                            0x08006d98   Data           4  sys_io.o(.constdata)
    Region$$Table$$Base                      0x08006de0   Number         0  anon$$obj.o(Region$$Table)
    Region$$Table$$Limit                     0x08006e00   Number         0  anon$$obj.o(Region$$Table)
    defaultTaskHandle                        0x20000000   Data           4  main.o(.data)
    keyIsPress                               0x20000004   Data           1  button.o(.data)
    longPressIsStart                         0x20000005   Data           1  button.o(.data)
    printer_test                             0x20000006   Data           1  button.o(.data)
    clicktime                                0x20000008   Data           4  button.o(.data)
    g_device_state                           0x2000000c   Data           5  device.o(.data)
    motor_pos                                0x20000014   Data           1  motor.o(.data)
    conti_move_timer_handle                  0x20000018   Data           4  motor.o(.data)
    motor_table                              0x2000001c   Data          32  motor.o(.data)
    cur_step                                 0x2000003c   Data           1  ble.o(.data)
    retry_count                              0x2000003d   Data           1  ble.o(.data)
    cur_index                                0x2000003e   Data           1  ble.o(.data)
    end_byte_num                             0x2000003f   Data           1  ble.o(.data)
    line_count                               0x20000040   Data           2  ble.o(.data)
    ble_enter_at_mode                        0x20000044   Data           4  ble.o(.data)
    ble_close_status                         0x20000048   Data           4  ble.o(.data)
    ble_set_name                             0x2000004c   Data           4  ble.o(.data)
    ble_exit_at_mode                         0x20000050   Data           4  ble.o(.data)
    heat_density                             0x20000054   Data           1  printer.o(.data)
    stb_pins                                 0x20000056   Data          12  printer.o(.data)
    ADC_Value                                0x20000064   Data           8  sensors.o(.data)
    print_queue                              0x2000006c   Data           4  print_queue.o(.data)
    uwTickFreq                               0x20000070   Data           1  stm32f1xx_hal.o(.data)
    uwTickPrio                               0x20000074   Data           4  stm32f1xx_hal.o(.data)
    uwTick                                   0x20000078   Data           4  stm32f1xx_hal.o(.data)
    SystemCoreClock                          0x2000007c   Data           4  system_stm32f1xx.o(.data)
    pxCurrentTCB                             0x20000080   Data           4  tasks.o(.data)
    ble_data                                 0x200000fc   Data           1  usart.o(.data)
    __aeabi_stdin                            0x20000100   Data           4  stdio_streams.o(.data)
    __aeabi_stdout                           0x20000104   Data           4  stdio_streams.o(.data)
    __aeabi_stderr                           0x20000108   Data           4  stdio_streams.o(.data)
    htim4                                    0x200007b4   Data          72  stm32f1xx_hal_timebase_tim.o(.bss)
    ble_buffer                               0x200007fc   Data          48  ble.o(.bss)
    add_time                                 0x2000082c   Data          24  printer.o(.bss)
    print_buffer                             0x20000844   Data          48  printer.o(.bss)
    xQueueRegistry                           0x20000874   Data          64  queue.o(.bss)
    hadc1                                    0x20004524   Data          48  adc.o(.bss)
    hspi1                                    0x20004554   Data          88  spi.o(.bss)
    huart1                                   0x200045ac   Data          72  usart.o(.bss)
    huart2                                   0x200045f4   Data          72  usart.o(.bss)
    htim1                                    0x2000463c   Data          72  tim.o(.bss)
    __stdin                                  0x20004684   Data          84  stdio_streams.o(.bss)
    __stdout                                 0x200046d8   Data          84  stdio_streams.o(.bss)
    __stderr                                 0x2000472c   Data          84  stdio_streams.o(.bss)
    __libspace_start                         0x20004780   Data          96  libspace.o(.bss)
    __temporary_stack_top$libspace           0x200047e0   Data           0  libspace.o(.bss)



==============================================================================

Memory Map of the image

  Image Entry point : 0x080000ed

  Load Region LR_IROM1 (Base: 0x08000000, Size: 0x00006f0c, Max: 0x00020000, ABSOLUTE)

    Execution Region ER_IROM1 (Exec base: 0x08000000, Load base: 0x08000000, Size: 0x00006e00, Max: 0x00020000, ABSOLUTE)

    Exec Addr    Load Addr    Size         Type   Attr      Idx    E Section Name        Object

    0x08000000   0x08000000   0x000000ec   Data   RO          422    RESET               startup_stm32f103xb.o
    0x080000ec   0x080000ec   0x00000008   Code   RO         5524  * !!!main             c_w.l(__main.o)
    0x080000f4   0x080000f4   0x00000034   Code   RO         5943    !!!scatter          c_w.l(__scatter.o)
    0x08000128   0x08000128   0x0000001a   Code   RO         5945    !!handler_copy      c_w.l(__scatter_copy.o)
    0x08000142   0x08000142   0x00000002   PAD
    0x08000144   0x08000144   0x0000001c   Code   RO         5947    !!handler_zi        c_w.l(__scatter_zi.o)
    0x08000160   0x08000160   0x00000000   Code   RO         5507    .ARM.Collect$$_printf_percent$$00000000  c_w.l(_printf_percent.o)
    0x08000160   0x08000160   0x00000006   Code   RO         5505    .ARM.Collect$$_printf_percent$$00000009  c_w.l(_printf_d.o)
    0x08000166   0x08000166   0x00000006   Code   RO         5506    .ARM.Collect$$_printf_percent$$0000000A  c_w.l(_printf_u.o)
    0x0800016c   0x0800016c   0x00000006   Code   RO         5504    .ARM.Collect$$_printf_percent$$0000000C  c_w.l(_printf_x.o)
    0x08000172   0x08000172   0x00000006   Code   RO         5503    .ARM.Collect$$_printf_percent$$00000014  c_w.l(_printf_s.o)
    0x08000178   0x08000178   0x00000004   Code   RO         5585    .ARM.Collect$$_printf_percent$$00000017  c_w.l(_printf_percent_end.o)
    0x0800017c   0x0800017c   0x00000002   Code   RO         5758    .ARM.Collect$$libinit$$00000000  c_w.l(libinit.o)
    0x0800017e   0x0800017e   0x00000000   Code   RO         5760    .ARM.Collect$$libinit$$00000002  c_w.l(libinit2.o)
    0x0800017e   0x0800017e   0x00000000   Code   RO         5762    .ARM.Collect$$libinit$$00000004  c_w.l(libinit2.o)
    0x0800017e   0x0800017e   0x00000008   Code   RO         5763    .ARM.Collect$$libinit$$00000005  c_w.l(libinit2.o)
    0x08000186   0x08000186   0x00000000   Code   RO         5765    .ARM.Collect$$libinit$$0000000A  c_w.l(libinit2.o)
    0x08000186   0x08000186   0x00000000   Code   RO         5767    .ARM.Collect$$libinit$$0000000C  c_w.l(libinit2.o)
    0x08000186   0x08000186   0x00000000   Code   RO         5769    .ARM.Collect$$libinit$$0000000E  c_w.l(libinit2.o)
    0x08000186   0x08000186   0x00000000   Code   RO         5772    .ARM.Collect$$libinit$$00000011  c_w.l(libinit2.o)
    0x08000186   0x08000186   0x00000000   Code   RO         5774    .ARM.Collect$$libinit$$00000013  c_w.l(libinit2.o)
    0x08000186   0x08000186   0x00000000   Code   RO         5776    .ARM.Collect$$libinit$$00000015  c_w.l(libinit2.o)
    0x08000186   0x08000186   0x00000000   Code   RO         5778    .ARM.Collect$$libinit$$00000017  c_w.l(libinit2.o)
    0x08000186   0x08000186   0x00000000   Code   RO         5780    .ARM.Collect$$libinit$$00000019  c_w.l(libinit2.o)
    0x08000186   0x08000186   0x00000000   Code   RO         5782    .ARM.Collect$$libinit$$0000001B  c_w.l(libinit2.o)
    0x08000186   0x08000186   0x00000000   Code   RO         5784    .ARM.Collect$$libinit$$0000001D  c_w.l(libinit2.o)
    0x08000186   0x08000186   0x00000000   Code   RO         5786    .ARM.Collect$$libinit$$0000001F  c_w.l(libinit2.o)
    0x08000186   0x08000186   0x00000000   Code   RO         5788    .ARM.Collect$$libinit$$00000021  c_w.l(libinit2.o)
    0x08000186   0x08000186   0x00000000   Code   RO         5790    .ARM.Collect$$libinit$$00000023  c_w.l(libinit2.o)
    0x08000186   0x08000186   0x00000004   Code   RO         5791    .ARM.Collect$$libinit$$00000024  c_w.l(libinit2.o)
    0x0800018a   0x0800018a   0x00000000   Code   RO         5792    .ARM.Collect$$libinit$$00000025  c_w.l(libinit2.o)
    0x0800018a   0x0800018a   0x00000000   Code   RO         5796    .ARM.Collect$$libinit$$0000002C  c_w.l(libinit2.o)
    0x0800018a   0x0800018a   0x00000000   Code   RO         5798    .ARM.Collect$$libinit$$0000002E  c_w.l(libinit2.o)
    0x0800018a   0x0800018a   0x00000000   Code   RO         5800    .ARM.Collect$$libinit$$00000030  c_w.l(libinit2.o)
    0x0800018a   0x0800018a   0x00000000   Code   RO         5802    .ARM.Collect$$libinit$$00000032  c_w.l(libinit2.o)
    0x0800018a   0x0800018a   0x00000002   Code   RO         5803    .ARM.Collect$$libinit$$00000033  c_w.l(libinit2.o)
    0x0800018c   0x0800018c   0x00000002   Code   RO         5922    .ARM.Collect$$libshutdown$$00000000  c_w.l(libshutdown.o)
    0x0800018e   0x0800018e   0x00000000   Code   RO         5805    .ARM.Collect$$libshutdown$$00000002  c_w.l(libshutdown2.o)
    0x0800018e   0x0800018e   0x00000000   Code   RO         5807    .ARM.Collect$$libshutdown$$00000004  c_w.l(libshutdown2.o)
    0x0800018e   0x0800018e   0x00000004   Code   RO         5808    .ARM.Collect$$libshutdown$$00000005  c_w.l(libshutdown2.o)
    0x08000192   0x08000192   0x00000000   Code   RO         5809    .ARM.Collect$$libshutdown$$00000006  c_w.l(libshutdown2.o)
    0x08000192   0x08000192   0x00000000   Code   RO         5812    .ARM.Collect$$libshutdown$$00000009  c_w.l(libshutdown2.o)
    0x08000192   0x08000192   0x00000000   Code   RO         5815    .ARM.Collect$$libshutdown$$0000000C  c_w.l(libshutdown2.o)
    0x08000192   0x08000192   0x00000000   Code   RO         5817    .ARM.Collect$$libshutdown$$0000000E  c_w.l(libshutdown2.o)
    0x08000192   0x08000192   0x00000000   Code   RO         5820    .ARM.Collect$$libshutdown$$00000011  c_w.l(libshutdown2.o)
    0x08000192   0x08000192   0x00000002   Code   RO         5821    .ARM.Collect$$libshutdown$$00000012  c_w.l(libshutdown2.o)
    0x08000194   0x08000194   0x00000000   Code   RO         5576    .ARM.Collect$$rtentry$$00000000  c_w.l(__rtentry.o)
    0x08000194   0x08000194   0x00000000   Code   RO         5631    .ARM.Collect$$rtentry$$00000002  c_w.l(__rtentry2.o)
    0x08000194   0x08000194   0x00000006   Code   RO         5643    .ARM.Collect$$rtentry$$00000004  c_w.l(__rtentry4.o)
    0x0800019a   0x0800019a   0x00000000   Code   RO         5633    .ARM.Collect$$rtentry$$00000009  c_w.l(__rtentry2.o)
    0x0800019a   0x0800019a   0x00000004   Code   RO         5634    .ARM.Collect$$rtentry$$0000000A  c_w.l(__rtentry2.o)
    0x0800019e   0x0800019e   0x00000000   Code   RO         5636    .ARM.Collect$$rtentry$$0000000C  c_w.l(__rtentry2.o)
    0x0800019e   0x0800019e   0x00000008   Code   RO         5637    .ARM.Collect$$rtentry$$0000000D  c_w.l(__rtentry2.o)
    0x080001a6   0x080001a6   0x00000002   Code   RO         5827    .ARM.Collect$$rtexit$$00000000  c_w.l(rtexit.o)
    0x080001a8   0x080001a8   0x00000000   Code   RO         5873    .ARM.Collect$$rtexit$$00000002  c_w.l(rtexit2.o)
    0x080001a8   0x080001a8   0x00000004   Code   RO         5874    .ARM.Collect$$rtexit$$00000003  c_w.l(rtexit2.o)
    0x080001ac   0x080001ac   0x00000006   Code   RO         5875    .ARM.Collect$$rtexit$$00000004  c_w.l(rtexit2.o)
    0x080001b2   0x080001b2   0x00000002   PAD
    0x080001b4   0x080001b4   0x00000096   Code   RO         5205    .emb_text           port.o
    0x0800024a   0x0800024a   0x00000002   PAD
    0x0800024c   0x0800024c   0x00000000   Code   RO         5879    .emb_text           c_w.l(maybetermalloc1.o)
    0x0800024c   0x0800024c   0x00000040   Code   RO          423    .text               startup_stm32f103xb.o
    0x0800028c   0x0800028c   0x00000018   Code   RO         5454    .text               c_w.l(noretval__2printf.o)
    0x080002a4   0x080002a4   0x00000068   Code   RO         5456    .text               c_w.l(__printf.o)
    0x0800030c   0x0800030c   0x00000052   Code   RO         5458    .text               c_w.l(_printf_str.o)
    0x0800035e   0x0800035e   0x00000002   PAD
    0x08000360   0x08000360   0x00000078   Code   RO         5460    .text               c_w.l(_printf_dec.o)
    0x080003d8   0x080003d8   0x00000058   Code   RO         5465    .text               c_w.l(_printf_hex_int.o)
    0x08000430   0x08000430   0x00000024   Code   RO         5508    .text               c_w.l(strstr.o)
    0x08000454   0x08000454   0x0000003e   Code   RO         5510    .text               c_w.l(strlen.o)
    0x08000492   0x08000492   0x0000008a   Code   RO         5512    .text               c_w.l(rt_memcpy_v6.o)
    0x0800051c   0x0800051c   0x00000064   Code   RO         5514    .text               c_w.l(rt_memcpy_w.o)
    0x08000580   0x08000580   0x00000044   Code   RO         5518    .text               c_w.l(rt_memclr.o)
    0x080005c4   0x080005c4   0x0000004e   Code   RO         5520    .text               c_w.l(rt_memclr_w.o)
    0x08000612   0x08000612   0x00000006   Code   RO         5522    .text               c_w.l(heapauxi.o)
    0x08000618   0x08000618   0x00000016   Code   RO         5577    .text               c_w.l(_rserrno.o)
    0x0800062e   0x0800062e   0x000000b2   Code   RO         5579    .text               c_w.l(_printf_intcommon.o)
    0x080006e0   0x080006e0   0x0000002c   Code   RO         5581    .text               c_w.l(_printf_char.o)
    0x0800070c   0x0800070c   0x00000024   Code   RO         5583    .text               c_w.l(_printf_char_file.o)
    0x08000730   0x08000730   0x00000008   Code   RO         5648    .text               c_w.l(rt_errno_addr_intlibspace.o)
    0x08000738   0x08000738   0x00000030   Code   RO         5650    .text               c_w.l(_printf_char_common.o)
    0x08000768   0x08000768   0x00000008   Code   RO         5652    .text               c_w.l(ferror.o)
    0x08000770   0x08000770   0x00000138   Code   RO         5654    .text               c_w.l(initio.o)
    0x080008a8   0x080008a8   0x00000066   Code   RO         5666    .text               c_w.l(sys_io.o)
    0x0800090e   0x0800090e   0x00000002   PAD
    0x08000910   0x08000910   0x00000008   Code   RO         5671    .text               c_w.l(libspace.o)
    0x08000918   0x08000918   0x0000004a   Code   RO         5676    .text               c_w.l(sys_stackheap_outer.o)
    0x08000962   0x08000962   0x0000004e   Code   RO         5680    .text               c_w.l(h1_free.o)
    0x080009b0   0x080009b0   0x00000046   Code   RO         5736    .text               c_w.l(setvbuf.o)
    0x080009f6   0x080009f6   0x00000002   PAD
    0x080009f8   0x080009f8   0x000000ec   Code   RO         5739    .text               c_w.l(fopen.o)
    0x08000ae4   0x08000ae4   0x0000004c   Code   RO         5741    .text               c_w.l(fclose.o)
    0x08000b30   0x08000b30   0x00000012   Code   RO         5747    .text               c_w.l(exit.o)
    0x08000b42   0x08000b42   0x0000000e   Code   RO         5749    .text               c_w.l(defsig_rtred_outer.o)
    0x08000b50   0x08000b50   0x00000002   Code   RO         5824    .text               c_w.l(use_no_semi.o)
    0x08000b52   0x08000b52   0x00000000   Code   RO         5826    .text               c_w.l(indicate_semi.o)
    0x08000b52   0x08000b52   0x00000002   PAD
    0x08000b54   0x08000b54   0x00000008   Code   RO         5834    .text               c_w.l(rt_heap_descriptor_intlibspace.o)
    0x08000b5c   0x08000b5c   0x00000004   Code   RO         5836    .text               c_w.l(hguard.o)
    0x08000b60   0x08000b60   0x0000008a   Code   RO         5838    .text               c_w.l(init_alloc.o)
    0x08000bea   0x08000bea   0x0000005e   Code   RO         5844    .text               c_w.l(h1_alloc.o)
    0x08000c48   0x08000c48   0x000000f8   Code   RO         5858    .text               c_w.l(fseek.o)
    0x08000d40   0x08000d40   0x000000f0   Code   RO         5860    .text               c_w.l(stdio.o)
    0x08000e30   0x08000e30   0x0000000a   Code   RO         5862    .text               c_w.l(defsig_exit.o)
    0x08000e3a   0x08000e3a   0x00000002   PAD
    0x08000e3c   0x08000e3c   0x00000034   Code   RO         5864    .text               c_w.l(defsig_rtred_inner.o)
    0x08000e70   0x08000e70   0x0000000c   Code   RO         5870    .text               c_w.l(sys_exit.o)
    0x08000e7c   0x08000e7c   0x0000000e   Code   RO         5881    .text               c_w.l(h1_init.o)
    0x08000e8a   0x08000e8a   0x00000034   Code   RO         5883    .text               c_w.l(h1_extend.o)
    0x08000ebe   0x08000ebe   0x00000042   Code   RO         5889    .text               c_w.l(ftell.o)
    0x08000f00   0x08000f00   0x00000032   Code   RO         5893    .text               c_w.l(defsig_general.o)
    0x08000f32   0x08000f32   0x0000000e   Code   RO         5895    .text               c_w.l(defsig_rtmem_outer.o)
    0x08000f40   0x08000f40   0x0000000e   Code   RO         5908    .text               c_w.l(sys_wrch.o)
    0x08000f4e   0x08000f4e   0x00000002   PAD
    0x08000f50   0x08000f50   0x00000050   Code   RO         5916    .text               c_w.l(defsig_rtmem_inner.o)
    0x08000fa0   0x08000fa0   0x00000068   Code   RO         5285    i.ADC1_Init         adc.o
    0x08001008   0x08001008   0x00000056   Code   RO          903    i.ADC_ConversionStop_Disable  stm32f1xx_hal_adc.o
    0x0800105e   0x0800105e   0x00000002   PAD
    0x08001060   0x08001060   0x0000007c   Code   RO          907    i.ADC_Enable        stm32f1xx_hal_adc.o
    0x080010dc   0x080010dc   0x00000002   Code   RO          248    i.BusFault_Handler  stm32f1xx_it.o
    0x080010de   0x080010de   0x00000002   Code   RO          249    i.DebugMon_Handler  stm32f1xx_it.o
    0x080010e0   0x080010e0   0x00000008   Code   RO          250    i.EXTI9_5_IRQHandler  stm32f1xx_it.o
    0x080010e8   0x080010e8   0x00000004   Code   RO            4    i.Error_Handler     main.o
    0x080010ec   0x080010ec   0x000000f0   Code   RO         5312    i.GPIO_Init         gpio.o
    0x080011dc   0x080011dc   0x000000fc   Code   RO          909    i.HAL_ADC_ConfigChannel  stm32f1xx_hal_adc.o
    0x080012d8   0x080012d8   0x00000006   Code   RO          916    i.HAL_ADC_GetValue  stm32f1xx_hal_adc.o
    0x080012de   0x080012de   0x00000002   PAD
    0x080012e0   0x080012e0   0x0000011c   Code   RO          918    i.HAL_ADC_Init      stm32f1xx_hal_adc.o
    0x080013fc   0x080013fc   0x00000058   Code   RO          325    i.HAL_ADC_MspInit   stm32f1xx_hal_msp.o
    0x08001454   0x08001454   0x0000013c   Code   RO          922    i.HAL_ADC_PollForConversion  stm32f1xx_hal_adc.o
    0x08001590   0x08001590   0x000000c0   Code   RO          924    i.HAL_ADC_Start     stm32f1xx_hal_adc.o
    0x08001650   0x08001650   0x00000034   Code   RO          927    i.HAL_ADC_Stop      stm32f1xx_hal_adc.o
    0x08001684   0x08001684   0x00000046   Code   RO         1560    i.HAL_DMA_Abort     stm32f1xx_hal_dma.o
    0x080016ca   0x080016ca   0x00000002   PAD
    0x080016cc   0x080016cc   0x00000098   Code   RO         1561    i.HAL_DMA_Abort_IT  stm32f1xx_hal_dma.o
    0x08001764   0x08001764   0x0000000c   Code   RO          774    i.HAL_GPIO_EXTI_Callback  sensors.o
    0x08001770   0x08001770   0x00000018   Code   RO         1495    i.HAL_GPIO_EXTI_IRQHandler  stm32f1xx_hal_gpio.o
    0x08001788   0x08001788   0x000001e0   Code   RO         1496    i.HAL_GPIO_Init     stm32f1xx_hal_gpio.o
    0x08001968   0x08001968   0x0000000a   Code   RO         1498    i.HAL_GPIO_ReadPin  stm32f1xx_hal_gpio.o
    0x08001972   0x08001972   0x0000000a   Code   RO         1500    i.HAL_GPIO_WritePin  stm32f1xx_hal_gpio.o
    0x0800197c   0x0800197c   0x0000000c   Code   RO         1190    i.HAL_GetTick       stm32f1xx_hal.o
    0x08001988   0x08001988   0x00000010   Code   RO         1196    i.HAL_IncTick       stm32f1xx_hal.o
    0x08001998   0x08001998   0x00000024   Code   RO         1197    i.HAL_Init          stm32f1xx_hal.o
    0x080019bc   0x080019bc   0x00000098   Code   RO          384    i.HAL_InitTick      stm32f1xx_hal_timebase_tim.o
    0x08001a54   0x08001a54   0x00000048   Code   RO          326    i.HAL_MspInit       stm32f1xx_hal_msp.o
    0x08001a9c   0x08001a9c   0x0000001a   Code   RO         1656    i.HAL_NVIC_EnableIRQ  stm32f1xx_hal_cortex.o
    0x08001ab6   0x08001ab6   0x00000002   PAD
    0x08001ab8   0x08001ab8   0x00000040   Code   RO         1662    i.HAL_NVIC_SetPriority  stm32f1xx_hal_cortex.o
    0x08001af8   0x08001af8   0x00000024   Code   RO         1663    i.HAL_NVIC_SetPriorityGrouping  stm32f1xx_hal_cortex.o
    0x08001b1c   0x08001b1c   0x000000a4   Code   RO         1457    i.HAL_RCCEx_GetPeriphCLKFreq  stm32f1xx_hal_rcc_ex.o
    0x08001bc0   0x08001bc0   0x000000ec   Code   RO         1458    i.HAL_RCCEx_PeriphCLKConfig  stm32f1xx_hal_rcc_ex.o
    0x08001cac   0x08001cac   0x0000012c   Code   RO         1354    i.HAL_RCC_ClockConfig  stm32f1xx_hal_rcc.o
    0x08001dd8   0x08001dd8   0x00000040   Code   RO         1358    i.HAL_RCC_GetClockConfig  stm32f1xx_hal_rcc.o
    0x08001e18   0x08001e18   0x00000020   Code   RO         1361    i.HAL_RCC_GetPCLK1Freq  stm32f1xx_hal_rcc.o
    0x08001e38   0x08001e38   0x00000020   Code   RO         1362    i.HAL_RCC_GetPCLK2Freq  stm32f1xx_hal_rcc.o
    0x08001e58   0x08001e58   0x0000004c   Code   RO         1363    i.HAL_RCC_GetSysClockFreq  stm32f1xx_hal_rcc.o
    0x08001ea4   0x08001ea4   0x00000320   Code   RO         1366    i.HAL_RCC_OscConfig  stm32f1xx_hal_rcc.o
    0x080021c4   0x080021c4   0x000000b2   Code   RO         2167    i.HAL_SPI_Init      stm32f1xx_hal_spi.o
    0x08002276   0x08002276   0x00000002   PAD
    0x08002278   0x08002278   0x0000005c   Code   RO          328    i.HAL_SPI_MspInit   stm32f1xx_hal_msp.o
    0x080022d4   0x080022d4   0x00000166   Code   RO         2175    i.HAL_SPI_Transmit  stm32f1xx_hal_spi.o
    0x0800243a   0x0800243a   0x00000002   Code   RO         3184    i.HAL_TIMEx_BreakCallback  stm32f1xx_hal_tim_ex.o
    0x0800243c   0x0800243c   0x00000002   Code   RO         3185    i.HAL_TIMEx_CommutCallback  stm32f1xx_hal_tim_ex.o
    0x0800243e   0x0800243e   0x00000002   PAD
    0x08002440   0x08002440   0x00000068   Code   RO         3203    i.HAL_TIMEx_MasterConfigSynchronization  stm32f1xx_hal_tim_ex.o
    0x080024a8   0x080024a8   0x0000005a   Code   RO         2480    i.HAL_TIM_Base_Init  stm32f1xx_hal_tim.o
    0x08002502   0x08002502   0x00000002   PAD
    0x08002504   0x08002504   0x00000028   Code   RO         5410    i.HAL_TIM_Base_MspInit  tim.o
    0x0800252c   0x0800252c   0x00000058   Code   RO         2485    i.HAL_TIM_Base_Start_IT  stm32f1xx_hal_tim.o
    0x08002584   0x08002584   0x000000dc   Code   RO         2489    i.HAL_TIM_ConfigClockSource  stm32f1xx_hal_tim.o
    0x08002660   0x08002660   0x00000002   Code   RO         2514    i.HAL_TIM_IC_CaptureCallback  stm32f1xx_hal_tim.o
    0x08002662   0x08002662   0x00000130   Code   RO         2528    i.HAL_TIM_IRQHandler  stm32f1xx_hal_tim.o
    0x08002792   0x08002792   0x00000002   Code   RO         2531    i.HAL_TIM_OC_DelayElapsedCallback  stm32f1xx_hal_tim.o
    0x08002794   0x08002794   0x00000002   Code   RO         2558    i.HAL_TIM_PWM_PulseFinishedCallback  stm32f1xx_hal_tim.o
    0x08002796   0x08002796   0x00000002   PAD
    0x08002798   0x08002798   0x00000014   Code   RO            5    i.HAL_TIM_PeriodElapsedCallback  main.o
    0x080027ac   0x080027ac   0x00000002   Code   RO         2571    i.HAL_TIM_TriggerCallback  stm32f1xx_hal_tim.o
    0x080027ae   0x080027ae   0x00000002   Code   RO         3463    i.HAL_UARTEx_RxEventCallback  stm32f1xx_hal_uart.o
    0x080027b0   0x080027b0   0x00000002   Code   RO         3477    i.HAL_UART_ErrorCallback  stm32f1xx_hal_uart.o
    0x080027b2   0x080027b2   0x00000002   PAD
    0x080027b4   0x080027b4   0x0000026c   Code   RO         3480    i.HAL_UART_IRQHandler  stm32f1xx_hal_uart.o
    0x08002a20   0x08002a20   0x00000064   Code   RO         3481    i.HAL_UART_Init     stm32f1xx_hal_uart.o
    0x08002a84   0x08002a84   0x000000cc   Code   RO          330    i.HAL_UART_MspInit  stm32f1xx_hal_msp.o
    0x08002b50   0x08002b50   0x0000001c   Code   RO         3486    i.HAL_UART_Receive_IT  stm32f1xx_hal_uart.o
    0x08002b6c   0x08002b6c   0x0000002c   Code   RO         5369    i.HAL_UART_RxCpltCallback  usart.o
    0x08002b98   0x08002b98   0x000000a0   Code   RO         3489    i.HAL_UART_Transmit  stm32f1xx_hal_uart.o
    0x08002c38   0x08002c38   0x00000002   Code   RO         3492    i.HAL_UART_TxCpltCallback  stm32f1xx_hal_uart.o
    0x08002c3a   0x08002c3a   0x00000002   Code   RO          251    i.HardFault_Handler  stm32f1xx_it.o
    0x08002c3c   0x08002c3c   0x00000002   Code   RO          252    i.MemManage_Handler  stm32f1xx_it.o
    0x08002c3e   0x08002c3e   0x00000002   Code   RO          253    i.NMI_Handler       stm32f1xx_it.o
    0x08002c40   0x08002c40   0x0000004c   Code   RO         5336    i.SPI1_Init         spi.o
    0x08002c8c   0x08002c8c   0x00000034   Code   RO         2205    i.SPI_EndRxTxTransaction  stm32f1xx_hal_spi.o
    0x08002cc0   0x08002cc0   0x000000b8   Code   RO         2210    i.SPI_WaitFlagStateUntilTimeout  stm32f1xx_hal_spi.o
    0x08002d78   0x08002d78   0x00000008   Code   RO            6    i.StartDefaultTask  main.o
    0x08002d80   0x08002d80   0x0000002c   Code   RO         5206    i.SysTick_Handler   port.o
    0x08002dac   0x08002dac   0x00000078   Code   RO            7    i.SystemClock_Config  main.o
    0x08002e24   0x08002e24   0x00000002   Code   RO         3815    i.SystemInit        system_stm32f1xx.o
    0x08002e26   0x08002e26   0x00000002   PAD
    0x08002e28   0x08002e28   0x00000068   Code   RO         5411    i.TIM1_Init         tim.o
    0x08002e90   0x08002e90   0x0000000c   Code   RO          254    i.TIM4_IRQHandler   stm32f1xx_it.o
    0x08002e9c   0x08002e9c   0x00000078   Code   RO         2573    i.TIM_Base_SetConfig  stm32f1xx_hal_tim.o
    0x08002f14   0x08002f14   0x00000014   Code   RO         2584    i.TIM_ETR_SetConfig  stm32f1xx_hal_tim.o
    0x08002f28   0x08002f28   0x00000010   Code   RO         2585    i.TIM_ITRx_SetConfig  stm32f1xx_hal_tim.o
    0x08002f38   0x08002f38   0x00000022   Code   RO         2591    i.TIM_TI1_ConfigInputStage  stm32f1xx_hal_tim.o
    0x08002f5a   0x08002f5a   0x00000024   Code   RO         2593    i.TIM_TI2_ConfigInputStage  stm32f1xx_hal_tim.o
    0x08002f7e   0x08002f7e   0x00000010   Code   RO         3494    i.UART_DMAAbortOnError  stm32f1xx_hal_uart.o
    0x08002f8e   0x08002f8e   0x0000004e   Code   RO         3504    i.UART_EndRxTransfer  stm32f1xx_hal_uart.o
    0x08002fdc   0x08002fdc   0x000000c2   Code   RO         3506    i.UART_Receive_IT   stm32f1xx_hal_uart.o
    0x0800309e   0x0800309e   0x00000002   PAD
    0x080030a0   0x080030a0   0x000000b8   Code   RO         3507    i.UART_SetConfig    stm32f1xx_hal_uart.o
    0x08003158   0x08003158   0x00000036   Code   RO         3509    i.UART_Start_Receive_IT  stm32f1xx_hal_uart.o
    0x0800318e   0x0800318e   0x00000072   Code   RO         3510    i.UART_WaitOnFlagUntilTimeout  stm32f1xx_hal_uart.o
    0x08003200   0x08003200   0x00000038   Code   RO         5370    i.USART1_UART_Init  usart.o
    0x08003238   0x08003238   0x0000000c   Code   RO          255    i.USART2_IRQHandler  stm32f1xx_it.o
    0x08003244   0x08003244   0x00000038   Code   RO         5371    i.USART2_UART_Init  usart.o
    0x0800327c   0x0800327c   0x00000002   Code   RO          256    i.UsageFault_Handler  stm32f1xx_it.o
    0x0800327e   0x0800327e   0x00000020   Code   RO         1669    i.__NVIC_SetPriority  stm32f1xx_hal_cortex.o
    0x0800329e   0x0800329e   0x000000aa   Code   RO         5627    i.__kernel_poly     m_ws.l(poly.o)
    0x08003348   0x08003348   0x00000010   Code   RO         5613    i.__mathlib_dbl_divzero  m_ws.l(dunder.o)
    0x08003358   0x08003358   0x00000006   Code   RO         5614    i.__mathlib_dbl_infnan  m_ws.l(dunder.o)
    0x0800335e   0x0800335e   0x0000000c   Code   RO         5616    i.__mathlib_dbl_invalid  m_ws.l(dunder.o)
    0x0800336a   0x0800336a   0x00000032   Code   RO          775    i.adc_alg_handle    sensors.o
    0x0800339c   0x0800339c   0x00000258   Code   RO          669    i.ble_data_process  ble.o
    0x080035f4   0x080035f4   0x0000005c   Code   RO          670    i.ble_task          ble.o
    0x08003650   0x08003650   0x0000000c   Code   RO          463    i.btnRead           button.o
    0x0800365c   0x0800365c   0x000000b4   Code   RO          464    i.button_scan       button.o
    0x08003710   0x08003710   0x00000030   Code   RO          465    i.button_task       button.o
    0x08003740   0x08003740   0x00000060   Code   RO          776    i.calculate_temp    sensors.o
    0x080037a0   0x080037a0   0x00000058   Code   RO          575    i.conti_move        motor.o
    0x080037f8   0x080037f8   0x00000018   Code   RO            8    i.fputc             main.o
    0x08003810   0x08003810   0x00000008   Code   RO          527    i.get_device_state  device.o
    0x08003818   0x08003818   0x0000006c   Code   RO          777    i.get_sensors_data  sensors.o
    0x08003884   0x08003884   0x0000005c   Code   RO          778    i.get_temp_data     sensors.o
    0x080038e0   0x080038e0   0x0000000c   Code   RO         4781    i.inHandlerMode     cmsis_os.o
    0x080038ec   0x080038ec   0x000001a4   Code   RO          671    i.init_ble          ble.o
    0x08003a90   0x08003a90   0x0000004c   Code   RO          840    i.init_print_queue  print_queue.o
    0x08003adc   0x08003adc   0x00000024   Code   RO          466    i.key_click_handle  button.o
    0x08003b00   0x08003b00   0x0000001c   Code   RO          467    i.key_long_click_free_handle  button.o
    0x08003b1c   0x08003b1c   0x00000048   Code   RO          468    i.key_long_click_handle  button.o
    0x08003b64   0x08003b64   0x00000010   Code   RO          714    i.latch_write       printer.o
    0x08003b74   0x08003b74   0x0000035c   Code   RO         5567    i.log               m_ws.l(log.o)
    0x08003ed0   0x08003ed0   0x00000060   Code   RO            9    i.main              main.o
    0x08003f30   0x08003f30   0x0000000c   Code   RO         4783    i.makeFreeRtosPriority  cmsis_os.o
    0x08003f3c   0x08003f3c   0x000000ac   Code   RO          578    i.motor_run_steps   motor.o
    0x08003fe8   0x08003fe8   0x00000030   Code   RO          579    i.motor_start       motor.o
    0x08004018   0x08004018   0x0000003c   Code   RO          580    i.motor_stop        motor.o
    0x08004054   0x08004054   0x00000010   Code   RO          581    i.motor_write       motor.o
    0x08004064   0x08004064   0x0000000e   Code   RO         4785    i.osDelay           cmsis_os.o
    0x08004072   0x08004072   0x0000000a   Code   RO         4788    i.osKernelStart     cmsis_os.o
    0x0800407c   0x0800407c   0x00000054   Code   RO         4822    i.osThreadCreate    cmsis_os.o
    0x080040d0   0x080040d0   0x00000040   Code   RO         4833    i.osTimerCreate     cmsis_os.o
    0x08004110   0x08004110   0x0000005c   Code   RO         4835    i.osTimerStart      cmsis_os.o
    0x0800416c   0x0800416c   0x00000058   Code   RO         4836    i.osTimerStop       cmsis_os.o
    0x080041c4   0x080041c4   0x0000001a   Code   RO          715    i.print_and_move    printer.o
    0x080041de   0x080041de   0x00000002   PAD
    0x080041e0   0x080041e0   0x00000090   Code   RO          716    i.print_line        printer.o
    0x08004270   0x08004270   0x00000094   Code   RO          717    i.print_task        printer.o
    0x08004304   0x08004304   0x00000070   Code   RO         4323    i.prvAddCurrentTaskToDelayedList  tasks.o
    0x08004374   0x08004374   0x000000d0   Code   RO         4324    i.prvAddNewTaskToReadyList  tasks.o
    0x08004444   0x08004444   0x00000058   Code   RO         4637    i.prvCheckForValidListAndQueue  timers.o
    0x0800449c   0x0800449c   0x00000026   Code   RO         3993    i.prvCopyDataFromQueue  queue.o
    0x080044c2   0x080044c2   0x0000006c   Code   RO         3994    i.prvCopyDataToQueue  queue.o
    0x0800452e   0x0800452e   0x00000034   Code   RO         4325    i.prvDeleteTCB      tasks.o
    0x08004562   0x08004562   0x00000002   PAD
    0x08004564   0x08004564   0x00000048   Code   RO         5150    i.prvHeapInit       heap_4.o
    0x080045ac   0x080045ac   0x00000060   Code   RO         4326    i.prvIdleTask       tasks.o
    0x0800460c   0x0800460c   0x00000016   Code   RO         3996    i.prvInitialiseNewQueue  queue.o
    0x08004622   0x08004622   0x00000098   Code   RO         4327    i.prvInitialiseNewTask  tasks.o
    0x080046ba   0x080046ba   0x0000004e   Code   RO         4638    i.prvInitialiseNewTimer  timers.o
    0x08004708   0x08004708   0x0000004c   Code   RO         5151    i.prvInsertBlockIntoFreeList  heap_4.o
    0x08004754   0x08004754   0x00000038   Code   RO         4639    i.prvInsertTimerInActiveList  timers.o
    0x0800478c   0x0800478c   0x0000001c   Code   RO         3997    i.prvIsQueueEmpty   queue.o
    0x080047a8   0x080047a8   0x000000f0   Code   RO         4640    i.prvProcessReceivedCommands  timers.o
    0x08004898   0x08004898   0x000000c0   Code   RO         4641    i.prvProcessTimerOrBlockTask  timers.o
    0x08004958   0x08004958   0x00000020   Code   RO         4328    i.prvResetNextTaskUnblockTime  tasks.o
    0x08004978   0x08004978   0x00000028   Code   RO         4642    i.prvSampleTimeNow  timers.o
    0x080049a0   0x080049a0   0x0000006c   Code   RO         4643    i.prvSwitchTimerLists  timers.o
    0x08004a0c   0x08004a0c   0x00000028   Code   RO         5207    i.prvTaskExitError  port.o
    0x08004a34   0x08004a34   0x00000024   Code   RO         4644    i.prvTimerTask      timers.o
    0x08004a58   0x08004a58   0x0000006a   Code   RO         3998    i.prvUnlockQueue    queue.o
    0x08004ac2   0x08004ac2   0x00000002   PAD
    0x08004ac4   0x08004ac4   0x000000dc   Code   RO         5152    i.pvPortMalloc      heap_4.o
    0x08004ba0   0x08004ba0   0x00000024   Code   RO         5208    i.pxPortInitialiseStack  port.o
    0x08004bc4   0x08004bc4   0x0000004c   Code   RO          779    i.read_bat          sensors.o
    0x08004c10   0x08004c10   0x00000044   Code   RO          780    i.read_sensors      sensors.o
    0x08004c54   0x08004c54   0x00000074   Code   RO          528    i.report_task       device.o
    0x08004cc8   0x08004cc8   0x000000a4   Code   RO          718    i.send_one_line     printer.o
    0x08004d6c   0x08004d6c   0x0000000c   Code   RO          529    i.set_device_paper_status  device.o
    0x08004d78   0x08004d78   0x0000002c   Code   RO          719    i.set_heat_density  printer.o
    0x08004da4   0x08004da4   0x0000000c   Code   RO          530    i.set_read_ble_finish  device.o
    0x08004db0   0x08004db0   0x00000014   Code   RO         5337    i.spi_transmit      spi.o
    0x08004dc4   0x08004dc4   0x00000090   Code   RO          645    i.start_tasks       my_task.o
    0x08004e54   0x08004e54   0x00000018   Code   RO          720    i.stb_write         printer.o
    0x08004e6c   0x08004e6c   0x00000026   Code   RO         3953    i.uxListRemove      list.o
    0x08004e92   0x08004e92   0x00000002   PAD
    0x08004e94   0x08004e94   0x00000014   Code   RO          208    i.vApplicationGetIdleTaskMemory  freertos.o
    0x08004ea8   0x08004ea8   0x00000018   Code   RO          209    i.vApplicationGetTimerTaskMemory  freertos.o
    0x08004ec0   0x08004ec0   0x00000016   Code   RO         3954    i.vListInitialise   list.o
    0x08004ed6   0x08004ed6   0x00000006   Code   RO         3955    i.vListInitialiseItem  list.o
    0x08004edc   0x08004edc   0x00000030   Code   RO         3956    i.vListInsert       list.o
    0x08004f0c   0x08004f0c   0x00000018   Code   RO         3957    i.vListInsertEnd    list.o
    0x08004f24   0x08004f24   0x00000040   Code   RO         5210    i.vPortEnterCritical  port.o
    0x08004f64   0x08004f64   0x00000028   Code   RO         5211    i.vPortExitCritical  port.o
    0x08004f8c   0x08004f8c   0x00000064   Code   RO         5153    i.vPortFree         heap_4.o
    0x08004ff0   0x08004ff0   0x00000024   Code   RO         5212    i.vPortSetupTimerInterrupt  port.o
    0x08005014   0x08005014   0x00000054   Code   RO         5213    i.vPortValidateInterruptPriority  port.o
    0x08005068   0x08005068   0x00000028   Code   RO         4002    i.vQueueAddToRegistry  queue.o
    0x08005090   0x08005090   0x00000044   Code   RO         4005    i.vQueueWaitForMessageRestricted  queue.o
    0x080050d4   0x080050d4   0x0000004c   Code   RO         4337    i.vTaskDelay        tasks.o
    0x08005120   0x08005120   0x00000010   Code   RO         4340    i.vTaskInternalSetTimeOutState  tasks.o
    0x08005130   0x08005130   0x0000000c   Code   RO         4341    i.vTaskMissedYield  tasks.o
    0x0800513c   0x0800513c   0x00000030   Code   RO         4343    i.vTaskPlaceOnEventList  tasks.o
    0x0800516c   0x0800516c   0x00000038   Code   RO         4344    i.vTaskPlaceOnEventListRestricted  tasks.o
    0x080051a4   0x080051a4   0x00000088   Code   RO         4351    i.vTaskStartScheduler  tasks.o
    0x0800522c   0x0800522c   0x00000010   Code   RO         4353    i.vTaskSuspendAll   tasks.o
    0x0800523c   0x0800523c   0x0000005c   Code   RO         4354    i.vTaskSwitchContext  tasks.o
    0x08005298   0x08005298   0x000000a8   Code   RO         5214    i.xPortStartScheduler  port.o
    0x08005340   0x08005340   0x00000042   Code   RO         4008    i.xQueueGenericCreate  queue.o
    0x08005382   0x08005382   0x00000066   Code   RO         4009    i.xQueueGenericCreateStatic  queue.o
    0x080053e8   0x080053e8   0x00000088   Code   RO         4010    i.xQueueGenericReset  queue.o
    0x08005470   0x08005470   0x00000160   Code   RO         4011    i.xQueueGenericSend  queue.o
    0x080055d0   0x080055d0   0x000000be   Code   RO         4012    i.xQueueGenericSendFromISR  queue.o
    0x0800568e   0x0800568e   0x00000002   PAD
    0x08005690   0x08005690   0x00000138   Code   RO         4018    i.xQueueReceive     queue.o
    0x080057c8   0x080057c8   0x00000074   Code   RO         4356    i.xTaskCheckForTimeOut  tasks.o
    0x0800583c   0x0800583c   0x0000005a   Code   RO         4357    i.xTaskCreate       tasks.o
    0x08005896   0x08005896   0x00000056   Code   RO         4358    i.xTaskCreateStatic  tasks.o
    0x080058ec   0x080058ec   0x0000001c   Code   RO         4362    i.xTaskGetSchedulerState  tasks.o
    0x08005908   0x08005908   0x0000000c   Code   RO         4363    i.xTaskGetTickCount  tasks.o
    0x08005914   0x08005914   0x000000cc   Code   RO         4365    i.xTaskIncrementTick  tasks.o
    0x080059e0   0x080059e0   0x00000098   Code   RO         4368    i.xTaskPriorityDisinherit  tasks.o
    0x08005a78   0x08005a78   0x00000074   Code   RO         4370    i.xTaskRemoveFromEventList  tasks.o
    0x08005aec   0x08005aec   0x000000c4   Code   RO         4371    i.xTaskResumeAll    tasks.o
    0x08005bb0   0x08005bb0   0x00000034   Code   RO         4649    i.xTimerCreate      timers.o
    0x08005be4   0x08005be4   0x0000002e   Code   RO         4650    i.xTimerCreateStatic  timers.o
    0x08005c12   0x08005c12   0x00000002   PAD
    0x08005c14   0x08005c14   0x00000060   Code   RO         4651    i.xTimerCreateTimerTask  timers.o
    0x08005c74   0x08005c74   0x00000060   Code   RO         4652    i.xTimerGenericCommand  timers.o
    0x08005cd4   0x08005cd4   0x00000062   Code   RO         5526    x$fpl$d2f           fz_ws.l(d2f.o)
    0x08005d36   0x08005d36   0x00000002   PAD
    0x08005d38   0x08005d38   0x00000150   Code   RO         5528    x$fpl$dadd          fz_ws.l(daddsub_clz.o)
    0x08005e88   0x08005e88   0x00000010   Code   RO         5660    x$fpl$dcheck1       fz_ws.l(dcheck1.o)
    0x08005e98   0x08005e98   0x00000018   Code   RO         5662    x$fpl$dcmpinf       fz_ws.l(dcmpi.o)
    0x08005eb0   0x08005eb0   0x000002b0   Code   RO         5535    x$fpl$ddiv          fz_ws.l(ddiv.o)
    0x08006160   0x08006160   0x00000078   Code   RO         5592    x$fpl$deqf          fz_ws.l(deqf.o)
    0x080061d8   0x080061d8   0x0000002e   Code   RO         5595    x$fpl$dflt          fz_ws.l(dflt_clz.o)
    0x08006206   0x08006206   0x00000002   PAD
    0x08006208   0x08006208   0x00000154   Code   RO         5538    x$fpl$dmul          fz_ws.l(dmul.o)
    0x0800635c   0x0800635c   0x0000009c   Code   RO         5600    x$fpl$dnaninf       fz_ws.l(dnaninf.o)
    0x080063f8   0x080063f8   0x0000000c   Code   RO         5602    x$fpl$dretinf       fz_ws.l(dretinf.o)
    0x08006404   0x08006404   0x00000016   Code   RO         5529    x$fpl$drsb          fz_ws.l(daddsub_clz.o)
    0x0800641a   0x0800641a   0x00000002   PAD
    0x0800641c   0x0800641c   0x000001d4   Code   RO         5530    x$fpl$dsub          fz_ws.l(daddsub_clz.o)
    0x080065f0   0x080065f0   0x00000056   Code   RO         5540    x$fpl$f2d           fz_ws.l(f2d.o)
    0x08006646   0x08006646   0x00000002   PAD
    0x08006648   0x08006648   0x000000c4   Code   RO         5542    x$fpl$fadd          fz_ws.l(faddsub_clz.o)
    0x0800670c   0x0800670c   0x0000000c   Code   RO         5604    x$fpl$fcheck1       fz_ws.l(fcheck1.o)
    0x08006718   0x08006718   0x00000184   Code   RO         5549    x$fpl$fdiv          fz_ws.l(fdiv.o)
    0x0800689c   0x0800689c   0x0000003e   Code   RO         5552    x$fpl$ffixu         fz_ws.l(ffixu.o)
    0x080068da   0x080068da   0x00000002   PAD
    0x080068dc   0x080068dc   0x00000026   Code   RO         5556    x$fpl$ffltu         fz_ws.l(fflt_clz.o)
    0x08006902   0x08006902   0x00000002   PAD
    0x08006904   0x08006904   0x00000102   Code   RO         5562    x$fpl$fmul          fz_ws.l(fmul.o)
    0x08006a06   0x08006a06   0x0000008c   Code   RO         5606    x$fpl$fnaninf       fz_ws.l(fnaninf.o)
    0x08006a92   0x08006a92   0x0000000a   Code   RO         5608    x$fpl$fretinf       fz_ws.l(fretinf.o)
    0x08006a9c   0x08006a9c   0x000000ea   Code   RO         5544    x$fpl$fsub          fz_ws.l(faddsub_clz.o)
    0x08006b86   0x08006b86   0x00000064   Code   RO         5664    x$fpl$retnan        fz_ws.l(retnan.o)
    0x08006bea   0x08006bea   0x0000005c   Code   RO         5610    x$fpl$scalbn        fz_ws.l(scalbn.o)
    0x08006c46   0x08006c46   0x0000004c   Code   RO         5564    x$fpl$scalbnf       fz_ws.l(scalbnf.o)
    0x08006c92   0x08006c92   0x00000030   Code   RO         5822    x$fpl$trapveneer    fz_ws.l(trapv.o)
    0x08006cc2   0x08006cc2   0x00000000   Code   RO         5612    x$fpl$usenofp       fz_ws.l(usenofp.o)
    0x08006cc2   0x08006cc2   0x00000002   PAD
    0x08006cc4   0x08006cc4   0x0000001c   Data   RO           10    .constdata          main.o
    0x08006ce0   0x08006ce0   0x00000008   Data   RO          582    .constdata          motor.o
    0x08006ce8   0x08006ce8   0x00000012   Data   RO         1367    .constdata          stm32f1xx_hal_rcc.o
    0x08006cfa   0x08006cfa   0x00000012   Data   RO         1459    .constdata          stm32f1xx_hal_rcc_ex.o
    0x08006d0c   0x08006d0c   0x00000010   Data   RO         3816    .constdata          system_stm32f1xx.o
    0x08006d1c   0x08006d1c   0x00000008   Data   RO         3817    .constdata          system_stm32f1xx.o
    0x08006d24   0x08006d24   0x00000028   Data   RO         5466    .constdata          c_w.l(_printf_hex_int.o)
    0x08006d4c   0x08006d4c   0x00000004   PAD
    0x08006d50   0x08006d50   0x00000038   Data   RO         5568    .constdata          m_ws.l(log.o)
    0x08006d88   0x08006d88   0x00000008   Data   RO         5629    .constdata          m_ws.l(qnan.o)
    0x08006d90   0x08006d90   0x00000004   Data   RO         5667    .constdata          c_w.l(sys_io.o)
    0x08006d94   0x08006d94   0x00000004   Data   RO         5668    .constdata          c_w.l(sys_io.o)
    0x08006d98   0x08006d98   0x00000004   Data   RO         5669    .constdata          c_w.l(sys_io.o)
    0x08006d9c   0x08006d9c   0x0000000c   Data   RO           11    .conststring        main.o
    0x08006da8   0x08006da8   0x00000038   Data   RO          673    .conststring        ble.o
    0x08006de0   0x08006de0   0x00000020   Data   RO         5941    Region$$Table       anon$$obj.o


    Execution Region RW_IRAM1 (Exec base: 0x20000000, Load base: 0x08006e00, Size: 0x00004de0, Max: 0x00005000, ABSOLUTE)

    Exec Addr    Load Addr    Size         Type   Attr      Idx    E Section Name        Object

    0x20000000   0x08006e00   0x00000004   Data   RW           12    .data               main.o
    0x20000004   0x08006e04   0x00000008   Data   RW          469    .data               button.o
    0x2000000c   0x08006e0c   0x00000005   Data   RW          531    .data               device.o
    0x20000011   0x08006e11   0x00000003   PAD
    0x20000014   0x08006e14   0x00000028   Data   RW          583    .data               motor.o
    0x2000003c   0x08006e3c   0x00000018   Data   RW          674    .data               ble.o
    0x20000054   0x08006e54   0x0000000e   Data   RW          722    .data               printer.o
    0x20000062   0x08006e62   0x00000002   PAD
    0x20000064   0x08006e64   0x00000008   Data   RW          784    .data               sensors.o
    0x2000006c   0x08006e6c   0x00000004   Data   RW          841    .data               print_queue.o
    0x20000070   0x08006e70   0x0000000c   Data   RW         1204    .data               stm32f1xx_hal.o
    0x2000007c   0x08006e7c   0x00000004   Data   RW         3818    .data               system_stm32f1xx.o
    0x20000080   0x08006e80   0x0000003c   Data   RW         4374    .data               tasks.o
    0x200000bc   0x08006ebc   0x00000014   Data   RW         4658    .data               timers.o
    0x200000d0   0x08006ed0   0x00000020   Data   RW         5159    .data               heap_4.o
    0x200000f0   0x08006ef0   0x0000000c   Data   RW         5215    .data               port.o
    0x200000fc   0x08006efc   0x00000001   Data   RW         5373    .data               usart.o
    0x200000fd   0x08006efd   0x00000003   PAD
    0x20000100   0x08006f00   0x00000004   Data   RW         5589    .data               c_w.l(stdio_streams.o)
    0x20000104   0x08006f04   0x00000004   Data   RW         5590    .data               c_w.l(stdio_streams.o)
    0x20000108   0x08006f08   0x00000004   Data   RW         5591    .data               c_w.l(stdio_streams.o)
    0x2000010c        -       0x000006a8   Zero   RW          210    .bss                freertos.o
    0x200007b4        -       0x00000048   Zero   RW          387    .bss                stm32f1xx_hal_timebase_tim.o
    0x200007fc        -       0x00000030   Zero   RW          672    .bss                ble.o
    0x2000082c        -       0x00000048   Zero   RW          721    .bss                printer.o
    0x20000874        -       0x00000040   Zero   RW         4021    .bss                queue.o
    0x200008b4        -       0x000000f0   Zero   RW         4373    .bss                tasks.o
    0x200009a4        -       0x000000e8   Zero   RW         4657    .bss                timers.o
    0x20000a8c        -       0x00003a98   Zero   RW         5158    .bss                heap_4.o
    0x20004524        -       0x00000030   Zero   RW         5286    .bss                adc.o
    0x20004554        -       0x00000058   Zero   RW         5338    .bss                spi.o
    0x200045ac        -       0x00000090   Zero   RW         5372    .bss                usart.o
    0x2000463c        -       0x00000048   Zero   RW         5412    .bss                tim.o
    0x20004684        -       0x00000054   Zero   RW         5586    .bss                c_w.l(stdio_streams.o)
    0x200046d8        -       0x00000054   Zero   RW         5587    .bss                c_w.l(stdio_streams.o)
    0x2000472c        -       0x00000054   Zero   RW         5588    .bss                c_w.l(stdio_streams.o)
    0x20004780        -       0x00000060   Zero   RW         5672    .bss                c_w.l(libspace.o)
    0x200047e0        -       0x00000200   Zero   RW          421    HEAP                startup_stm32f103xb.o
    0x200049e0        -       0x00000400   Zero   RW          420    STACK               startup_stm32f103xb.o


==============================================================================

Image component sizes


      Code (inc. data)   RO Data    RW Data    ZI Data      Debug   Object Name

       104         10          0          0         48        748   adc.o
      1112        510         56         24         48       3354   ble.o
       376        136          0          8          0       4787   button.o
       376         14          0          0          0      29726   cmsis_os.o
       148         46          0          5          0       2945   device.o
         0          0          0          0          0      20120   event_groups.o
        44         10          0          0       1704       1933   freertos.o
       240         18          0          0          0        968   gpio.o
       468         22          0         32      15000       4775   heap_4.o
       138          0          0          0          0       3398   list.o
       272         26         40          4          0     484602   main.o
       384         32          8         40          0       3406   motor.o
       144         64          0          0          0        466   my_task.o
       662         70          0         12          0      11089   port.o
        76         44          0          4          0        713   print_queue.o
       566         98          0         14         72       4991   printer.o
      1568         20          0          0         64      17966   queue.o
       502         74          0          8          0       5095   sensors.o
        96         16          0          0         88       1455   spi.o
        64         26        236          0       1536        772   startup_stm32f103xb.o
        64         14          0         12          0       4646   stm32f1xx_hal.o
      1312         54          0          0          0       7247   stm32f1xx_hal_adc.o
       158         14          0          0          0      28194   stm32f1xx_hal_cortex.o
       222          4          0          0          0       1775   stm32f1xx_hal_dma.o
       524         40          0          0          0       4114   stm32f1xx_hal_gpio.o
       456         54          0          0          0       3069   stm32f1xx_hal_msp.o
      1304         94         18          0          0       5749   stm32f1xx_hal_rcc.o
       400         28         18          0          0       2477   stm32f1xx_hal_rcc_ex.o
       772          4          0          0          0       4358   stm32f1xx_hal_spi.o
       936         24          0          0          0       9877   stm32f1xx_hal_tim.o
       108         12          0          0          0       2409   stm32f1xx_hal_tim_ex.o
       152         20          0          0         72       1483   stm32f1xx_hal_timebase_tim.o
      1554         10          0          0          0      10980   stm32f1xx_hal_uart.o
        44         12          0          0          0       3888   stm32f1xx_it.o
         0          0          0          0          0        384   stream_buffer.o
         2          0         24          4          0       1119   system_stm32f1xx.o
      2104        160          0         60        240      26048   tasks.o
       144         18          0          0         72       1619   tim.o
      1128         80          0         20        232      32823   timers.o
       156         24          0          1        144       2189   usart.o

    ----------------------------------------------------------------------
     18916       1902        432        256      19320     757757   Object Totals
         0          0         32          0          0          0   (incl. Generated)
        36          0          0          8          0          0   (incl. Padding)

    ----------------------------------------------------------------------

      Code (inc. data)   RO Data    RW Data    ZI Data      Debug   Library Member Name

         8          0          0          0          0         68   __main.o
       104          0          0          0          0         84   __printf.o
         0          0          0          0          0          0   __rtentry.o
        12          0          0          0          0          0   __rtentry2.o
         6          0          0          0          0          0   __rtentry4.o
        52          8          0          0          0          0   __scatter.o
        26          0          0          0          0          0   __scatter_copy.o
        28          0          0          0          0          0   __scatter_zi.o
        44          0          0          0          0        108   _printf_char.o
        48          6          0          0          0         96   _printf_char_common.o
        36          4          0          0          0         80   _printf_char_file.o
         6          0          0          0          0          0   _printf_d.o
       120         16          0          0          0         92   _printf_dec.o
        88          4         40          0          0         88   _printf_hex_int.o
       178          0          0          0          0         88   _printf_intcommon.o
         0          0          0          0          0          0   _printf_percent.o
         4          0          0          0          0          0   _printf_percent_end.o
         6          0          0          0          0          0   _printf_s.o
        82          0          0          0          0         80   _printf_str.o
         6          0          0          0          0          0   _printf_u.o
         6          0          0          0          0          0   _printf_x.o
        22          0          0          0          0        100   _rserrno.o
        10          0          0          0          0         68   defsig_exit.o
        50          0          0          0          0         88   defsig_general.o
        80         58          0          0          0         76   defsig_rtmem_inner.o
        14          0          0          0          0         80   defsig_rtmem_outer.o
        52         38          0          0          0         76   defsig_rtred_inner.o
        14          0          0          0          0         80   defsig_rtred_outer.o
        18          0          0          0          0         80   exit.o
        76          0          0          0          0         88   fclose.o
         8          0          0          0          0         68   ferror.o
       236          4          0          0          0        128   fopen.o
       248          6          0          0          0         84   fseek.o
        66          0          0          0          0         76   ftell.o
        94          0          0          0          0         80   h1_alloc.o
        52          0          0          0          0         68   h1_extend.o
        78          0          0          0          0         80   h1_free.o
        14          0          0          0          0         84   h1_init.o
         6          0          0          0          0        152   heapauxi.o
         4          0          0          0          0        136   hguard.o
         0          0          0          0          0          0   indicate_semi.o
       138          0          0          0          0        168   init_alloc.o
       312         46          0          0          0        112   initio.o
         2          0          0          0          0          0   libinit.o
        14          0          0          0          0          0   libinit2.o
         2          0          0          0          0          0   libshutdown.o
         6          0          0          0          0          0   libshutdown2.o
         8          4          0          0         96         68   libspace.o
         0          0          0          0          0          0   maybetermalloc1.o
        24          4          0          0          0         84   noretval__2printf.o
         8          4          0          0          0         68   rt_errno_addr_intlibspace.o
         8          4          0          0          0         68   rt_heap_descriptor_intlibspace.o
        68          0          0          0          0         68   rt_memclr.o
        78          0          0          0          0         80   rt_memclr_w.o
       138          0          0          0          0         68   rt_memcpy_v6.o
       100          0          0          0          0         80   rt_memcpy_w.o
         2          0          0          0          0          0   rtexit.o
        10          0          0          0          0          0   rtexit2.o
        70          0          0          0          0         80   setvbuf.o
       240          6          0          0          0        156   stdio.o
         0          0          0         12        252          0   stdio_streams.o
        62          0          0          0          0         76   strlen.o
        36          0          0          0          0         80   strstr.o
        12          4          0          0          0         68   sys_exit.o
       102          0         12          0          0        240   sys_io.o
        74          0          0          0          0         80   sys_stackheap_outer.o
        14          0          0          0          0         76   sys_wrch.o
         2          0          0          0          0         68   use_no_semi.o
        98          4          0          0          0         92   d2f.o
       826         16          0          0          0        348   daddsub_clz.o
        16          4          0          0          0         68   dcheck1.o
        24          0          0          0          0         68   dcmpi.o
       688        140          0          0          0        208   ddiv.o
       120          4          0          0          0         92   deqf.o
        46          0          0          0          0         68   dflt_clz.o
       340         12          0          0          0        104   dmul.o
       156          4          0          0          0         92   dnaninf.o
        12          0          0          0          0         68   dretinf.o
        86          4          0          0          0         84   f2d.o
       430          8          0          0          0        168   faddsub_clz.o
        12          4          0          0          0         68   fcheck1.o
       388         76          0          0          0         96   fdiv.o
        62          4          0          0          0         84   ffixu.o
        38          0          0          0          0         68   fflt_clz.o
       258          4          0          0          0         84   fmul.o
       140          4          0          0          0         84   fnaninf.o
        10          0          0          0          0         68   fretinf.o
       100          0          0          0          0         68   retnan.o
        92          0          0          0          0         68   scalbn.o
        76          0          0          0          0         68   scalbnf.o
        48          0          0          0          0         68   trapv.o
         0          0          0          0          0          0   usenofp.o
        34          4          0          0          0        204   dunder.o
       860         52         56          0          0        256   log.o
       170          0          0          0          0         96   poly.o
         0          0          8          0          0          0   qnan.o

    ----------------------------------------------------------------------
      8692        560        120         12        348       7104   Library Totals
        30          0          4          0          0          0   (incl. Padding)

    ----------------------------------------------------------------------

      Code (inc. data)   RO Data    RW Data    ZI Data      Debug   Library Name

      3532        216         52         12        348       4264   c_w.l
      4066        288          0          0          0       2284   fz_ws.l
      1064         56         64          0          0        556   m_ws.l

    ----------------------------------------------------------------------
      8692        560        120         12        348       7104   Library Totals

    ----------------------------------------------------------------------

==============================================================================


      Code (inc. data)   RO Data    RW Data    ZI Data      Debug   

     27608       2462        552        268      19668     750765   Grand Totals
     27608       2462        552        268      19668     750765   ELF Image Totals
     27608       2462        552        268          0          0   ROM Totals

==============================================================================

    Total RO  Size (Code + RO Data)                28160 (  27.50kB)
    Total RW  Size (RW Data + ZI Data)             19936 (  19.47kB)
    Total ROM Size (Code + RO Data + RW Data)      28428 (  27.76kB)

==============================================================================

