Component: ARM Compiler 5.06 update 7 (build 960) Tool: armlink [4d3601]

==============================================================================

Section Cross References

    main.o(i.HAL_TIM_PeriodElapsedCallback) refers to stm32f1xx_hal.o(i.HAL_IncTick) for HAL_IncTick
    main.o(i.StartDefaultTask) refers to cmsis_os.o(i.osDelay) for osDelay
    main.o(i.SystemClock_Config) refers to rt_memclr_w.o(.text) for __aeabi_memclr4
    main.o(i.SystemClock_Config) refers to stm32f1xx_hal_rcc.o(i.HAL_RCC_OscConfig) for HAL_RCC_OscConfig
    main.o(i.SystemClock_Config) refers to stm32f1xx_hal_rcc.o(i.HAL_RCC_ClockConfig) for HAL_RCC_ClockConfig
    main.o(i.SystemClock_Config) refers to stm32f1xx_hal_rcc_ex.o(i.HAL_RCCEx_PeriphCLKConfig) for HAL_RCCEx_PeriphCLKConfig
    main.o(i.fputc) refers to stm32f1xx_hal_uart.o(i.HAL_UART_Transmit) for HAL_UART_Transmit
    main.o(i.fputc) refers to usart.o(.bss) for huart1
    main.o(i.main) refers to stm32f1xx_hal.o(i.HAL_Init) for HAL_Init
    main.o(i.main) refers to main.o(i.SystemClock_Config) for SystemClock_Config
    main.o(i.main) refers to gpio.o(i.GPIO_Init) for GPIO_Init
    main.o(i.main) refers to adc.o(i.ADC1_Init) for ADC1_Init
    main.o(i.main) refers to spi.o(i.SPI1_Init) for SPI1_Init
    main.o(i.main) refers to usart.o(i.USART1_UART_Init) for USART1_UART_Init
    main.o(i.main) refers to usart.o(i.USART2_UART_Init) for USART2_UART_Init
    main.o(i.main) refers to tim.o(i.TIM1_Init) for TIM1_Init
    main.o(i.main) refers to noretval__2printf.o(.text) for __2printf
    main.o(i.main) refers to stm32f1xx_hal_uart.o(i.HAL_UART_Receive_IT) for HAL_UART_Receive_IT
    main.o(i.main) refers to rt_memcpy_w.o(.text) for __aeabi_memcpy4
    main.o(i.main) refers to cmsis_os.o(i.osThreadCreate) for osThreadCreate
    main.o(i.main) refers to my_task.o(i.start_tasks) for start_tasks
    main.o(i.main) refers to cmsis_os.o(i.osKernelStart) for osKernelStart
    main.o(i.main) refers to usart.o(.data) for ble_data
    main.o(i.main) refers to usart.o(.bss) for huart2
    main.o(i.main) refers to main.o(.constdata) for .constdata
    main.o(i.main) refers to main.o(.data) for .data
    main.o(.constdata) refers to main.o(.conststring) for .conststring
    main.o(.constdata) refers to main.o(i.StartDefaultTask) for StartDefaultTask
    freertos.o(i.vApplicationGetIdleTaskMemory) refers to freertos.o(.bss) for .bss
    freertos.o(i.vApplicationGetTimerTaskMemory) refers to freertos.o(.bss) for .bss
    stm32f1xx_it.o(i.EXTI9_5_IRQHandler) refers to stm32f1xx_hal_gpio.o(i.HAL_GPIO_EXTI_IRQHandler) for HAL_GPIO_EXTI_IRQHandler
    stm32f1xx_it.o(i.TIM4_IRQHandler) refers to stm32f1xx_hal_tim.o(i.HAL_TIM_IRQHandler) for HAL_TIM_IRQHandler
    stm32f1xx_it.o(i.TIM4_IRQHandler) refers to stm32f1xx_hal_timebase_tim.o(.bss) for htim4
    stm32f1xx_it.o(i.USART2_IRQHandler) refers to stm32f1xx_hal_uart.o(i.HAL_UART_IRQHandler) for HAL_UART_IRQHandler
    stm32f1xx_it.o(i.USART2_IRQHandler) refers to usart.o(.bss) for huart2
    stm32f1xx_hal_msp.o(i.HAL_ADC_MspDeInit) refers to stm32f1xx_hal_gpio.o(i.HAL_GPIO_DeInit) for HAL_GPIO_DeInit
    stm32f1xx_hal_msp.o(i.HAL_ADC_MspInit) refers to stm32f1xx_hal_gpio.o(i.HAL_GPIO_Init) for HAL_GPIO_Init
    stm32f1xx_hal_msp.o(i.HAL_MspInit) refers to stm32f1xx_hal_cortex.o(i.HAL_NVIC_SetPriority) for HAL_NVIC_SetPriority
    stm32f1xx_hal_msp.o(i.HAL_SPI_MspDeInit) refers to stm32f1xx_hal_gpio.o(i.HAL_GPIO_DeInit) for HAL_GPIO_DeInit
    stm32f1xx_hal_msp.o(i.HAL_SPI_MspInit) refers to stm32f1xx_hal_gpio.o(i.HAL_GPIO_Init) for HAL_GPIO_Init
    stm32f1xx_hal_msp.o(i.HAL_UART_MspDeInit) refers to stm32f1xx_hal_gpio.o(i.HAL_GPIO_DeInit) for HAL_GPIO_DeInit
    stm32f1xx_hal_msp.o(i.HAL_UART_MspDeInit) refers to stm32f1xx_hal_cortex.o(i.HAL_NVIC_DisableIRQ) for HAL_NVIC_DisableIRQ
    stm32f1xx_hal_msp.o(i.HAL_UART_MspInit) refers to stm32f1xx_hal_gpio.o(i.HAL_GPIO_Init) for HAL_GPIO_Init
    stm32f1xx_hal_msp.o(i.HAL_UART_MspInit) refers to stm32f1xx_hal_cortex.o(i.HAL_NVIC_SetPriority) for HAL_NVIC_SetPriority
    stm32f1xx_hal_msp.o(i.HAL_UART_MspInit) refers to stm32f1xx_hal_cortex.o(i.HAL_NVIC_EnableIRQ) for HAL_NVIC_EnableIRQ
    stm32f1xx_hal_timebase_tim.o(i.HAL_InitTick) refers to stm32f1xx_hal_rcc.o(i.HAL_RCC_GetClockConfig) for HAL_RCC_GetClockConfig
    stm32f1xx_hal_timebase_tim.o(i.HAL_InitTick) refers to stm32f1xx_hal_rcc.o(i.HAL_RCC_GetPCLK1Freq) for HAL_RCC_GetPCLK1Freq
    stm32f1xx_hal_timebase_tim.o(i.HAL_InitTick) refers to stm32f1xx_hal_tim.o(i.HAL_TIM_Base_Init) for HAL_TIM_Base_Init
    stm32f1xx_hal_timebase_tim.o(i.HAL_InitTick) refers to stm32f1xx_hal_tim.o(i.HAL_TIM_Base_Start_IT) for HAL_TIM_Base_Start_IT
    stm32f1xx_hal_timebase_tim.o(i.HAL_InitTick) refers to stm32f1xx_hal_cortex.o(i.HAL_NVIC_EnableIRQ) for HAL_NVIC_EnableIRQ
    stm32f1xx_hal_timebase_tim.o(i.HAL_InitTick) refers to stm32f1xx_hal_cortex.o(i.HAL_NVIC_SetPriority) for HAL_NVIC_SetPriority
[...]
    _printf_truncate_unsigned                 - Undefined Weak Reference
    _rand_init                                - Undefined Weak Reference
    _signal_finish                            - Undefined Weak Reference
    _signal_init                              - Undefined Weak Reference
    __Vectors_Size                           0x000000ec   Number         0  startup_stm32f103xb.o ABSOLUTE
    __Vectors                                0x08000000   Data           4  startup_stm32f103xb.o(RESET)
    __Vectors_End                            0x080000ec   Data           0  startup_stm32f103xb.o(RESET)
    __main                                   0x080000ed   Thumb Code     8  __main.o(!!!main)
    __scatterload                            0x080000f5   Thumb Code     0  __scatter.o(!!!scatter)
    __scatterload_rt2                        0x080000f5   Thumb Code    44  __scatter.o(!!!scatter)
    __scatterload_rt2_thumb_only             0x080000f5   Thumb Code     0  __scatter.o(!!!scatter)
    __scatterload_null                       0x08000103   Thumb Code     0  __scatter.o(!!!scatter)
    __scatterload_copy                       0x08000129   Thumb Code    26  __scatter_copy.o(!!handler_copy)
    __scatterload_zeroinit                   0x08000145   Thumb Code    28  __scatter_zi.o(!!handler_zi)
    _printf_d                                0x08000161   Thumb Code     0  _printf_d.o(.ARM.Collect$$_printf_percent$$00000009)
    _printf_percent                          0x08000161   Thumb Code     0  _printf_percent.o(.ARM.Collect$$_printf_percent$$00000000)
    _printf_u                                0x08000167   Thumb Code     0  _printf_u.o(.ARM.Collect$$_printf_percent$$0000000A)
    _printf_x                                0x0800016d   Thumb Code     0  _printf_x.o(.ARM.Collect$$_printf_percent$$0000000C)
    _printf_s                                0x08000173   Thumb Code     0  _printf_s.o(.ARM.Collect$$_printf_percent$$00000014)
    _printf_percent_end                      0x08000179   Thumb Code     0  _printf_percent_end.o(.ARM.Collect$$_printf_percent$$00000017)
    __rt_lib_init                            0x0800017d   Thumb Code     0  libinit.o(.ARM.Collect$$libinit$$00000000)
    __rt_lib_init_fp_1                       0x0800017f   Thumb Code     0  libinit2.o(.ARM.Collect$$libinit$$00000002)
    __rt_lib_init_heap_2                     0x0800017f   Thumb Code     0  libinit2.o(.ARM.Collect$$libinit$$00000005)
    __rt_lib_init_preinit_1                  0x0800017f   Thumb Code     0  libinit2.o(.ARM.Collect$$libinit$$00000004)
    __rt_lib_init_atexit_1                   0x08000187   Thumb Code     0  libinit2.o(.ARM.Collect$$libinit$$0000001B)
    __rt_lib_init_clock_1                    0x08000187   Thumb Code     0  libinit2.o(.ARM.Collect$$libinit$$00000021)
    __rt_lib_init_fp_trap_1                  0x08000187   Thumb Code     0  libinit2.o(.ARM.Collect$$libinit$$0000001F)
    __rt_lib_init_getenv_1                   0x08000187   Thumb Code     0  libinit2.o(.ARM.Collect$$libinit$$00000023)
    __rt_lib_init_heap_1                     0x08000187   Thumb Code     0  libinit2.o(.ARM.Collect$$libinit$$0000000A)
    __rt_lib_init_lc_collate_1               0x08000187   Thumb Code     0  libinit2.o(.ARM.Collect$$libinit$$00000011)
    __rt_lib_init_lc_ctype_1                 0x08000187   Thumb Code     0  libinit2.o(.ARM.Collect$$libinit$$00000013)
    __rt_lib_init_lc_monetary_1              0x08000187   Thumb Code     0  libinit2.o(.ARM.Collect$$libinit$$00000015)
    __rt_lib_init_lc_numeric_1               0x08000187   Thumb Code     0  libinit2.o(.ARM.Collect$$libinit$$00000017)
    __rt_lib_init_lc_time_1                  0x08000187   Thumb Code     0  libinit2.o(.ARM.Collect$$libinit$$00000019)
    __rt_lib_init_rand_1                     0x08000187   Thumb Code     0  libinit2.o(.ARM.Collect$$libinit$$0000000E)
    __rt_lib_init_signal_1                   0x08000187   Thumb Code     0  libinit2.o(.ARM.Collect$$libinit$$0000001D)
    __rt_lib_init_stdio_2                    0x08000187   Thumb Code     0  libinit2.o(.ARM.Collect$$libinit$$00000024)
    __rt_lib_init_user_alloc_1               0x08000187   Thumb Code     0  libinit2.o(.ARM.Collect$$libinit$$0000000C)
    __rt_lib_init_alloca_1                   0x0800018b   Thumb Code     0  libinit2.o(.ARM.Collect$$libinit$$0000002E)
    __rt_lib_init_argv_1                     0x0800018b   Thumb Code     0  libinit2.o(.ARM.Collect$$libinit$$0000002C)
    __rt_lib_init_cpp_1                      0x0800018b   Thumb Code     0  libinit2.o(.ARM.Collect$$libinit$$00000032)
    __rt_lib_init_exceptions_1               0x0800018b   Thumb Code     0  libinit2.o(.ARM.Collect$$libinit$$00000030)
    __rt_lib_init_return                     0x0800018b   Thumb Code     0  libinit2.o(.ARM.Collect$$libinit$$00000033)
    __rt_lib_init_stdio_1                    0x0800018b   Thumb Code     0  libinit2.o(.ARM.Collect$$libinit$$00000025)
    __rt_lib_shutdown                        0x0800018d   Thumb Code     0  libshutdown.o(.ARM.Collect$$libshutdown$$00000000)
    __rt_lib_shutdown_cpp_1                  0x0800018f   Thumb Code     0  libshutdown2.o(.ARM.Collect$$libshutdown$$00000004)
    __rt_lib_shutdown_fini_1                 0x0800018f   Thumb Code     0  libshutdown2.o(.ARM.Collect$$libshutdown$$00000002)
    __rt_lib_shutdown_stdio_2                0x0800018f   Thumb Code     0  libshutdown2.o(.ARM.Collect$$libshutdown$$00000005)
    __rt_lib_shutdown_fp_trap_1              0x08000193   Thumb Code     0  libshutdown2.o(.ARM.Collect$$libshutdown$$00000009)
    __rt_lib_shutdown_heap_1                 0x08000193   Thumb Code     0  libshutdown2.o(.ARM.Collect$$libshutdown$$00000011)
    __rt_lib_shutdown_return                 0x08000193   Thumb Code     0  libshutdown2.o(.ARM.Collect$$libshutdown$$00000012)
    __rt_lib_shutdown_signal_1               0x08000193   Thumb Code     0  libshutdown2.o(.ARM.Collect$$libshutdown$$0000000C)
    __rt_lib_shutdown_stdio_1                0x08000193   Thumb Code     0  libshutdown2.o(.ARM.Collect$$libshutdown$$00000006)
    __rt_lib_shutdown_user_alloc_1           0x08000193   Thumb Code     0  libshutdown2.o(.ARM.Collect$$libshutdown$$0000000E)
    __rt_entry                               0x08000195   Thumb Code     0  __rtentry.o(.ARM.Collect$$rtentry$$00000000)
    __rt_entry_presh_1                       0x08000195   Thumb Code     0  __rtentry2.o(.ARM.Collect$$rtentry$$00000002)
    __rt_entry_sh                            0x08000195   Thumb Code     0  __rtentry4.o(.ARM.Collect$$rtentry$$00000004)
    __rt_entry_li                            0x0800019b   Thumb Code     0  __rtentry2.o(.ARM.Collect$$rtentry$$0000000A)
    __rt_entry_postsh_1                      0x0800019b   Thumb Code     0  __rtentry2.o(.ARM.Collect$$rtentry$$00000009)
    __rt_entry_main                          0x0800019f   Thumb Code     0  __rtentry2.o(.ARM.Collect$$rtentry$$0000000D)
    __rt_entry_postli_1                      0x0800019f   Thumb Code     0  __rtentry2.o(.ARM.Collect$$rtentry$$0000000C)
    __rt_exit                                0x080001a7   Thumb Code     0  rtexit.o(.ARM.Collect$$rtexit$$00000000)
    __rt_exit_ls                             0x080001a9   Thumb Code     0  rtexit2.o(.ARM.Collect$$rtexit$$00000003)
    __rt_exit_prels_1                        0x080001a9   Thumb Code     0  rtexit2.o(.ARM.Collect$$rtexit$$00000002)
    __rt_exit_exit                           0x080001ad   Thumb Code     0  rtexit2.o(.ARM.Collect$$rtexit$$00000004)
    SVC_Handler                              0x080001b5   Thumb Code    32  port.o(.emb_text)
    __asm___6_port_c_39a90d8d__prvStartFirstTask 0x080001d9   Thumb Code    28  port.o(.emb_text)
    PendSV_Handler                           0x080001f9   Thumb Code    72  port.o(.emb_text)
    vPortGetIPSR                             0x08000245   Thumb Code     6  port.o(.emb_text)
    Reset_Handler                            0x0800024d   Thumb Code     8  startup_stm32f103xb.o(.text)
    _maybe_terminate_alloc                   0x0800024d   Thumb Code     0  maybetermalloc1.o(.emb_text)
    ADC1_2_IRQHandler                        0x08000267   Thumb Code     0  startup_stm32f103xb.o(.text)
    CAN1_RX1_IRQHandler                      0x08000267   Thumb Code     0  startup_stm32f103xb.o(.text)
    CAN1_SCE_IRQHandler                      0x08000267   Thumb Code     0  startup_stm32f103xb.o(.text)
    DMA1_Channel1_IRQHandler                 0x08000267   Thumb Code     0  startup_stm32f103xb.o(.text)
    DMA1_Channel2_IRQHandler                 0x08000267   Thumb Code     0  startup_stm32f103xb.o(.text)
    DMA1_Channel3_IRQHandler                 0x08000267   Thumb Code     0  startup_stm32f103xb.o(.text)
    DMA1_Channel4_IRQHandler                 0x08000267   Thumb Code     0  startup_stm32f103xb.o(.text)
    DMA1_Channel5_IRQHandler                 0x08000267   Thumb Code     0  startup_stm32f103xb.o(.text)
    DMA1_Channel6_IRQHandler                 0x08000267   Thumb Code     0  startup_stm32f103xb.o(.text)
    DMA1_Channel7_IRQHandler                 0x08000267   Thumb Code     0  startup_stm32f103xb.o(.text)
    EXTI0_IRQHandler                         0x08000267   Thumb Code     0  startup_stm32f103xb.o(.text)
    EXTI15_10_IRQHandler                     0x08000267   Thumb Code     0  startup_stm32f103xb.o(.text)
    EXTI1_IRQHandler                         0x08000267   Thumb Code     0  startup_stm32f103xb.o(.text)
    EXTI2_IRQHandler                         0x08000267   Thumb Code     0  startup_stm32f103xb.o(.text)
    EXTI3_IRQHandler                         0x08000267   Thumb Code     0  startup_stm32f103xb.o(.text)
    EXTI4_IRQHandler                         0x08000267   Thumb Code     0  startup_stm32f103xb.o(.text)
    FLASH_IRQHandler                         0x08000267   Thumb Code     0  startup_stm32f103xb.o(.text)
    I2C1_ER_IRQHandler                       0x08000267   Thumb Code     0  startup_stm32f103xb.o(.text)
    I2C1_EV_IRQHandler                       0x08000267   Thumb Code     0  startup_stm32f103xb.o(.text)
    I2C2_ER_IRQHandler                       0x08000267   Thumb Code     0  startup_stm32f103xb.o(.text)
    I2C2_EV_IRQHandler                       0x08000267   Thumb Code     0  startup_stm32f103xb.o(.text)
    PVD_IRQHandler                           0x08000267   Thumb Code     0  startup_stm32f103xb.o(.text)
    RCC_IRQHandler                           0x08000267   Thumb Code     0  startup_stm32f103xb.o(.text)
    RTC_Alarm_IRQHandler                     0x08000267   Thumb Code     0  startup_stm32f103xb.o(.text)
    RTC_IRQHandler                           0x08000267   Thumb Code     0  startup_stm32f103xb.o(.text)
    SPI1_IRQHandler                          0x08000267   Thumb Code     0  startup_stm32f103xb.o(.text)
    SPI2_IRQHandler                          0x08000267   Thumb Code     0  startup_stm32f103xb.o(.text)
    TAMPER_IRQHandler                        0x08000267   Thumb Code     0  startup_stm32f103xb.o(.text)
    TIM1_BRK_IRQHandler                      0x08000267   Thumb Code     0  startup_stm32f103xb.o(.text)
    TIM1_CC_IRQHandler                       0x08000267   Thumb Code     0  startup_stm32f103xb.o(.text)
    TIM1_TRG_COM_IRQHandler                  0x08000267   Thumb Code     0  startup_stm32f103xb.o(.text)
    TIM1_UP_IRQHandler                       0x08000267   Thumb Code     0  startup_stm32f103xb.o(.text)
    TIM2_IRQHandler                          0x08000267   Thumb Code     0  startup_stm32f103xb.o(.text)
    TIM3_IRQHandler                          0x08000267   Thumb Code     0  startup_stm32f103xb.o(.text)
    USART1_IRQHandler                        0x08000267   Thumb Code     0  startup_stm32f103xb.o(.text)
    USART3_IRQHandler                        0x08000267   Thumb Code     0  startup_stm32f103xb.o(.text)
    USBWakeUp_IRQHandler                     0x08000267   Thumb Code     0  startup_stm32f103xb.o(.text)
    USB_HP_CAN1_TX_IRQHandler                0x08000267   Thumb Code     0  startup_stm32f103xb.o(.text)
    USB_LP_CAN1_RX0_IRQHandler               0x08000267   Thumb Code     0  startup_stm32f103xb.o(.text)
    WWDG_IRQHandler                          0x08000267   Thumb Code     0  startup_stm32f103xb.o(.text)
    __user_initial_stackheap                 0x08000269   Thumb Code     0  startup_stm32f103xb.o(.text)
    __2printf                                0x0800028d   Thumb Code    20  noretval__2printf.o(.text)
    __printf                                 0x080002a5   Thumb Code   104  __printf.o(.text)
    _printf_str                              0x0800030d   Thumb Code    82  _printf_str.o(.text)
    _printf_int_dec                          0x08000361   Thumb Code   104  _printf_dec.o(.text)
    _printf_int_hex                          0x080003d9   Thumb Code    84  _printf_hex_int.o(.text)
    _printf_longlong_hex                     0x080003d9   Thumb Code     0  _printf_hex_int.o(.text)
    strstr                                   0x08000431   Thumb Code    36  strstr.o(.text)
    strlen                                   0x08000455   Thumb Code    62  strlen.o(.text)
    __aeabi_memcpy                           0x08000493   Thumb Code     0  rt_memcpy_v6.o(.text)
    __rt_memcpy                              0x08000493   Thumb Code   138  rt_memcpy_v6.o(.text)
    _memcpy_lastbytes                        0x080004f9   Thumb Code     0  rt_memcpy_v6.o(.text)
    __aeabi_memcpy4                          0x0800051d   Thumb Code     0  rt_memcpy_w.o(.text)
    __aeabi_memcpy8                          0x0800051d   Thumb Code     0  rt_memcpy_w.o(.text)
    __rt_memcpy_w                            0x0800051d   Thumb Code   100  rt_memcpy_w.o(.text)
    _memcpy_lastbytes_aligned                0x08000565   Thumb Code     0  rt_memcpy_w.o(.text)
    __aeabi_memclr                           0x08000581   Thumb Code     0  rt_memclr.o(.text)
    __rt_memclr                              0x08000581   Thumb Code    68  rt_memclr.o(.text)
    _memset                                  0x08000585   Thumb Code     0  rt_memclr.o(.text)
    __aeabi_memclr4                          0x080005c5   Thumb Code     0  rt_memclr_w.o(.text)
    __aeabi_memclr8                          0x080005c5   Thumb Code     0  rt_memclr_w.o(.text)
    __rt_memclr_w                            0x080005c5   Thumb Code    78  rt_memclr_w.o(.text)
    _memset_w                                0x080005c9   Thumb Code     0  rt_memclr_w.o(.text)
    __use_two_region_memory                  0x08000613   Thumb Code     2  heapauxi.o(.text)
    __rt_heap_escrow                         0x08000615   Thumb Code     2  heapauxi.o(.text)
    __rt_heap_expand                         0x08000617   Thumb Code     2  heapauxi.o(.text)
    _printf_int_common                       0x08000619   Thumb Code   178  _printf_intcommon.o(.text)
    _printf_cs_common                        0x080006cb   Thumb Code    20  _printf_char.o(.text)
    _printf_char                             0x080006df   Thumb Code    16  _printf_char.o(.text)
    _printf_string                           0x080006ef   Thumb Code     8  _printf_char.o(.text)
    _printf_char_file                        0x080006f9   Thumb Code    32  _printf_char_file.o(.text)
    _printf_char_common                      0x08000727   Thumb Code    32  _printf_char_common.o(.text)
    ferror                                   0x0800074d   Thumb Code     8  ferror.o(.text)
    _initio                                  0x08000755   Thumb Code   210  initio.o(.text)
    _terminateio                             0x08000827   Thumb Code    56  initio.o(.text)
    _sys_open                                0x0800088d   Thumb Code    20  sys_io.o(.text)
    _sys_close                               0x080008a1   Thumb Code    12  sys_io.o(.text)
    _sys_write                               0x080008ad   Thumb Code    16  sys_io.o(.text)
    _sys_read                                0x080008bd   Thumb Code    14  sys_io.o(.text)
    _sys_istty                               0x080008cb   Thumb Code    12  sys_io.o(.text)
    _sys_seek                                0x080008d7   Thumb Code    14  sys_io.o(.text)
    _sys_ensure                              0x080008e5   Thumb Code     2  sys_io.o(.text)
    _sys_flen                                0x080008e7   Thumb Code    12  sys_io.o(.text)
    __user_setup_stackheap                   0x080008f3   Thumb Code    74  sys_stackheap_outer.o(.text)
    free                                     0x0800093d   Thumb Code    78  h1_free.o(.text)
    setvbuf                                  0x0800098b   Thumb Code    70  setvbuf.o(.text)
    freopen                                  0x080009d1   Thumb Code   158  fopen.o(.text)
    fopen                                    0x08000a6f   Thumb Code    74  fopen.o(.text)
    _fclose_internal                         0x08000abd   Thumb Code    76  fclose.o(.text)
    fclose                                   0x08000abd   Thumb Code     0  fclose.o(.text)
    exit                                     0x08000b09   Thumb Code    18  exit.o(.text)
    __rt_SIGRTRED                            0x08000b1b   Thumb Code    14  defsig_rtred_outer.o(.text)
    __user_libspace                          0x08000b29   Thumb Code     8  libspace.o(.text)
    __user_perproc_libspace                  0x08000b29   Thumb Code     0  libspace.o(.text)
    __user_perthread_libspace                0x08000b29   Thumb Code     0  libspace.o(.text)
    __I$use$semihosting                      0x08000b31   Thumb Code     0  use_no_semi.o(.text)
    __use_no_semihosting_swi                 0x08000b31   Thumb Code     2  use_no_semi.o(.text)
    __semihosting_library_function           0x08000b33   Thumb Code     0  indicate_semi.o(.text)
    __rt_heap_descriptor                     0x08000b35   Thumb Code     8  rt_heap_descriptor_intlibspace.o(.text)
    __use_no_heap                            0x08000b3d   Thumb Code     2  hguard.o(.text)
    __heap$guard                             0x08000b3f   Thumb Code     2  hguard.o(.text)
    _terminate_user_alloc                    0x08000b41   Thumb Code     2  init_alloc.o(.text)
    _init_user_alloc                         0x08000b43   Thumb Code     2  init_alloc.o(.text)
    __Heap_Full                              0x08000b45   Thumb Code    34  init_alloc.o(.text)
    __Heap_Broken                            0x08000b67   Thumb Code     6  init_alloc.o(.text)
    _init_alloc                              0x08000b6d   Thumb Code    94  init_alloc.o(.text)
    malloc                                   0x08000bcb   Thumb Code    94  h1_alloc.o(.text)
    _fseek                                   0x08000c29   Thumb Code   242  fseek.o(.text)
    fseek                                    0x08000c29   Thumb Code     0  fseek.o(.text)
    _seterr                                  0x08000d21   Thumb Code    20  stdio.o(.text)
    _writebuf                                0x08000d35   Thumb Code    84  stdio.o(.text)
    _fflush                                  0x08000d89   Thumb Code    70  stdio.o(.text)
    _deferredlazyseek                        0x08000dcf   Thumb Code    60  stdio.o(.text)
    __sig_exit                               0x08000e11   Thumb Code    10  defsig_exit.o(.text)
    __rt_SIGRTRED_inner                      0x08000e1d   Thumb Code    14  defsig_rtred_inner.o(.text)
    _sys_exit                                0x08000e51   Thumb Code     8  sys_exit.o(.text)
    __Heap_Initialize                        0x08000e5d   Thumb Code    10  h1_init.o(.text)
    __Heap_DescSize                          0x08000e67   Thumb Code     4  h1_init.o(.text)
    __Heap_ProvideMemory                     0x08000e6b   Thumb Code    52  h1_extend.o(.text)
    _ftell_internal                          0x08000e9f   Thumb Code    66  ftell.o(.text)
    ftell                                    0x08000e9f   Thumb Code     0  ftell.o(.text)
    __default_signal_display                 0x08000ee1   Thumb Code    50  defsig_general.o(.text)
    __rt_SIGRTMEM                            0x08000f13   Thumb Code    14  defsig_rtmem_outer.o(.text)
    _ttywrch                                 0x08000f21   Thumb Code    14  sys_wrch.o(.text)
    __aeabi_errno_addr                       0x08000f31   Thumb Code     8  rt_errno_addr_intlibspace.o(.text)
    __errno$intlibspace                      0x08000f31   Thumb Code     0  rt_errno_addr_intlibspace.o(.text)
    __rt_errno_addr$intlibspace              0x08000f31   Thumb Code     0  rt_errno_addr_intlibspace.o(.text)
    __rt_SIGRTMEM_inner                      0x08000f39   Thumb Code    22  defsig_rtmem_inner.o(.text)
    ADC1_Init                                0x08000f89   Thumb Code    94  adc.o(i.ADC1_Init)
    ADC_ConversionStop_Disable               0x08000ff1   Thumb Code    86  stm32f1xx_hal_adc.o(i.ADC_ConversionStop_Disable)
    ADC_Enable                               0x08001049   Thumb Code   114  stm32f1xx_hal_adc.o(i.ADC_Enable)
    BusFault_Handler                         0x080010c5   Thumb Code     2  stm32f1xx_it.o(i.BusFault_Handler)
    DebugMon_Handler                         0x080010c7   Thumb Code     2  stm32f1xx_it.o(i.DebugMon_Handler)
    EXTI9_5_IRQHandler                       0x080010c9   Thumb Code     8  stm32f1xx_it.o(i.EXTI9_5_IRQHandler)
    Error_Handler                            0x080010d1   Thumb Code     4  main.o(i.Error_Handler)
    GPIO_Init                                0x080010d5   Thumb Code   222  gpio.o(i.GPIO_Init)
    HAL_ADC_ConfigChannel                    0x080011c5   Thumb Code   240  stm32f1xx_hal_adc.o(i.HAL_ADC_ConfigChannel)
    HAL_ADC_GetValue                         0x080012c1   Thumb Code     6  stm32f1xx_hal_adc.o(i.HAL_ADC_GetValue)
    HAL_ADC_Init                             0x080012c9   Thumb Code   272  stm32f1xx_hal_adc.o(i.HAL_ADC_Init)
    HAL_ADC_MspInit                          0x080013e5   Thumb Code    74  stm32f1xx_hal_msp.o(i.HAL_ADC_MspInit)
    HAL_ADC_PollForConversion                0x0800143d   Thumb Code   304  stm32f1xx_hal_adc.o(i.HAL_ADC_PollForConversion)
    HAL_ADC_Start                            0x08001579   Thumb Code   184  stm32f1xx_hal_adc.o(i.HAL_ADC_Start)
    HAL_ADC_Stop                             0x08001639   Thumb Code    52  stm32f1xx_hal_adc.o(i.HAL_ADC_Stop)
    HAL_DMA_Abort                            0x0800166d   Thumb Code    70  stm32f1xx_hal_dma.o(i.HAL_DMA_Abort)
    HAL_DMA_Abort_IT                         0x080016b5   Thumb Code   148  stm32f1xx_hal_dma.o(i.HAL_DMA_Abort_IT)
    HAL_GPIO_EXTI_Callback                   0x0800174d   Thumb Code    12  sensors.o(i.HAL_GPIO_EXTI_Callback)
    HAL_GPIO_EXTI_IRQHandler                 0x08001759   Thumb Code    18  stm32f1xx_hal_gpio.o(i.HAL_GPIO_EXTI_IRQHandler)
    HAL_GPIO_Init                            0x08001771   Thumb Code   446  stm32f1xx_hal_gpio.o(i.HAL_GPIO_Init)
    HAL_GPIO_ReadPin                         0x08001951   Thumb Code    10  stm32f1xx_hal_gpio.o(i.HAL_GPIO_ReadPin)
    HAL_GPIO_WritePin                        0x0800195b   Thumb Code    10  stm32f1xx_hal_gpio.o(i.HAL_GPIO_WritePin)
    HAL_GetTick                              0x08001965   Thumb Code     6  stm32f1xx_hal.o(i.HAL_GetTick)
    HAL_IncTick                              0x08001971   Thumb Code    12  stm32f1xx_hal.o(i.HAL_IncTick)
    HAL_Init                                 0x08001981   Thumb Code    32  stm32f1xx_hal.o(i.HAL_Init)
    HAL_InitTick                             0x080019a5   Thumb Code   132  stm32f1xx_hal_timebase_tim.o(i.HAL_InitTick)
    HAL_MspInit                              0x08001a3d   Thumb Code    62  stm32f1xx_hal_msp.o(i.HAL_MspInit)
    HAL_NVIC_EnableIRQ                       0x08001a85   Thumb Code    26  stm32f1xx_hal_cortex.o(i.HAL_NVIC_EnableIRQ)
    HAL_NVIC_SetPriority                     0x08001aa1   Thumb Code    60  stm32f1xx_hal_cortex.o(i.HAL_NVIC_SetPriority)
    HAL_NVIC_SetPriorityGrouping             0x08001ae1   Thumb Code    26  stm32f1xx_hal_cortex.o(i.HAL_NVIC_SetPriorityGrouping)
    HAL_RCCEx_GetPeriphCLKFreq               0x08001b05   Thumb Code   148  stm32f1xx_hal_rcc_ex.o(i.HAL_RCCEx_GetPeriphCLKFreq)
    HAL_RCCEx_PeriphCLKConfig                0x08001ba9   Thumb Code   224  stm32f1xx_hal_rcc_ex.o(i.HAL_RCCEx_PeriphCLKConfig)
    HAL_RCC_ClockConfig                      0x08001c95   Thumb Code   280  stm32f1xx_hal_rcc.o(i.HAL_RCC_ClockConfig)
    HAL_RCC_GetClockConfig                   0x08001dc1   Thumb Code    54  stm32f1xx_hal_rcc.o(i.HAL_RCC_GetClockConfig)
    HAL_RCC_GetPCLK1Freq                     0x08001e01   Thumb Code    20  stm32f1xx_hal_rcc.o(i.HAL_RCC_GetPCLK1Freq)
    HAL_RCC_GetPCLK2Freq                     0x08001e21   Thumb Code    20  stm32f1xx_hal_rcc.o(i.HAL_RCC_GetPCLK2Freq)
    HAL_RCC_GetSysClockFreq                  0x08001e41   Thumb Code    58  stm32f1xx_hal_rcc.o(i.HAL_RCC_GetSysClockFreq)
    HAL_RCC_OscConfig                        0x08001e8d   Thumb Code   778  stm32f1xx_hal_rcc.o(i.HAL_RCC_OscConfig)
    HAL_SPI_Init                             0x080021ad   Thumb Code   178  stm32f1xx_hal_spi.o(i.HAL_SPI_Init)
    HAL_SPI_MspInit                          0x08002261   Thumb Code    80  stm32f1xx_hal_msp.o(i.HAL_SPI_MspInit)
    HAL_TIMEx_BreakCallback                  0x080022bd   Thumb Code     2  stm32f1xx_hal_tim_ex.o(i.HAL_TIMEx_BreakCallback)
    HAL_TIMEx_CommutCallback                 0x080022bf   Thumb Code     2  stm32f1xx_hal_tim_ex.o(i.HAL_TIMEx_CommutCallback)
    HAL_TIMEx_MasterConfigSynchronization    0x080022c1   Thumb Code    92  stm32f1xx_hal_tim_ex.o(i.HAL_TIMEx_MasterConfigSynchronization)
    HAL_TIM_Base_Init                        0x08002329   Thumb Code    90  stm32f1xx_hal_tim.o(i.HAL_TIM_Base_Init)
    HAL_TIM_Base_MspInit                     0x08002385   Thumb Code    30  tim.o(i.HAL_TIM_Base_MspInit)
    HAL_TIM_Base_Start_IT                    0x080023ad   Thumb Code    76  stm32f1xx_hal_tim.o(i.HAL_TIM_Base_Start_IT)
    HAL_TIM_ConfigClockSource                0x08002405   Thumb Code   220  stm32f1xx_hal_tim.o(i.HAL_TIM_ConfigClockSource)
    HAL_TIM_IC_CaptureCallback               0x080024e1   Thumb Code     2  stm32f1xx_hal_tim.o(i.HAL_TIM_IC_CaptureCallback)
    HAL_TIM_IRQHandler                       0x080024e3   Thumb Code   304  stm32f1xx_hal_tim.o(i.HAL_TIM_IRQHandler)
    HAL_TIM_OC_DelayElapsedCallback          0x08002613   Thumb Code     2  stm32f1xx_hal_tim.o(i.HAL_TIM_OC_DelayElapsedCallback)
    HAL_TIM_PWM_PulseFinishedCallback        0x08002615   Thumb Code     2  stm32f1xx_hal_tim.o(i.HAL_TIM_PWM_PulseFinishedCallback)
    HAL_TIM_PeriodElapsedCallback            0x08002619   Thumb Code    14  main.o(i.HAL_TIM_PeriodElapsedCallback)
    HAL_TIM_TriggerCallback                  0x0800262d   Thumb Code     2  stm32f1xx_hal_tim.o(i.HAL_TIM_TriggerCallback)
    HAL_UARTEx_RxEventCallback               0x0800262f   Thumb Code     2  stm32f1xx_hal_uart.o(i.HAL_UARTEx_RxEventCallback)
    HAL_UART_ErrorCallback                   0x08002631   Thumb Code     2  stm32f1xx_hal_uart.o(i.HAL_UART_ErrorCallback)
    HAL_UART_IRQHandler                      0x08002635   Thumb Code   616  stm32f1xx_hal_uart.o(i.HAL_UART_IRQHandler)
    HAL_UART_Init                            0x080028a1   Thumb Code   100  stm32f1xx_hal_uart.o(i.HAL_UART_Init)
    HAL_UART_MspInit                         0x08002905   Thumb Code   186  stm32f1xx_hal_msp.o(i.HAL_UART_MspInit)
    HAL_UART_Receive_IT                      0x080029d1   Thumb Code    28  stm32f1xx_hal_uart.o(i.HAL_UART_Receive_IT)
    HAL_UART_RxCpltCallback                  0x080029ed   Thumb Code    36  usart.o(i.HAL_UART_RxCpltCallback)
    HAL_UART_Transmit                        0x08002a19   Thumb Code   160  stm32f1xx_hal_uart.o(i.HAL_UART_Transmit)
    HAL_UART_TxCpltCallback                  0x08002ab9   Thumb Code     2  stm32f1xx_hal_uart.o(i.HAL_UART_TxCpltCallback)
    HardFault_Handler                        0x08002abb   Thumb Code     2  stm32f1xx_it.o(i.HardFault_Handler)
    MemManage_Handler                        0x08002abd   Thumb Code     2  stm32f1xx_it.o(i.MemManage_Handler)
    NMI_Handler                              0x08002abf   Thumb Code     2  stm32f1xx_it.o(i.NMI_Handler)
    SPI1_Init                                0x08002ac1   Thumb Code    66  spi.o(i.SPI1_Init)
    StartDefaultTask                         0x08002b0d   Thumb Code     8  main.o(i.StartDefaultTask)
    SysTick_Handler                          0x08002b15   Thumb Code    38  port.o(i.SysTick_Handler)
    SystemClock_Config                       0x08002b41   Thumb Code   120  main.o(i.SystemClock_Config)
    SystemInit                               0x08002bb9   Thumb Code     2  system_stm32f1xx.o(i.SystemInit)
    TIM1_Init                                0x08002bbd   Thumb Code    96  tim.o(i.TIM1_Init)
    TIM4_IRQHandler                          0x08002c25   Thumb Code     6  stm32f1xx_it.o(i.TIM4_IRQHandler)
    TIM_Base_SetConfig                       0x08002c31   Thumb Code   108  stm32f1xx_hal_tim.o(i.TIM_Base_SetConfig)
    TIM_ETR_SetConfig                        0x08002ca9   Thumb Code    20  stm32f1xx_hal_tim.o(i.TIM_ETR_SetConfig)
    UART_Start_Receive_IT                    0x08002eed   Thumb Code    54  stm32f1xx_hal_uart.o(i.UART_Start_Receive_IT)
    USART1_UART_Init                         0x08002f95   Thumb Code    48  usart.o(i.USART1_UART_Init)
    USART2_IRQHandler                        0x08002fcd   Thumb Code     6  stm32f1xx_it.o(i.USART2_IRQHandler)
    USART2_UART_Init                         0x08002fd9   Thumb Code    48  usart.o(i.USART2_UART_Init)
    UsageFault_Handler                       0x08003011   Thumb Code     2  stm32f1xx_it.o(i.UsageFault_Handler)
    ble_data_process                         0x08003065   Thumb Code   354  ble.o(i.ble_data_process)
    ble_task                                 0x080032bd   Thumb Code    34  ble.o(i.ble_task)
    button_scan                              0x08003325   Thumb Code   128  button.o(i.button_scan)
    button_task                              0x080033d9   Thumb Code    28  button.o(i.button_task)
    conti_move                               0x08003409   Thumb Code    84  motor.o(i.conti_move)
    fputc                                    0x08003461   Thumb Code    20  main.o(i.fputc)
    get_device_state                         0x08003479   Thumb Code     4  device.o(i.get_device_state)
    init_ble                                 0x080034f9   Thumb Code   220  ble.o(i.init_ble)
    key_click_handle                         0x08003699   Thumb Code    16  button.o(i.key_click_handle)
    key_long_click_free_handle               0x080036bd   Thumb Code    16  button.o(i.key_long_click_free_handle)
    key_long_click_handle                    0x080036d9   Thumb Code    44  button.o(i.key_long_click_handle)
    main                                     0x08003721   Thumb Code    82  main.o(i.main)
    motor_start                              0x080037a1   Thumb Code    40  motor.o(i.motor_start)
    motor_stop                               0x080037d1   Thumb Code    56  motor.o(i.motor_stop)
    osDelay                                  0x0800381d   Thumb Code    14  cmsis_os.o(i.osDelay)
    osKernelStart                            0x0800382b   Thumb Code    10  cmsis_os.o(i.osKernelStart)
    osThreadCreate                           0x08003835   Thumb Code    84  cmsis_os.o(i.osThreadCreate)
    osTimerCreate                            0x08003889   Thumb Code    60  cmsis_os.o(i.osTimerCreate)
    osTimerStart                             0x080038c9   Thumb Code    88  cmsis_os.o(i.osTimerStart)
    osTimerStop                              0x08003925   Thumb Code    82  cmsis_os.o(i.osTimerStop)
    pvPortMalloc                             0x08004141   Thumb Code   216  heap_4.o(i.pvPortMalloc)
    pxPortInitialiseStack                    0x0800421d   Thumb Code    32  port.o(i.pxPortInitialiseStack)
    read_sensors                             0x0800428d   Thumb Code    14  sensors.o(i.read_sensors)
    report_task                              0x0800429d   Thumb Code    86  device.o(i.report_task)
    set_device_paper_status                  0x08004311   Thumb Code     6  device.o(i.set_device_paper_status)
    set_heat_density                         0x0800431d   Thumb Code    18  printer.o(i.set_heat_density)
    set_read_ble_finish                      0x08004349   Thumb Code     6  device.o(i.set_read_ble_finish)
    start_tasks                              0x08004355   Thumb Code    60  my_task.o(i.start_tasks)
    uxListRemove                             0x080043c1   Thumb Code    38  list.o(i.uxListRemove)
    vApplicationGetIdleTaskMemory            0x080043e9   Thumb Code    16  freertos.o(i.vApplicationGetIdleTaskMemory)
    vApplicationGetTimerTaskMemory           0x080043fd   Thumb Code    18  freertos.o(i.vApplicationGetTimerTaskMemory)
    vListInitialise                          0x08004415   Thumb Code    22  list.o(i.vListInitialise)
    vListInitialiseItem                      0x0800442b   Thumb Code     6  list.o(i.vListInitialiseItem)
    vListInsert                              0x08004431   Thumb Code    48  list.o(i.vListInsert)
    vListInsertEnd                           0x08004461   Thumb Code    24  list.o(i.vListInsertEnd)
    vPortEnterCritical                       0x08004479   Thumb Code    54  port.o(i.vPortEnterCritical)
    vPortExitCritical                        0x080044b9   Thumb Code    34  port.o(i.vPortExitCritical)
    vPortFree                                0x080044e1   Thumb Code    94  heap_4.o(i.vPortFree)
    vPortSetupTimerInterrupt                 0x08004545   Thumb Code    32  port.o(i.vPortSetupTimerInterrupt)
    vPortValidateInterruptPriority           0x08004569   Thumb Code    74  port.o(i.vPortValidateInterruptPriority)
    vQueueAddToRegistry                      0x080045bd   Thumb Code    34  queue.o(i.vQueueAddToRegistry)
    vQueueWaitForMessageRestricted           0x080045e5   Thumb Code    68  queue.o(i.vQueueWaitForMessageRestricted)
    vTaskDelay                               0x08004629   Thumb Code    66  tasks.o(i.vTaskDelay)
    vTaskInternalSetTimeOutState             0x08004675   Thumb Code    12  tasks.o(i.vTaskInternalSetTimeOutState)
    vTaskMissedYield                         0x08004685   Thumb Code     8  tasks.o(i.vTaskMissedYield)
    vTaskPlaceOnEventList                    0x08004691   Thumb Code    44  tasks.o(i.vTaskPlaceOnEventList)
    vTaskPlaceOnEventListRestricted          0x080046c1   Thumb Code    52  tasks.o(i.vTaskPlaceOnEventListRestricted)
    vTaskStartScheduler                      0x080046f9   Thumb Code   118  tasks.o(i.vTaskStartScheduler)
    vTaskSuspendAll                          0x08004781   Thumb Code    10  tasks.o(i.vTaskSuspendAll)
    vTaskSwitchContext                       0x08004791   Thumb Code    82  tasks.o(i.vTaskSwitchContext)
    xPortStartScheduler                      0x080047ed   Thumb Code   154  port.o(i.xPortStartScheduler)
    xQueueGenericCreateStatic                0x08004895   Thumb Code   102  queue.o(i.xQueueGenericCreateStatic)
    xQueueGenericReset                       0x080048fd   Thumb Code   132  queue.o(i.xQueueGenericReset)
    xQueueGenericSend                        0x08004985   Thumb Code   346  queue.o(i.xQueueGenericSend)
    xQueueGenericSendFromISR                 0x08004ae5   Thumb Code   190  queue.o(i.xQueueGenericSendFromISR)
    xQueueReceive                            0x08004ba5   Thumb Code   308  queue.o(i.xQueueReceive)
    xTaskCheckForTimeOut                     0x08004cdd   Thumb Code   112  tasks.o(i.xTaskCheckForTimeOut)
    xTaskCreate                              0x08004d51   Thumb Code    90  tasks.o(i.xTaskCreate)
    xTaskCreateStatic                        0x08004dab   Thumb Code    86  tasks.o(i.xTaskCreateStatic)
    xTaskGetSchedulerState                   0x08004e01   Thumb Code    22  tasks.o(i.xTaskGetSchedulerState)
    xTaskGetTickCount                        0x08004e1d   Thumb Code     6  tasks.o(i.xTaskGetTickCount)
    xTaskIncrementTick                       0x08004e29   Thumb Code   194  tasks.o(i.xTaskIncrementTick)
    xTaskPriorityDisinherit                  0x08004ef5   Thumb Code   144  tasks.o(i.xTaskPriorityDisinherit)
    xTaskRemoveFromEventList                 0x08004f8d   Thumb Code   108  tasks.o(i.xTaskRemoveFromEventList)
    xTaskResumeAll                           0x08005001   Thumb Code   182  tasks.o(i.xTaskResumeAll)
    xTimerCreate                             0x080050c5   Thumb Code    52  timers.o(i.xTimerCreate)
    xTimerCreateStatic                       0x080050f9   Thumb Code    46  timers.o(i.xTimerCreateStatic)
    xTimerCreateTimerTask                    0x08005129   Thumb Code    78  timers.o(i.xTimerCreateTimerTask)
    xTimerGenericCommand                     0x08005189   Thumb Code    92  timers.o(i.xTimerGenericCommand)
    __fpl_fcheck_NaN1                        0x080051e9   Thumb Code     6  fcheck1.o(x$fpl$fcheck1)
    __aeabi_f2uiz                            0x080051f5   Thumb Code     0  ffixu.o(x$fpl$ffixu)
    _ffixu                                   0x080051f5   Thumb Code    62  ffixu.o(x$fpl$ffixu)
    __aeabi_ui2f                             0x08005235   Thumb Code     0  fflt_clz.o(x$fpl$ffltu)
    _ffltu                                   0x08005235   Thumb Code    38  fflt_clz.o(x$fpl$ffltu)
    __aeabi_fmul                             0x0800525d   Thumb Code     0  fmul.o(x$fpl$fmul)
    _fmul                                    0x0800525d   Thumb Code   258  fmul.o(x$fpl$fmul)
    __fpl_fnaninf                            0x0800535f   Thumb Code   140  fnaninf.o(x$fpl$fnaninf)
    __fpl_fretinf                            0x080053eb   Thumb Code    10  fretinf.o(x$fpl$fretinf)
    __fpl_return_NaN                         0x080053f5   Thumb Code   100  retnan.o(x$fpl$retnan)
    __ARM_scalbnf                            0x08005459   Thumb Code    76  scalbnf.o(x$fpl$scalbnf)
    __fpl_cmpreturn                          0x080054a5   Thumb Code    48  trapv.o(x$fpl$trapveneer)
    __I$use$fp                               0x080054d4   Number         0  usenofp.o(x$fpl$usenofp)
    AHBPrescTable                            0x0800551c   Data          16  system_stm32f1xx.o(.constdata)
    APBPrescTable                            0x0800552c   Data           8  system_stm32f1xx.o(.constdata)
    __stdin_name                             0x0800555c   Data           4  sys_io.o(.constdata)
    __stdout_name                            0x08005560   Data           4  sys_io.o(.constdata)
    __stderr_name                            0x08005564   Data           4  sys_io.o(.constdata)
    Region$$Table$$Base                      0x080055ac   Number         0  anon$$obj.o(Region$$Table)
    Region$$Table$$Limit                     0x080055cc   Number         0  anon$$obj.o(Region$$Table)
    defaultTaskHandle                        0x20000000   Data           4  main.o(.data)
    keyIsPress                               0x20000004   Data           1  button.o(.data)
    longPressIsStart                         0x20000005   Data           1  button.o(.data)
    printer_test                             0x20000006   Data           1  button.o(.data)
    clicktime                                0x20000008   Data           4  button.o(.data)
    g_device_state                           0x2000000c   Data           5  device.o(.data)
    motor_pos                                0x20000014   Data           1  motor.o(.data)
    conti_move_timer_handle                  0x20000018   Data           4  motor.o(.data)
    motor_table                              0x2000001c   Data          32  motor.o(.data)
    cur_step                                 0x2000003c   Data           1  ble.o(.data)
    retry_count                              0x2000003d   Data           1  ble.o(.data)
    cur_index                                0x2000003e   Data           1  ble.o(.data)
    end_byte_num                             0x2000003f   Data           1  ble.o(.data)
    line_count                               0x20000040   Data           2  ble.o(.data)
    ble_enter_at_mode                        0x20000044   Data           4  ble.o(.data)
    ble_close_status                         0x20000048   Data           4  ble.o(.data)
    ble_set_name                             0x2000004c   Data           4  ble.o(.data)
    ble_exit_at_mode                         0x20000050   Data           4  ble.o(.data)
    heat_density                             0x20000054   Data           1  printer.o(.data)
    stb_pins                                 0x20000056   Data          12  printer.o(.data)
    ADC_Value                                0x20000064   Data           8  sensors.o(.data)
    print_queue                              0x2000006c   Data           4  print_queue.o(.data)
    uwTickFreq                               0x20000070   Data           1  stm32f1xx_hal.o(.data)
    uwTickPrio                               0x20000074   Data           4  stm32f1xx_hal.o(.data)
    uwTick                                   0x20000078   Data           4  stm32f1xx_hal.o(.data)
    SystemCoreClock                          0x2000007c   Data           4  system_stm32f1xx.o(.data)
    pxCurrentTCB                             0x20000080   Data           4  tasks.o(.data)
    ble_data                                 0x200000fc   Data           1  usart.o(.data)
    __aeabi_stdin                            0x20000100   Data           4  stdio_streams.o(.data)
    __aeabi_stdout                           0x20000104   Data           4  stdio_streams.o(.data)
    __aeabi_stderr                           0x20000108   Data           4  stdio_streams.o(.data)
    htim4                                    0x200007b4   Data          72  stm32f1xx_hal_timebase_tim.o(.bss)
    ble_buffer                               0x200007fc   Data          48  ble.o(.bss)
    xQueueRegistry                           0x2000082c   Data          64  queue.o(.bss)
    hadc1                                    0x20001644   Data          48  adc.o(.bss)
    hspi1                                    0x20001674   Data          88  spi.o(.bss)
    huart1                                   0x200016cc   Data          72  usart.o(.bss)
    huart2                                   0x20001714   Data          72  usart.o(.bss)
    htim1                                    0x2000175c   Data          72  tim.o(.bss)
    __stdin                                  0x200017a4   Data          84  stdio_streams.o(.bss)
    __stdout                                 0x200017f8   Data          84  stdio_streams.o(.bss)
    __stderr                                 0x2000184c   Data          84  stdio_streams.o(.bss)
    __libspace_start                         0x200018a0   Data          96  libspace.o(.bss)
    __temporary_stack_top$libspace           0x20001900   Data           0  libspace.o(.bss)



==============================================================================

Memory Map of the image

  Image Entry point : 0x080000ed

  Load Region LR_IROM1 (Base: 0x08000000, Size: 0x000056d8, Max: 0x00020000, ABSOLUTE)

    Execution Region ER_IROM1 (Exec base: 0x08000000, Load base: 0x08000000, Size: 0x000055cc, Max: 0x00020000, ABSOLUTE)

    Exec Addr    Load Addr    Size         Type   Attr      Idx    E Section Name        Object

    0x08000000   0x08000000   0x000000ec   Data   RO          422    RESET               startup_stm32f103xb.o
    0x080000ec   0x080000ec   0x00000008   Code   RO         5516  * !!!main             c_w.l(__main.o)
    0x080000f4   0x080000f4   0x00000034   Code   RO         5886    !!!scatter          c_w.l(__scatter.o)
    0x08000128   0x08000128   0x0000001a   Code   RO         5888    !!handler_copy      c_w.l(__scatter_copy.o)
    0x08000142   0x08000142   0x00000002   PAD
    0x08000144   0x08000144   0x0000001c   Code   RO         5890    !!handler_zi        c_w.l(__scatter_zi.o)
    0x08000160   0x08000160   0x00000000   Code   RO         5499    .ARM.Collect$$_printf_percent$$00000000  c_w.l(_printf_percent.o)
    0x08000160   0x08000160   0x00000006   Code   RO         5497    .ARM.Collect$$_printf_percent$$00000009  c_w.l(_printf_d.o)
    0x08000166   0x08000166   0x00000006   Code   RO         5498    .ARM.Collect$$_printf_percent$$0000000A  c_w.l(_printf_u.o)
    0x0800016c   0x0800016c   0x00000006   Code   RO         5496    .ARM.Collect$$_printf_percent$$0000000C  c_w.l(_printf_x.o)
    0x08000172   0x08000172   0x00000006   Code   RO         5495    .ARM.Collect$$_printf_percent$$00000014  c_w.l(_printf_s.o)
    0x08000178   0x08000178   0x00000004   Code   RO         5557    .ARM.Collect$$_printf_percent$$00000017  c_w.l(_printf_percent_end.o)
    0x0800017c   0x0800017c   0x00000002   Code   RO         5693    .ARM.Collect$$libinit$$00000000  c_w.l(libinit.o)
    0x0800017e   0x0800017e   0x00000000   Code   RO         5695    .ARM.Collect$$libinit$$00000002  c_w.l(libinit2.o)
    0x0800017e   0x0800017e   0x00000000   Code   RO         5697    .ARM.Collect$$libinit$$00000004  c_w.l(libinit2.o)
    0x0800017e   0x0800017e   0x00000008   Code   RO         5698    .ARM.Collect$$libinit$$00000005  c_w.l(libinit2.o)
    0x08000186   0x08000186   0x00000000   Code   RO         5700    .ARM.Collect$$libinit$$0000000A  c_w.l(libinit2.o)
    0x08000186   0x08000186   0x00000000   Code   RO         5702    .ARM.Collect$$libinit$$0000000C  c_w.l(libinit2.o)
    0x08000186   0x08000186   0x00000000   Code   RO         5704    .ARM.Collect$$libinit$$0000000E  c_w.l(libinit2.o)
    0x08000186   0x08000186   0x00000000   Code   RO         5707    .ARM.Collect$$libinit$$00000011  c_w.l(libinit2.o)
    0x08000186   0x08000186   0x00000000   Code   RO         5709    .ARM.Collect$$libinit$$00000013  c_w.l(libinit2.o)
    0x08000186   0x08000186   0x00000000   Code   RO         5711    .ARM.Collect$$libinit$$00000015  c_w.l(libinit2.o)
    0x08000186   0x08000186   0x00000000   Code   RO         5713    .ARM.Collect$$libinit$$00000017  c_w.l(libinit2.o)
    0x08000186   0x08000186   0x00000000   Code   RO         5715    .ARM.Collect$$libinit$$00000019  c_w.l(libinit2.o)
    0x08000186   0x08000186   0x00000000   Code   RO         5717    .ARM.Collect$$libinit$$0000001B  c_w.l(libinit2.o)
    0x08000186   0x08000186   0x00000000   Code   RO         5719    .ARM.Collect$$libinit$$0000001D  c_w.l(libinit2.o)
    0x08000186   0x08000186   0x00000000   Code   RO         5721    .ARM.Collect$$libinit$$0000001F  c_w.l(libinit2.o)
    0x08000186   0x08000186   0x00000000   Code   RO         5723    .ARM.Collect$$libinit$$00000021  c_w.l(libinit2.o)
    0x08000186   0x08000186   0x00000000   Code   RO         5725    .ARM.Collect$$libinit$$00000023  c_w.l(libinit2.o)
    0x08000186   0x08000186   0x00000004   Code   RO         5726    .ARM.Collect$$libinit$$00000024  c_w.l(libinit2.o)
    0x0800018a   0x0800018a   0x00000000   Code   RO         5727    .ARM.Collect$$libinit$$00000025  c_w.l(libinit2.o)
    0x0800018a   0x0800018a   0x00000000   Code   RO         5731    .ARM.Collect$$libinit$$0000002C  c_w.l(libinit2.o)
    0x0800018a   0x0800018a   0x00000000   Code   RO         5733    .ARM.Collect$$libinit$$0000002E  c_w.l(libinit2.o)
    0x0800018a   0x0800018a   0x00000000   Code   RO         5735    .ARM.Collect$$libinit$$00000030  c_w.l(libinit2.o)
    0x0800018a   0x0800018a   0x00000000   Code   RO         5737    .ARM.Collect$$libinit$$00000032  c_w.l(libinit2.o)
    0x0800018a   0x0800018a   0x00000002   Code   RO         5738    .ARM.Collect$$libinit$$00000033  c_w.l(libinit2.o)
    0x0800018c   0x0800018c   0x00000002   Code   RO         5865    .ARM.Collect$$libshutdown$$00000000  c_w.l(libshutdown.o)
    0x0800018e   0x0800018e   0x00000000   Code   RO         5740    .ARM.Collect$$libshutdown$$00000002  c_w.l(libshutdown2.o)
    0x0800018e   0x0800018e   0x00000000   Code   RO         5742    .ARM.Collect$$libshutdown$$00000004  c_w.l(libshutdown2.o)
    0x0800018e   0x0800018e   0x00000004   Code   RO         5743    .ARM.Collect$$libshutdown$$00000005  c_w.l(libshutdown2.o)
    0x08000192   0x08000192   0x00000000   Code   RO         5744    .ARM.Collect$$libshutdown$$00000006  c_w.l(libshutdown2.o)
    0x08000192   0x08000192   0x00000000   Code   RO         5747    .ARM.Collect$$libshutdown$$00000009  c_w.l(libshutdown2.o)
    0x08000192   0x08000192   0x00000000   Code   RO         5750    .ARM.Collect$$libshutdown$$0000000C  c_w.l(libshutdown2.o)
    0x08000192   0x08000192   0x00000000   Code   RO         5752    .ARM.Collect$$libshutdown$$0000000E  c_w.l(libshutdown2.o)
    0x08000192   0x08000192   0x00000000   Code   RO         5755    .ARM.Collect$$libshutdown$$00000011  c_w.l(libshutdown2.o)
    0x08000192   0x08000192   0x00000002   Code   RO         5756    .ARM.Collect$$libshutdown$$00000012  c_w.l(libshutdown2.o)
    0x08000194   0x08000194   0x00000000   Code   RO         5550    .ARM.Collect$$rtentry$$00000000  c_w.l(__rtentry.o)
    0x08000194   0x08000194   0x00000000   Code   RO         5578    .ARM.Collect$$rtentry$$00000002  c_w.l(__rtentry2.o)
    0x08000194   0x08000194   0x00000006   Code   RO         5590    .ARM.Collect$$rtentry$$00000004  c_w.l(__rtentry4.o)
    0x0800019a   0x0800019a   0x00000000   Code   RO         5580    .ARM.Collect$$rtentry$$00000009  c_w.l(__rtentry2.o)
    0x0800019a   0x0800019a   0x00000004   Code   RO         5581    .ARM.Collect$$rtentry$$0000000A  c_w.l(__rtentry2.o)
    0x0800019e   0x0800019e   0x00000000   Code   RO         5583    .ARM.Collect$$rtentry$$0000000C  c_w.l(__rtentry2.o)
    0x0800019e   0x0800019e   0x00000008   Code   RO         5584    .ARM.Collect$$rtentry$$0000000D  c_w.l(__rtentry2.o)
    0x080001a6   0x080001a6   0x00000002   Code   RO         5765    .ARM.Collect$$rtexit$$00000000  c_w.l(rtexit.o)
    0x080001a8   0x080001a8   0x00000000   Code   RO         5811    .ARM.Collect$$rtexit$$00000002  c_w.l(rtexit2.o)
    0x080001a8   0x080001a8   0x00000004   Code   RO         5812    .ARM.Collect$$rtexit$$00000003  c_w.l(rtexit2.o)
    0x080001ac   0x080001ac   0x00000006   Code   RO         5813    .ARM.Collect$$rtexit$$00000004  c_w.l(rtexit2.o)
    0x080001b2   0x080001b2   0x00000002   PAD
    0x080001b4   0x080001b4   0x00000096   Code   RO         5197    .emb_text           port.o
    0x0800024a   0x0800024a   0x00000002   PAD
    0x0800024c   0x0800024c   0x00000000   Code   RO         5817    .emb_text           c_w.l(maybetermalloc1.o)
    0x0800024c   0x0800024c   0x00000040   Code   RO          423    .text               startup_stm32f103xb.o
    0x0800028c   0x0800028c   0x00000018   Code   RO         5446    .text               c_w.l(noretval__2printf.o)
    0x080002a4   0x080002a4   0x00000068   Code   RO         5448    .text               c_w.l(__printf.o)
    0x0800030c   0x0800030c   0x00000052   Code   RO         5450    .text               c_w.l(_printf_str.o)
    0x0800035e   0x0800035e   0x00000002   PAD
    0x08000360   0x08000360   0x00000078   Code   RO         5452    .text               c_w.l(_printf_dec.o)
    0x080003d8   0x080003d8   0x00000058   Code   RO         5457    .text               c_w.l(_printf_hex_int.o)
    0x08000430   0x08000430   0x00000024   Code   RO         5500    .text               c_w.l(strstr.o)
    0x08000454   0x08000454   0x0000003e   Code   RO         5502    .text               c_w.l(strlen.o)
    0x08000492   0x08000492   0x0000008a   Code   RO         5504    .text               c_w.l(rt_memcpy_v6.o)
    0x0800051c   0x0800051c   0x00000064   Code   RO         5506    .text               c_w.l(rt_memcpy_w.o)
    0x08000580   0x08000580   0x00000044   Code   RO         5510    .text               c_w.l(rt_memclr.o)
    0x080005c4   0x080005c4   0x0000004e   Code   RO         5512    .text               c_w.l(rt_memclr_w.o)
    0x08000612   0x08000612   0x00000006   Code   RO         5514    .text               c_w.l(heapauxi.o)
    0x08000618   0x08000618   0x000000b2   Code   RO         5551    .text               c_w.l(_printf_intcommon.o)
    0x080006ca   0x080006ca   0x0000002c   Code   RO         5553    .text               c_w.l(_printf_char.o)
    0x080006f6   0x080006f6   0x00000002   PAD
    0x080006f8   0x080006f8   0x00000024   Code   RO         5555    .text               c_w.l(_printf_char_file.o)
    0x0800071c   0x0800071c   0x00000030   Code   RO         5592    .text               c_w.l(_printf_char_common.o)
    0x0800074c   0x0800074c   0x00000008   Code   RO         5594    .text               c_w.l(ferror.o)
    0x08000754   0x08000754   0x00000138   Code   RO         5596    .text               c_w.l(initio.o)
    0x0800088c   0x0800088c   0x00000066   Code   RO         5604    .text               c_w.l(sys_io.o)
    0x080008f2   0x080008f2   0x0000004a   Code   RO         5611    .text               c_w.l(sys_stackheap_outer.o)
    0x0800093c   0x0800093c   0x0000004e   Code   RO         5615    .text               c_w.l(h1_free.o)
    0x0800098a   0x0800098a   0x00000046   Code   RO         5671    .text               c_w.l(setvbuf.o)
    0x080009d0   0x080009d0   0x000000ec   Code   RO         5674    .text               c_w.l(fopen.o)
    0x08000abc   0x08000abc   0x0000004c   Code   RO         5676    .text               c_w.l(fclose.o)
    0x08000b08   0x08000b08   0x00000012   Code   RO         5682    .text               c_w.l(exit.o)
    0x08000b1a   0x08000b1a   0x0000000e   Code   RO         5684    .text               c_w.l(defsig_rtred_outer.o)
    0x08000b28   0x08000b28   0x00000008   Code   RO         5759    .text               c_w.l(libspace.o)
    0x08000b30   0x08000b30   0x00000002   Code   RO         5762    .text               c_w.l(use_no_semi.o)
    0x08000b32   0x08000b32   0x00000000   Code   RO         5764    .text               c_w.l(indicate_semi.o)
    0x08000b32   0x08000b32   0x00000002   PAD
    0x08000b34   0x08000b34   0x00000008   Code   RO         5772    .text               c_w.l(rt_heap_descriptor_intlibspace.o)
    0x08000b3c   0x08000b3c   0x00000004   Code   RO         5774    .text               c_w.l(hguard.o)
    0x08000b40   0x08000b40   0x0000008a   Code   RO         5776    .text               c_w.l(init_alloc.o)
    0x08000bca   0x08000bca   0x0000005e   Code   RO         5782    .text               c_w.l(h1_alloc.o)
    0x08000c28   0x08000c28   0x000000f8   Code   RO         5796    .text               c_w.l(fseek.o)
    0x08000d20   0x08000d20   0x000000f0   Code   RO         5798    .text               c_w.l(stdio.o)
    0x08000e10   0x08000e10   0x0000000a   Code   RO         5800    .text               c_w.l(defsig_exit.o)
    0x08000e1a   0x08000e1a   0x00000002   PAD
    0x08000e1c   0x08000e1c   0x00000034   Code   RO         5802    .text               c_w.l(defsig_rtred_inner.o)
    0x08000e50   0x08000e50   0x0000000c   Code   RO         5808    .text               c_w.l(sys_exit.o)
    0x08000e5c   0x08000e5c   0x0000000e   Code   RO         5819    .text               c_w.l(h1_init.o)
    0x08000e6a   0x08000e6a   0x00000034   Code   RO         5821    .text               c_w.l(h1_extend.o)
    0x08000e9e   0x08000e9e   0x00000042   Code   RO         5827    .text               c_w.l(ftell.o)
    0x08000ee0   0x08000ee0   0x00000032   Code   RO         5831    .text               c_w.l(defsig_general.o)
    0x08000f12   0x08000f12   0x0000000e   Code   RO         5833    .text               c_w.l(defsig_rtmem_outer.o)
    0x08000f20   0x08000f20   0x0000000e   Code   RO         5846    .text               c_w.l(sys_wrch.o)
    0x08000f2e   0x08000f2e   0x00000002   PAD
    0x08000f30   0x08000f30   0x00000008   Code   RO         5853    .text               c_w.l(rt_errno_addr_intlibspace.o)
    0x08000f38   0x08000f38   0x00000050   Code   RO         5859    .text               c_w.l(defsig_rtmem_inner.o)
    0x08000f88   0x08000f88   0x00000068   Code   RO         5277    i.ADC1_Init         adc.o
    0x08000ff0   0x08000ff0   0x00000056   Code   RO          895    i.ADC_ConversionStop_Disable  stm32f1xx_hal_adc.o
    0x08001046   0x08001046   0x00000002   PAD
    0x08001048   0x08001048   0x0000007c   Code   RO          899    i.ADC_Enable        stm32f1xx_hal_adc.o
    0x080010c4   0x080010c4   0x00000002   Code   RO          248    i.BusFault_Handler  stm32f1xx_it.o
    0x080010c6   0x080010c6   0x00000002   Code   RO          249    i.DebugMon_Handler  stm32f1xx_it.o
    0x080010c8   0x080010c8   0x00000008   Code   RO          250    i.EXTI9_5_IRQHandler  stm32f1xx_it.o
    0x080010d0   0x080010d0   0x00000004   Code   RO            4    i.Error_Handler     main.o
    0x080010d4   0x080010d4   0x000000f0   Code   RO         5304    i.GPIO_Init         gpio.o
    0x080011c4   0x080011c4   0x000000fc   Code   RO          901    i.HAL_ADC_ConfigChannel  stm32f1xx_hal_adc.o
    0x080012c0   0x080012c0   0x00000006   Code   RO          908    i.HAL_ADC_GetValue  stm32f1xx_hal_adc.o
    0x080012c6   0x080012c6   0x00000002   PAD
    0x080012c8   0x080012c8   0x0000011c   Code   RO          910    i.HAL_ADC_Init      stm32f1xx_hal_adc.o
    0x080013e4   0x080013e4   0x00000058   Code   RO          325    i.HAL_ADC_MspInit   stm32f1xx_hal_msp.o
    0x0800143c   0x0800143c   0x0000013c   Code   RO          914    i.HAL_ADC_PollForConversion  stm32f1xx_hal_adc.o
    0x08001578   0x08001578   0x000000c0   Code   RO          916    i.HAL_ADC_Start     stm32f1xx_hal_adc.o
    0x08001638   0x08001638   0x00000034   Code   RO          919    i.HAL_ADC_Stop      stm32f1xx_hal_adc.o
    0x0800166c   0x0800166c   0x00000046   Code   RO         1552    i.HAL_DMA_Abort     stm32f1xx_hal_dma.o
    0x080016b2   0x080016b2   0x00000002   PAD
    0x080016b4   0x080016b4   0x00000098   Code   RO         1553    i.HAL_DMA_Abort_IT  stm32f1xx_hal_dma.o
    0x0800174c   0x0800174c   0x0000000c   Code   RO          780    i.HAL_GPIO_EXTI_Callback  sensors.o
    0x08001758   0x08001758   0x00000018   Code   RO         1487    i.HAL_GPIO_EXTI_IRQHandler  stm32f1xx_hal_gpio.o
    0x08001770   0x08001770   0x000001e0   Code   RO         1488    i.HAL_GPIO_Init     stm32f1xx_hal_gpio.o
    0x08001950   0x08001950   0x0000000a   Code   RO         1490    i.HAL_GPIO_ReadPin  stm32f1xx_hal_gpio.o
    0x0800195a   0x0800195a   0x0000000a   Code   RO         1492    i.HAL_GPIO_WritePin  stm32f1xx_hal_gpio.o
    0x08001964   0x08001964   0x0000000c   Code   RO         1182    i.HAL_GetTick       stm32f1xx_hal.o
    0x08001970   0x08001970   0x00000010   Code   RO         1188    i.HAL_IncTick       stm32f1xx_hal.o
    0x08001980   0x08001980   0x00000024   Code   RO         1189    i.HAL_Init          stm32f1xx_hal.o
    0x080019a4   0x080019a4   0x00000098   Code   RO          384    i.HAL_InitTick      stm32f1xx_hal_timebase_tim.o
    0x08001a3c   0x08001a3c   0x00000048   Code   RO          326    i.HAL_MspInit       stm32f1xx_hal_msp.o
    0x08001a84   0x08001a84   0x0000001a   Code   RO         1648    i.HAL_NVIC_EnableIRQ  stm32f1xx_hal_cortex.o
    0x08001a9e   0x08001a9e   0x00000002   PAD
    0x08001aa0   0x08001aa0   0x00000040   Code   RO         1654    i.HAL_NVIC_SetPriority  stm32f1xx_hal_cortex.o
    0x08001ae0   0x08001ae0   0x00000024   Code   RO         1655    i.HAL_NVIC_SetPriorityGrouping  stm32f1xx_hal_cortex.o
    0x08001b04   0x08001b04   0x000000a4   Code   RO         1449    i.HAL_RCCEx_GetPeriphCLKFreq  stm32f1xx_hal_rcc_ex.o
    0x08001ba8   0x08001ba8   0x000000ec   Code   RO         1450    i.HAL_RCCEx_PeriphCLKConfig  stm32f1xx_hal_rcc_ex.o
    0x08001c94   0x08001c94   0x0000012c   Code   RO         1346    i.HAL_RCC_ClockConfig  stm32f1xx_hal_rcc.o
    0x08001dc0   0x08001dc0   0x00000040   Code   RO         1350    i.HAL_RCC_GetClockConfig  stm32f1xx_hal_rcc.o
    0x08001e00   0x08001e00   0x00000020   Code   RO         1353    i.HAL_RCC_GetPCLK1Freq  stm32f1xx_hal_rcc.o
    0x08001e20   0x08001e20   0x00000020   Code   RO         1354    i.HAL_RCC_GetPCLK2Freq  stm32f1xx_hal_rcc.o
    0x08001e40   0x08001e40   0x0000004c   Code   RO         1355    i.HAL_RCC_GetSysClockFreq  stm32f1xx_hal_rcc.o
    0x08001e8c   0x08001e8c   0x00000320   Code   RO         1358    i.HAL_RCC_OscConfig  stm32f1xx_hal_rcc.o
    0x080021ac   0x080021ac   0x000000b2   Code   RO         2159    i.HAL_SPI_Init      stm32f1xx_hal_spi.o
    0x0800225e   0x0800225e   0x00000002   PAD
    0x08002260   0x08002260   0x0000005c   Code   RO          328    i.HAL_SPI_MspInit   stm32f1xx_hal_msp.o
    0x080022bc   0x080022bc   0x00000002   Code   RO         3176    i.HAL_TIMEx_BreakCallback  stm32f1xx_hal_tim_ex.o
    0x080022be   0x080022be   0x00000002   Code   RO         3177    i.HAL_TIMEx_CommutCallback  stm32f1xx_hal_tim_ex.o
    0x080022c0   0x080022c0   0x00000068   Code   RO         3195    i.HAL_TIMEx_MasterConfigSynchronization  stm32f1xx_hal_tim_ex.o
    0x08002328   0x08002328   0x0000005a   Code   RO         2472    i.HAL_TIM_Base_Init  stm32f1xx_hal_tim.o
    0x08002382   0x08002382   0x00000002   PAD
    0x08002384   0x08002384   0x00000028   Code   RO         5402    i.HAL_TIM_Base_MspInit  tim.o
    0x080023ac   0x080023ac   0x00000058   Code   RO         2477    i.HAL_TIM_Base_Start_IT  stm32f1xx_hal_tim.o
    0x08002404   0x08002404   0x000000dc   Code   RO         2481    i.HAL_TIM_ConfigClockSource  stm32f1xx_hal_tim.o
    0x080024e0   0x080024e0   0x00000002   Code   RO         2506    i.HAL_TIM_IC_CaptureCallback  stm32f1xx_hal_tim.o
    0x080024e2   0x080024e2   0x00000130   Code   RO         2520    i.HAL_TIM_IRQHandler  stm32f1xx_hal_tim.o
    0x08002612   0x08002612   0x00000002   Code   RO         2523    i.HAL_TIM_OC_DelayElapsedCallback  stm32f1xx_hal_tim.o
    0x08002614   0x08002614   0x00000002   Code   RO         2550    i.HAL_TIM_PWM_PulseFinishedCallback  stm32f1xx_hal_tim.o
    0x08002616   0x08002616   0x00000002   PAD
    0x08002618   0x08002618   0x00000014   Code   RO            5    i.HAL_TIM_PeriodElapsedCallback  main.o
    0x0800262c   0x0800262c   0x00000002   Code   RO         2563    i.HAL_TIM_TriggerCallback  stm32f1xx_hal_tim.o
    0x0800262e   0x0800262e   0x00000002   Code   RO         3455    i.HAL_UARTEx_RxEventCallback  stm32f1xx_hal_uart.o
    0x08002630   0x08002630   0x00000002   Code   RO         3469    i.HAL_UART_ErrorCallback  stm32f1xx_hal_uart.o
    0x08002632   0x08002632   0x00000002   PAD
    0x08002634   0x08002634   0x0000026c   Code   RO         3472    i.HAL_UART_IRQHandler  stm32f1xx_hal_uart.o
    0x080028a0   0x080028a0   0x00000064   Code   RO         3473    i.HAL_UART_Init     stm32f1xx_hal_uart.o
    0x08002904   0x08002904   0x000000cc   Code   RO          330    i.HAL_UART_MspInit  stm32f1xx_hal_msp.o
    0x080029d0   0x080029d0   0x0000001c   Code   RO         3478    i.HAL_UART_Receive_IT  stm32f1xx_hal_uart.o
    0x080029ec   0x080029ec   0x0000002c   Code   RO         5361    i.HAL_UART_RxCpltCallback  usart.o
    0x08002a18   0x08002a18   0x000000a0   Code   RO         3481    i.HAL_UART_Transmit  stm32f1xx_hal_uart.o
    0x08002ab8   0x08002ab8   0x00000002   Code   RO         3484    i.HAL_UART_TxCpltCallback  stm32f1xx_hal_uart.o
    0x08002aba   0x08002aba   0x00000002   Code   RO          251    i.HardFault_Handler  stm32f1xx_it.o
    0x08002abc   0x08002abc   0x00000002   Code   RO          252    i.MemManage_Handler  stm32f1xx_it.o
    0x08002abe   0x08002abe   0x00000002   Code   RO          253    i.NMI_Handler       stm32f1xx_it.o
    0x08002ac0   0x08002ac0   0x0000004c   Code   RO         5328    i.SPI1_Init         spi.o
    0x08002b0c   0x08002b0c   0x00000008   Code   RO            6    i.StartDefaultTask  main.o
    0x08002b14   0x08002b14   0x0000002c   Code   RO         5198    i.SysTick_Handler   port.o
    0x08002b40   0x08002b40   0x00000078   Code   RO            7    i.SystemClock_Config  main.o
    0x08002bb8   0x08002bb8   0x00000002   Code   RO         3807    i.SystemInit        system_stm32f1xx.o
    0x08002bba   0x08002bba   0x00000002   PAD
    0x08002bbc   0x08002bbc   0x00000068   Code   RO         5403    i.TIM1_Init         tim.o
    0x08002c24   0x08002c24   0x0000000c   Code   RO          254    i.TIM4_IRQHandler   stm32f1xx_it.o
    0x08002c30   0x08002c30   0x00000078   Code   RO         2565    i.TIM_Base_SetConfig  stm32f1xx_hal_tim.o
    0x08002ca8   0x08002ca8   0x00000014   Code   RO         2576    i.TIM_ETR_SetConfig  stm32f1xx_hal_tim.o
    0x08002cbc   0x08002cbc   0x00000010   Code   RO         2577    i.TIM_ITRx_SetConfig  stm32f1xx_hal_tim.o
    0x08002ccc   0x08002ccc   0x00000022   Code   RO         2583    i.TIM_TI1_ConfigInputStage  stm32f1xx_hal_tim.o
    0x08002cee   0x08002cee   0x00000024   Code   RO         2585    i.TIM_TI2_ConfigInputStage  stm32f1xx_hal_tim.o
    0x08002d12   0x08002d12   0x00000010   Code   RO         3486    i.UART_DMAAbortOnError  stm32f1xx_hal_uart.o
    0x08002d22   0x08002d22   0x0000004e   Code   RO         3496    i.UART_EndRxTransfer  stm32f1xx_hal_uart.o
    0x08002d70   0x08002d70   0x000000c2   Code   RO         3498    i.UART_Receive_IT   stm32f1xx_hal_uart.o
    0x08002e32   0x08002e32   0x00000002   PAD
    0x08002e34   0x08002e34   0x000000b8   Code   RO         3499    i.UART_SetConfig    stm32f1xx_hal_uart.o
    0x08002eec   0x08002eec   0x00000036   Code   RO         3501    i.UART_Start_Receive_IT  stm32f1xx_hal_uart.o
    0x08002f22   0x08002f22   0x00000072   Code   RO         3502    i.UART_WaitOnFlagUntilTimeout  stm32f1xx_hal_uart.o
    0x08002f94   0x08002f94   0x00000038   Code   RO         5362    i.USART1_UART_Init  usart.o
    0x08002fcc   0x08002fcc   0x0000000c   Code   RO          255    i.USART2_IRQHandler  stm32f1xx_it.o
    0x08002fd8   0x08002fd8   0x00000038   Code   RO         5363    i.USART2_UART_Init  usart.o
    0x08003010   0x08003010   0x00000002   Code   RO          256    i.UsageFault_Handler  stm32f1xx_it.o
    0x08003012   0x08003012   0x00000020   Code   RO         1661    i.__NVIC_SetPriority  stm32f1xx_hal_cortex.o
    0x08003032   0x08003032   0x00000032   Code   RO          781    i.adc_alg_handle    sensors.o
    0x08003064   0x08003064   0x00000258   Code   RO          669    i.ble_data_process  ble.o
    0x080032bc   0x080032bc   0x0000005c   Code   RO          670    i.ble_task          ble.o
    0x08003318   0x08003318   0x0000000c   Code   RO          463    i.btnRead           button.o
    0x08003324   0x08003324   0x000000b4   Code   RO          464    i.button_scan       button.o
    0x080033d8   0x080033d8   0x00000030   Code   RO          465    i.button_task       button.o
    0x08003408   0x08003408   0x00000058   Code   RO          575    i.conti_move        motor.o
    0x08003460   0x08003460   0x00000018   Code   RO            8    i.fputc             main.o
    0x08003478   0x08003478   0x00000008   Code   RO          527    i.get_device_state  device.o
    0x08003480   0x08003480   0x0000006c   Code   RO          782    i.get_sensors_data  sensors.o
    0x080034ec   0x080034ec   0x0000000c   Code   RO         4773    i.inHandlerMode     cmsis_os.o
    0x080034f8   0x080034f8   0x000001a0   Code   RO          671    i.init_ble          ble.o
    0x08003698   0x08003698   0x00000024   Code   RO          466    i.key_click_handle  button.o
    0x080036bc   0x080036bc   0x0000001c   Code   RO          467    i.key_long_click_free_handle  button.o
    0x080036d8   0x080036d8   0x00000048   Code   RO          468    i.key_long_click_handle  button.o
    0x08003720   0x08003720   0x00000074   Code   RO            9    i.main              main.o
    0x08003794   0x08003794   0x0000000c   Code   RO         4775    i.makeFreeRtosPriority  cmsis_os.o
    0x080037a0   0x080037a0   0x00000030   Code   RO          579    i.motor_start       motor.o
    0x080037d0   0x080037d0   0x0000003c   Code   RO          580    i.motor_stop        motor.o
    0x0800380c   0x0800380c   0x00000010   Code   RO          581    i.motor_write       motor.o
    0x0800381c   0x0800381c   0x0000000e   Code   RO         4777    i.osDelay           cmsis_os.o
    0x0800382a   0x0800382a   0x0000000a   Code   RO         4780    i.osKernelStart     cmsis_os.o
    0x08003834   0x08003834   0x00000054   Code   RO         4814    i.osThreadCreate    cmsis_os.o
    0x08003888   0x08003888   0x00000040   Code   RO         4825    i.osTimerCreate     cmsis_os.o
    0x080038c8   0x080038c8   0x0000005c   Code   RO         4827    i.osTimerStart      cmsis_os.o
    0x08003924   0x08003924   0x00000058   Code   RO         4828    i.osTimerStop       cmsis_os.o
    0x0800397c   0x0800397c   0x00000070   Code   RO         4315    i.prvAddCurrentTaskToDelayedList  tasks.o
    0x080039ec   0x080039ec   0x000000d0   Code   RO         4316    i.prvAddNewTaskToReadyList  tasks.o
    0x08003abc   0x08003abc   0x00000058   Code   RO         4629    i.prvCheckForValidListAndQueue  timers.o
    0x08003b14   0x08003b14   0x00000026   Code   RO         3985    i.prvCopyDataFromQueue  queue.o
    0x08003b3a   0x08003b3a   0x0000006c   Code   RO         3986    i.prvCopyDataToQueue  queue.o
    0x08003ba6   0x08003ba6   0x00000034   Code   RO         4317    i.prvDeleteTCB      tasks.o
    0x08003bda   0x08003bda   0x00000002   PAD
    0x08003bdc   0x08003bdc   0x0000004c   Code   RO         5142    i.prvHeapInit       heap_4.o
    0x08003c28   0x08003c28   0x00000060   Code   RO         4318    i.prvIdleTask       tasks.o
    0x08003c88   0x08003c88   0x00000016   Code   RO         3988    i.prvInitialiseNewQueue  queue.o
    0x08003c9e   0x08003c9e   0x00000098   Code   RO         4319    i.prvInitialiseNewTask  tasks.o
    0x08003d36   0x08003d36   0x0000004e   Code   RO         4630    i.prvInitialiseNewTimer  timers.o
    0x08003d84   0x08003d84   0x0000004c   Code   RO         5143    i.prvInsertBlockIntoFreeList  heap_4.o
    0x08003dd0   0x08003dd0   0x00000038   Code   RO         4631    i.prvInsertTimerInActiveList  timers.o
    0x08003e08   0x08003e08   0x0000001c   Code   RO         3989    i.prvIsQueueEmpty   queue.o
    0x08003e24   0x08003e24   0x000000f0   Code   RO         4632    i.prvProcessReceivedCommands  timers.o
    0x08003f14   0x08003f14   0x000000c0   Code   RO         4633    i.prvProcessTimerOrBlockTask  timers.o
    0x08003fd4   0x08003fd4   0x00000020   Code   RO         4320    i.prvResetNextTaskUnblockTime  tasks.o
    0x08003ff4   0x08003ff4   0x00000028   Code   RO         4634    i.prvSampleTimeNow  timers.o
    0x0800401c   0x0800401c   0x0000006c   Code   RO         4635    i.prvSwitchTimerLists  timers.o
    0x08004088   0x08004088   0x00000028   Code   RO         5199    i.prvTaskExitError  port.o
    0x080040b0   0x080040b0   0x00000024   Code   RO         4636    i.prvTimerTask      timers.o
    0x080040d4   0x080040d4   0x0000006a   Code   RO         3990    i.prvUnlockQueue    queue.o
    0x0800413e   0x0800413e   0x00000002   PAD
    0x08004140   0x08004140   0x000000dc   Code   RO         5144    i.pvPortMalloc      heap_4.o
    0x0800421c   0x0800421c   0x00000024   Code   RO         5200    i.pxPortInitialiseStack  port.o
    0x08004240   0x08004240   0x0000004c   Code   RO          783    i.read_bat          sensors.o
    0x0800428c   0x0800428c   0x0000000e   Code   RO          784    i.read_sensors      sensors.o
    0x0800429a   0x0800429a   0x00000002   PAD
    0x0800429c   0x0800429c   0x00000074   Code   RO          528    i.report_task       device.o
    0x08004310   0x08004310   0x0000000c   Code   RO          529    i.set_device_paper_status  device.o
    0x0800431c   0x0800431c   0x0000002c   Code   RO          720    i.set_heat_density  printer.o
    0x08004348   0x08004348   0x0000000c   Code   RO          530    i.set_read_ble_finish  device.o
    0x08004354   0x08004354   0x0000006c   Code   RO          645    i.start_tasks       my_task.o
    0x080043c0   0x080043c0   0x00000026   Code   RO         3945    i.uxListRemove      list.o
    0x080043e6   0x080043e6   0x00000002   PAD
    0x080043e8   0x080043e8   0x00000014   Code   RO          208    i.vApplicationGetIdleTaskMemory  freertos.o
    0x080043fc   0x080043fc   0x00000018   Code   RO          209    i.vApplicationGetTimerTaskMemory  freertos.o
    0x08004414   0x08004414   0x00000016   Code   RO         3946    i.vListInitialise   list.o
    0x0800442a   0x0800442a   0x00000006   Code   RO         3947    i.vListInitialiseItem  list.o
    0x08004430   0x08004430   0x00000030   Code   RO         3948    i.vListInsert       list.o
    0x08004460   0x08004460   0x00000018   Code   RO         3949    i.vListInsertEnd    list.o
    0x08004478   0x08004478   0x00000040   Code   RO         5202    i.vPortEnterCritical  port.o
    0x080044b8   0x080044b8   0x00000028   Code   RO         5203    i.vPortExitCritical  port.o
    0x080044e0   0x080044e0   0x00000064   Code   RO         5145    i.vPortFree         heap_4.o
    0x08004544   0x08004544   0x00000024   Code   RO         5204    i.vPortSetupTimerInterrupt  port.o
    0x08004568   0x08004568   0x00000054   Code   RO         5205    i.vPortValidateInterruptPriority  port.o
    0x080045bc   0x080045bc   0x00000028   Code   RO         3994    i.vQueueAddToRegistry  queue.o
    0x080045e4   0x080045e4   0x00000044   Code   RO         3997    i.vQueueWaitForMessageRestricted  queue.o
    0x08004628   0x08004628   0x0000004c   Code   RO         4329    i.vTaskDelay        tasks.o
    0x08004674   0x08004674   0x00000010   Code   RO         4332    i.vTaskInternalSetTimeOutState  tasks.o
    0x08004684   0x08004684   0x0000000c   Code   RO         4333    i.vTaskMissedYield  tasks.o
    0x08004690   0x08004690   0x00000030   Code   RO         4335    i.vTaskPlaceOnEventList  tasks.o
    0x080046c0   0x080046c0   0x00000038   Code   RO         4336    i.vTaskPlaceOnEventListRestricted  tasks.o
    0x080046f8   0x080046f8   0x00000088   Code   RO         4343    i.vTaskStartScheduler  tasks.o
    0x08004780   0x08004780   0x00000010   Code   RO         4345    i.vTaskSuspendAll   tasks.o
    0x08004790   0x08004790   0x0000005c   Code   RO         4346    i.vTaskSwitchContext  tasks.o
    0x080047ec   0x080047ec   0x000000a8   Code   RO         5206    i.xPortStartScheduler  port.o
    0x08004894   0x08004894   0x00000066   Code   RO         4001    i.xQueueGenericCreateStatic  queue.o
    0x080048fa   0x080048fa   0x00000002   PAD
    0x080048fc   0x080048fc   0x00000088   Code   RO         4002    i.xQueueGenericReset  queue.o
    0x08004984   0x08004984   0x00000160   Code   RO         4003    i.xQueueGenericSend  queue.o
    0x08004ae4   0x08004ae4   0x000000be   Code   RO         4004    i.xQueueGenericSendFromISR  queue.o
    0x08004ba2   0x08004ba2   0x00000002   PAD
    0x08004ba4   0x08004ba4   0x00000138   Code   RO         4010    i.xQueueReceive     queue.o
    0x08004cdc   0x08004cdc   0x00000074   Code   RO         4348    i.xTaskCheckForTimeOut  tasks.o
    0x08004d50   0x08004d50   0x0000005a   Code   RO         4349    i.xTaskCreate       tasks.o
    0x08004daa   0x08004daa   0x00000056   Code   RO         4350    i.xTaskCreateStatic  tasks.o
    0x08004e00   0x08004e00   0x0000001c   Code   RO         4354    i.xTaskGetSchedulerState  tasks.o
    0x08004e1c   0x08004e1c   0x0000000c   Code   RO         4355    i.xTaskGetTickCount  tasks.o
    0x08004e28   0x08004e28   0x000000cc   Code   RO         4357    i.xTaskIncrementTick  tasks.o
    0x08004ef4   0x08004ef4   0x00000098   Code   RO         4360    i.xTaskPriorityDisinherit  tasks.o
    0x08004f8c   0x08004f8c   0x00000074   Code   RO         4362    i.xTaskRemoveFromEventList  tasks.o
    0x08005000   0x08005000   0x000000c4   Code   RO         4363    i.xTaskResumeAll    tasks.o
    0x080050c4   0x080050c4   0x00000034   Code   RO         4641    i.xTimerCreate      timers.o
    0x080050f8   0x080050f8   0x0000002e   Code   RO         4642    i.xTimerCreateStatic  timers.o
    0x08005126   0x08005126   0x00000002   PAD
    0x08005128   0x08005128   0x00000060   Code   RO         4643    i.xTimerCreateTimerTask  timers.o
    0x08005188   0x08005188   0x00000060   Code   RO         4644    i.xTimerGenericCommand  timers.o
    0x080051e8   0x080051e8   0x0000000c   Code   RO         5568    x$fpl$fcheck1       fz_ws.l(fcheck1.o)
    0x080051f4   0x080051f4   0x0000003e   Code   RO         5534    x$fpl$ffixu         fz_ws.l(ffixu.o)
    0x08005232   0x08005232   0x00000002   PAD
    0x08005234   0x08005234   0x00000026   Code   RO         5538    x$fpl$ffltu         fz_ws.l(fflt_clz.o)
    0x0800525a   0x0800525a   0x00000002   PAD
    0x0800525c   0x0800525c   0x00000102   Code   RO         5546    x$fpl$fmul          fz_ws.l(fmul.o)
    0x0800535e   0x0800535e   0x0000008c   Code   RO         5572    x$fpl$fnaninf       fz_ws.l(fnaninf.o)
    0x080053ea   0x080053ea   0x0000000a   Code   RO         5574    x$fpl$fretinf       fz_ws.l(fretinf.o)
    0x080053f4   0x080053f4   0x00000064   Code   RO         5602    x$fpl$retnan        fz_ws.l(retnan.o)
    0x08005458   0x08005458   0x0000004c   Code   RO         5548    x$fpl$scalbnf       fz_ws.l(scalbnf.o)
    0x080054a4   0x080054a4   0x00000030   Code   RO         5757    x$fpl$trapveneer    fz_ws.l(trapv.o)
    0x080054d4   0x080054d4   0x00000000   Code   RO         5576    x$fpl$usenofp       fz_ws.l(usenofp.o)
    0x080054d4   0x080054d4   0x0000001c   Data   RO           10    .constdata          main.o
    0x080054f0   0x080054f0   0x00000008   Data   RO          582    .constdata          motor.o
    0x080054f8   0x080054f8   0x00000012   Data   RO         1359    .constdata          stm32f1xx_hal_rcc.o
    0x0800550a   0x0800550a   0x00000012   Data   RO         1451    .constdata          stm32f1xx_hal_rcc_ex.o
    0x0800551c   0x0800551c   0x00000010   Data   RO         3808    .constdata          system_stm32f1xx.o
    0x0800552c   0x0800552c   0x00000008   Data   RO         3809    .constdata          system_stm32f1xx.o
    0x08005534   0x08005534   0x00000028   Data   RO         5458    .constdata          c_w.l(_printf_hex_int.o)
    0x0800555c   0x0800555c   0x00000004   Data   RO         5605    .constdata          c_w.l(sys_io.o)
    0x08005560   0x08005560   0x00000004   Data   RO         5606    .constdata          c_w.l(sys_io.o)
    0x08005564   0x08005564   0x00000004   Data   RO         5607    .constdata          c_w.l(sys_io.o)
    0x08005568   0x08005568   0x0000000c   Data   RO           11    .conststring        main.o
    0x08005574   0x08005574   0x00000038   Data   RO          673    .conststring        ble.o
    0x080055ac   0x080055ac   0x00000020   Data   RO         5884    Region$$Table       anon$$obj.o


    Execution Region RW_IRAM1 (Exec base: 0x20000000, Load base: 0x080055cc, Size: 0x00001f00, Max: 0x00005000, ABSOLUTE)

    Exec Addr    Load Addr    Size         Type   Attr      Idx    E Section Name        Object

    0x20000000   0x080055cc   0x00000004   Data   RW           12    .data               main.o
    0x20000004   0x080055d0   0x00000008   Data   RW          469    .data               button.o
    0x2000000c   0x080055d8   0x00000005   Data   RW          531    .data               device.o
    0x20000011   0x080055dd   0x00000003   PAD
    0x20000014   0x080055e0   0x00000028   Data   RW          583    .data               motor.o
    0x2000003c   0x08005608   0x00000018   Data   RW          674    .data               ble.o
    0x20000054   0x08005620   0x0000000e   Data   RW          723    .data               printer.o
    0x20000062   0x0800562e   0x00000002   PAD
    0x20000064   0x08005630   0x00000008   Data   RW          788    .data               sensors.o
    0x2000006c   0x08005638   0x00000004   Data   RW          833    .data               print_queue.o
    0x20000070   0x0800563c   0x0000000c   Data   RW         1196    .data               stm32f1xx_hal.o
    0x2000007c   0x08005648   0x00000004   Data   RW         3810    .data               system_stm32f1xx.o
    0x20000080   0x0800564c   0x0000003c   Data   RW         4366    .data               tasks.o
    0x200000bc   0x08005688   0x00000014   Data   RW         4650    .data               timers.o
    0x200000d0   0x0800569c   0x00000020   Data   RW         5151    .data               heap_4.o
    0x200000f0   0x080056bc   0x0000000c   Data   RW         5207    .data               port.o
    0x200000fc   0x080056c8   0x00000001   Data   RW         5365    .data               usart.o
    0x200000fd   0x080056c9   0x00000003   PAD
    0x20000100   0x080056cc   0x00000004   Data   RW         5561    .data               c_w.l(stdio_streams.o)
    0x20000104   0x080056d0   0x00000004   Data   RW         5562    .data               c_w.l(stdio_streams.o)
    0x20000108   0x080056d4   0x00000004   Data   RW         5563    .data               c_w.l(stdio_streams.o)
    0x2000010c        -       0x000006a8   Zero   RW          210    .bss                freertos.o
    0x200007b4        -       0x00000048   Zero   RW          387    .bss                stm32f1xx_hal_timebase_tim.o
    0x200007fc        -       0x00000030   Zero   RW          672    .bss                ble.o
    0x2000082c        -       0x00000040   Zero   RW         4013    .bss                queue.o
    0x2000086c        -       0x000000f0   Zero   RW         4365    .bss                tasks.o
    0x2000095c        -       0x000000e8   Zero   RW         4649    .bss                timers.o
    0x20000a44        -       0x00000c00   Zero   RW         5150    .bss                heap_4.o
    0x20001644        -       0x00000030   Zero   RW         5278    .bss                adc.o
    0x20001674        -       0x00000058   Zero   RW         5330    .bss                spi.o
    0x200016cc        -       0x00000090   Zero   RW         5364    .bss                usart.o
    0x2000175c        -       0x00000048   Zero   RW         5404    .bss                tim.o
    0x200017a4        -       0x00000054   Zero   RW         5558    .bss                c_w.l(stdio_streams.o)
    0x200017f8        -       0x00000054   Zero   RW         5559    .bss                c_w.l(stdio_streams.o)
    0x2000184c        -       0x00000054   Zero   RW         5560    .bss                c_w.l(stdio_streams.o)
    0x200018a0        -       0x00000060   Zero   RW         5760    .bss                c_w.l(libspace.o)
    0x20001900        -       0x00000200   Zero   RW          421    HEAP                startup_stm32f103xb.o
    0x20001b00        -       0x00000400   Zero   RW          420    STACK               startup_stm32f103xb.o


==============================================================================

Image component sizes


      Code (inc. data)   RO Data    RW Data    ZI Data      Debug   Object Name

       104         10          0          0         48        748   adc.o
      1108        506         56         24         48       3378   ble.o
       376        136          0          8          0       4795   button.o
       376         14          0          0          0      29754   cmsis_os.o
       148         46          0          5          0       2957   device.o
         0          0          0          0          0      20128   event_groups.o
        44         10          0          0       1704       1933   freertos.o
       240         18          0          0          0        968   gpio.o
       472         24          0         32       3072       4783   heap_4.o
       138          0          0          0          0       3402   list.o
       292         44         40          4          0     484670   main.o
       212         22          8         40          0       2848   motor.o
       108         48          0          0          0        458   my_task.o
       662         70          0         12          0      11105   port.o
         0          0          0          4          0        234   print_queue.o
        44         26          0         14          0       1745   printer.o
      1502         20          0          0         64      17000   queue.o
       260         20          0          8          0       4015   sensors.o
        76         10          0          0         88        712   spi.o
        64         26        236          0       1536        776   startup_stm32f103xb.o
        64         14          0         12          0       4654   stm32f1xx_hal.o
      1312         54          0          0          0       7263   stm32f1xx_hal_adc.o
       158         14          0          0          0      28198   stm32f1xx_hal_cortex.o
       222          4          0          0          0       1783   stm32f1xx_hal_dma.o
       524         40          0          0          0       4134   stm32f1xx_hal_gpio.o
       456         54          0          0          0       3073   stm32f1xx_hal_msp.o
      1304         94         18          0          0       5761   stm32f1xx_hal_rcc.o
       400         28         18          0          0       2477   stm32f1xx_hal_rcc_ex.o
       178          0          0          0          0       1167   stm32f1xx_hal_spi.o
       936         24          0          0          0       9917   stm32f1xx_hal_tim.o
       108         12          0          0          0       2417   stm32f1xx_hal_tim_ex.o
       152         20          0          0         72       1487   stm32f1xx_hal_timebase_tim.o
      1554         10          0          0          0      11012   stm32f1xx_hal_uart.o
        44         12          0          0          0       3904   stm32f1xx_it.o
         0          0          0          0          0        384   stream_buffer.o
         2          0         24          4          0       1131   system_stm32f1xx.o
      2104        160          0         60        240      26084   tasks.o
       144         18          0          0         72       1627   tim.o
      1128         80          0         20        232      32871   timers.o
       156         24          0          1        144       2189   usart.o

    ----------------------------------------------------------------------
     17208       1712        432        256       7320     747942   Object Totals
         0          0         32          0          0          0   (incl. Generated)
        36          0          0          8          0          0   (incl. Padding)

    ----------------------------------------------------------------------

      Code (inc. data)   RO Data    RW Data    ZI Data      Debug   Library Member Name

         8          0          0          0          0         68   __main.o
       104          0          0          0          0         84   __printf.o
         0          0          0          0          0          0   __rtentry.o
        12          0          0          0          0          0   __rtentry2.o
         6          0          0          0          0          0   __rtentry4.o
        52          8          0          0          0          0   __scatter.o
        26          0          0          0          0          0   __scatter_copy.o
        28          0          0          0          0          0   __scatter_zi.o
        44          0          0          0          0        108   _printf_char.o
        48          6          0          0          0         96   _printf_char_common.o
        36          4          0          0          0         80   _printf_char_file.o
         6          0          0          0          0          0   _printf_d.o
       120         16          0          0          0         92   _printf_dec.o
        88          4         40          0          0         88   _printf_hex_int.o
       178          0          0          0          0         88   _printf_intcommon.o
         0          0          0          0          0          0   _printf_percent.o
         4          0          0          0          0          0   _printf_percent_end.o
         6          0          0          0          0          0   _printf_s.o
        82          0          0          0          0         80   _printf_str.o
         6          0          0          0          0          0   _printf_u.o
         6          0          0          0          0          0   _printf_x.o
        10          0          0          0          0         68   defsig_exit.o
        50          0          0          0          0         88   defsig_general.o
        80         58          0          0          0         76   defsig_rtmem_inner.o
        14          0          0          0          0         80   defsig_rtmem_outer.o
        52         38          0          0          0         76   defsig_rtred_inner.o
        14          0          0          0          0         80   defsig_rtred_outer.o
        18          0          0          0          0         80   exit.o
        76          0          0          0          0         88   fclose.o
         8          0          0          0          0         68   ferror.o
       236          4          0          0          0        128   fopen.o
       248          6          0          0          0         84   fseek.o
        66          0          0          0          0         76   ftell.o
        94          0          0          0          0         80   h1_alloc.o
        52          0          0          0          0         68   h1_extend.o
        78          0          0          0          0         80   h1_free.o
        14          0          0          0          0         84   h1_init.o
         6          0          0          0          0        152   heapauxi.o
         4          0          0          0          0        136   hguard.o
         0          0          0          0          0          0   indicate_semi.o
       138          0          0          0          0        168   init_alloc.o
       312         46          0          0          0        112   initio.o
         2          0          0          0          0          0   libinit.o
        14          0          0          0          0          0   libinit2.o
         2          0          0          0          0          0   libshutdown.o
         6          0          0          0          0          0   libshutdown2.o
         8          4          0          0         96         68   libspace.o
         0          0          0          0          0          0   maybetermalloc1.o
        24          4          0          0          0         84   noretval__2printf.o
         8          4          0          0          0         68   rt_errno_addr_intlibspace.o
         8          4          0          0          0         68   rt_heap_descriptor_intlibspace.o
        68          0          0          0          0         68   rt_memclr.o
        78          0          0          0          0         80   rt_memclr_w.o
       138          0          0          0          0         68   rt_memcpy_v6.o
       100          0          0          0          0         80   rt_memcpy_w.o
         2          0          0          0          0          0   rtexit.o
        10          0          0          0          0          0   rtexit2.o
        70          0          0          0          0         80   setvbuf.o
       240          6          0          0          0        156   stdio.o
         0          0          0         12        252          0   stdio_streams.o
        62          0          0          0          0         76   strlen.o
        36          0          0          0          0         80   strstr.o
        12          4          0          0          0         68   sys_exit.o
       102          0         12          0          0        240   sys_io.o
        74          0          0          0          0         80   sys_stackheap_outer.o
        14          0          0          0          0         76   sys_wrch.o
         2          0          0          0          0         68   use_no_semi.o
        12          4          0          0          0         68   fcheck1.o
        62          4          0          0          0         84   ffixu.o
        38          0          0          0          0         68   fflt_clz.o
       258          4          0          0          0         84   fmul.o
       140          4          0          0          0         84   fnaninf.o
        10          0          0          0          0         68   fretinf.o
       100          0          0          0          0         68   retnan.o
        76          0          0          0          0         68   scalbnf.o
        48          0          0          0          0         68   trapv.o
         0          0          0          0          0          0   usenofp.o

    ----------------------------------------------------------------------
      4272        232         52         12        348       4824   Library Totals
        18          0          0          0          0          0   (incl. Padding)

    ----------------------------------------------------------------------

      Code (inc. data)   RO Data    RW Data    ZI Data      Debug   Library Name

      3510        216         52         12        348       4164   c_w.l
       744         16          0          0          0        660   fz_ws.l

    ----------------------------------------------------------------------
      4272        232         52         12        348       4824   Library Totals

    ----------------------------------------------------------------------

==============================================================================


      Code (inc. data)   RO Data    RW Data    ZI Data      Debug   

     21480       1944        484        268       7668     740646   Grand Totals
     21480       1944        484        268       7668     740646   ELF Image Totals
     21480       1944        484        268          0          0   ROM Totals

==============================================================================

    Total RO  Size (Code + RO Data)                21964 (  21.45kB)
    Total RW  Size (RW Data + ZI Data)              7936 (   7.75kB)
    Total ROM Size (Code + RO Data + RW Data)      22232 (  21.71kB)

==============================================================================

